[    0.000000] Initializing cgroup subsys cpuset
[    0.000000] Initializing cgroup subsys cpu
[    0.000000] Initializing cgroup subsys cpuacct
[    0.000000] Linux version 4.4.0-190-generic (buildd@lcy01-amd64-026) (gcc version 5.4.0 20160609 (Ubuntu 5.4.0-6ubuntu1~16.04.12) ) #220-Ubuntu SMP Fri Aug 28 23:02:15 UTC 2020 (Ubuntu 4.4.0-190.220-generic 4.4.233)
[    0.000000] Command line: BOOT_IMAGE=/boot/vmlinuz-4.4.0-190-generic root=UUID=e8c36fc6-4c06-466e-87c7-f7e1835398e0 ro console=tty1 console=ttyS0
[    0.000000] KERNEL supported cpus:
[    0.000000]   Intel GenuineIntel
[    0.000000]   AMD AuthenticAMD
[    0.000000]   Centaur CentaurHauls
[    0.000000] [Firmware Bug]: TSC doesn't count with P0 frequency!
[    0.000000] x86/fpu: xstate_offset[2]:  576, xstate_sizes[2]:  256
[    0.000000] x86/fpu: Supporting XSAVE feature 0x01: 'x87 floating point registers'
[    0.000000] x86/fpu: Supporting XSAVE feature 0x02: 'SSE registers'
[    0.000000] x86/fpu: Supporting XSAVE feature 0x04: 'AVX registers'
[    0.000000] x86/fpu: Enabled xstate features 0x7, context size is 832 bytes, using 'standard' format.
[    0.000000] e820: BIOS-provided physical RAM map:
[    0.000000] BIOS-e820: [mem 0x0000000000000000-0x000000000009fbff] usable
[    0.000000] BIOS-e820: [mem 0x000000000009fc00-0x000000000009ffff] reserved
[    0.000000] BIOS-e820: [mem 0x00000000000f0000-0x00000000000fffff] reserved
[    0.000000] BIOS-e820: [mem 0x0000000000100000-0x000000003ffeffff] usable
[    0.000000] BIOS-e820: [mem 0x000000003fff0000-0x000000003fffffff] ACPI data
[    0.000000] BIOS-e820: [mem 0x00000000fec00000-0x00000000fec00fff] reserved
[    0.000000] BIOS-e820: [mem 0x00000000fee00000-0x00000000fee00fff] reserved
[    0.000000] BIOS-e820: [mem 0x00000000fffc0000-0x00000000ffffffff] reserved
[    0.000000] NX (Execute Disable) protection: active
[    0.000000] SMBIOS 2.5 present.
[    0.000000] Hypervisor detected: KVM
[    0.000000] Kernel/User page tables isolation: disabled
[    0.000000] e820: last_pfn = 0x3fff0 max_arch_pfn = 0x400000000
[    0.000000] MTRR: Disabled
[    0.000000] x86/PAT: MTRRs disabled, skipping PAT initialization too.
[    0.000000] CPU MTRRs all blank - virtualized system.
[    0.000000] x86/PAT: Configuration [0-7]: WB  WT  UC- UC  WB  WT  UC- UC  
[    0.000000] found SMP MP-table at [mem 0x0009fff0-0x0009ffff] mapped at [ffff88000009fff0]
[    0.000000] Scanning 1 areas for low memory corruption
[    0.000000] RAMDISK: [mem 0x361c4000-0x370d9fff]
[    0.000000] ACPI: Early table checksum verification disabled
[    0.000000] ACPI: RSDP 0x00000000000E0000 000024 (v02 VBOX  )
[    0.000000] ACPI: XSDT 0x000000003FFF0030 00003C (v01 VBOX   VBOXXSDT 00000001 ASL  00000061)
[    0.000000] ACPI: FACP 0x000000003FFF00F0 0000F4 (v04 VBOX   VBOXFACP 00000001 ASL  00000061)
[    0.000000] ACPI: DSDT 0x000000003FFF0470 002325 (v02 VBOX   VBOXBIOS 00000002 INTL 20100528)
[    0.000000] ACPI: FACS 0x000000003FFF0200 000040
[    0.000000] ACPI: FACS 0x000000003FFF0200 000040
[    0.000000] ACPI: APIC 0x000000003FFF0240 00005C (v02 VBOX   VBOXAPIC 00000001 ASL  00000061)
[    0.000000] ACPI: SSDT 0x000000003FFF02A0 0001CC (v01 VBOX   VBOXCPUT 00000002 INTL 20100528)
[    0.000000] No NUMA configuration found
[    0.000000] Faking a node at [mem 0x0000000000000000-0x000000003ffeffff]
[    0.000000] NODE_DATA(0) allocated [mem 0x3ffeb000-0x3ffeffff]
[    0.000000] kvm-clock: Using msrs 4b564d01 and 4b564d00
[    0.000000] kvm-clock: cpu 0, msr 0:3ffe3001, primary cpu clock
[    0.000000] kvm-clock: using sched offset of 3852639363 cycles
[    0.000000] clocksource: kvm-clock: mask: 0xffffffffffffffff max_cycles: 0x1cd42e4dffb, max_idle_ns: 881590591483 ns
[    0.000000] Zone ranges:
[    0.000000]   DMA      [mem 0x0000000000001000-0x0000000000ffffff]
[    0.000000]   DMA32    [mem 0x0000000001000000-0x000000003ffeffff]
[    0.000000]   Normal   empty
[    0.000000]   Device   empty
[    0.000000] Movable zone start for each node
[    0.000000] Early memory node ranges
[    0.000000]   node   0: [mem 0x0000000000001000-0x000000000009efff]
[    0.000000]   node   0: [mem 0x0000000000100000-0x000000003ffeffff]
[    0.000000] Initmem setup node 0 [mem 0x0000000000001000-0x000000003ffeffff]
[    0.000000] ACPI: PM-Timer IO Port: 0x4008
[    0.000000] IOAPIC[0]: apic_id 2, version 32, address 0xfec00000, GSI 0-23
[    0.000000] ACPI: INT_SRC_OVR (bus 0 bus_irq 0 global_irq 2 dfl dfl)
[    0.000000] ACPI: INT_SRC_OVR (bus 0 bus_irq 9 global_irq 9 low level)
[    0.000000] Using ACPI (MADT) for SMP configuration information
[    0.000000] smpboot: Allowing 2 CPUs, 0 hotplug CPUs
[    0.000000] PM: Registered nosave memory: [mem 0x00000000-0x00000fff]
[    0.000000] PM: Registered nosave memory: [mem 0x0009f000-0x0009ffff]
[    0.000000] PM: Registered nosave memory: [mem 0x000a0000-0x000effff]
[    0.000000] PM: Registered nosave memory: [mem 0x000f0000-0x000fffff]
[    0.000000] e820: [mem 0x40000000-0xfebfffff] available for PCI devices
[    0.000000] Booting paravirtualized kernel on KVM
[    0.000000] clocksource: refined-jiffies: mask: 0xffffffff max_cycles: 0xffffffff, max_idle_ns: 7645519600211568 ns
[    0.000000] setup_percpu: NR_CPUS:512 nr_cpumask_bits:512 nr_cpu_ids:2 nr_node_ids:1
[    0.000000] PERCPU: Embedded 33 pages/cpu @ffff88003fc00000 s95512 r8192 d31464 u1048576
[    0.000000] Built 1 zonelists in Node order, mobility grouping on.  Total pages: 257912
[    0.000000] Policy zone: DMA32
[    0.000000] Kernel command line: BOOT_IMAGE=/boot/vmlinuz-4.4.0-190-generic root=UUID=e8c36fc6-4c06-466e-87c7-f7e1835398e0 ro console=tty1 console=ttyS0
[    0.000000] PID hash table entries: 4096 (order: 3, 32768 bytes)
[    0.000000] Memory: 997096K/1048120K available (8636K kernel code, 1337K rwdata, 4040K rodata, 1492K init, 1296K bss, 51024K reserved, 0K cma-reserved)
[    0.000000] SLUB: HWalign=64, Order=0-3, MinObjects=0, CPUs=2, Nodes=1
[    0.000000] Hierarchical RCU implementation.
[    0.000000] 	Build-time adjustment of leaf fanout to 64.
[    0.000000] 	RCU restricting CPUs from NR_CPUS=512 to nr_cpu_ids=2.
[    0.000000] RCU: Adjusting geometry for rcu_fanout_leaf=64, nr_cpu_ids=2
[    0.000000] NR_IRQS:33024 nr_irqs:440 16
[    0.000000] Console: colour VGA+ 80x25
[    0.000000] console [tty1] enabled
[    0.000000] console [ttyS0] enabled
[    0.000000] tsc: Detected 2096.064 MHz processor
[    0.262135] Calibrating delay loop (skipped) preset value.. 4192.12 BogoMIPS (lpj=8384256)
[    0.263454] pid_max: default: 32768 minimum: 301
[    0.264185] ACPI: Core revision 20150930
[    0.265632] ACPI: 2 ACPI AML tables successfully acquired and loaded
[    0.266651] Security Framework initialized
[    0.267296] Yama: becoming mindful.
[    0.267887] AppArmor: AppArmor initialized
[    0.268706] Dentry cache hash table entries: 131072 (order: 8, 1048576 bytes)
[    0.269838] Inode-cache hash table entries: 65536 (order: 7, 524288 bytes)
[    0.283729] Mount-cache hash table entries: 2048 (order: 2, 16384 bytes)
[    0.285858] Mountpoint-cache hash table entries: 2048 (order: 2, 16384 bytes)
[    0.288211] Initializing cgroup subsys io
[    0.289645] Initializing cgroup subsys memory
[    0.291150] Initializing cgroup subsys devices
[    0.292654] Initializing cgroup subsys freezer
[    0.294159] Initializing cgroup subsys net_cls
[    0.295687] Initializing cgroup subsys perf_event
[    0.297243] Initializing cgroup subsys net_prio
[    0.298650] Initializing cgroup subsys hugetlb
[    0.300139] Initializing cgroup subsys pids
[    0.314854] mce: CPU supports 0 MCE banks
[    0.316494] Last level iTLB entries: 4KB 1024, 2MB 1024, 4MB 512
[    0.318475] Last level dTLB entries: 4KB 1536, 2MB 1536, 4MB 768, 1GB 0
[    0.320637] Spectre V1 : Mitigation: usercopy/swapgs barriers and __user pointer sanitization
[    0.323629] Spectre V2 : Spectre mitigation: LFENCE not serializing, switching to generic retpoline
[    0.326725] Spectre V2 : Mitigation: Full generic retpoline
[    0.327749] Spectre V2 : Spectre v2 / SpectreRSB mitigation: Filling RSB on context switch
[    0.336493] Speculative Store Bypass: Mitigation: Speculative Store Bypass disabled via prctl and seccomp
[    0.341696] Freeing SMP alternatives memory: 36K
[    0.348495] ftrace: allocating 32339 entries in 127 pages
[    0.413189] smpboot: APIC(0) Converting physical 0 to logical package 0
[    0.414214] smpboot: Max logical packages: 1
[    0.415191] x2apic enabled
[    0.416064] Switched APIC routing to physical x2apic.
[    0.417813] ..TIMER: vector=0x30 apic1=0 pin1=2 apic2=-1 pin2=-1
[    0.526874] smpboot: CPU0: AMD Ryzen 5 3550H with Radeon Vega Mobile Gfx (family: 0x17, model: 0x18, stepping: 0x1)
[    0.529857] Performance Events: Broken PMU hardware detected, using software events only.
[    0.532214] Failed to access perfctr msr (MSR c0010007 is 0)
[    0.544167] KVM setup paravirtual spinlock
[    0.546386] x86: Booting SMP configuration:
[    0.547847] .... node  #0, CPUs:      #1
[    0.549104] kvm-clock: cpu 1, msr 0:3ffe3041, secondary cpu clock
[    0.561992] mce: CPU supports 0 MCE banks
[    0.564674] x86: Booted up 1 node, 2 CPUs
[    0.565778] smpboot: Total of 2 processors activated (8384.25 BogoMIPS)
[    0.567492] devtmpfs: initialized
[    0.571560] evm: security.selinux
[    0.572734] evm: security.SMACK64
[    0.575795] evm: security.SMACK64EXEC
[    0.576690] evm: security.SMACK64TRANSMUTE
[    0.577908] evm: security.SMACK64MMAP
[    0.578892] evm: security.ima
[    0.579795] evm: security.capability
[    0.583783] clocksource: jiffies: mask: 0xffffffff max_cycles: 0xffffffff, max_idle_ns: 7645041785100000 ns
[    0.585349] futex hash table entries: 512 (order: 3, 32768 bytes)
[    0.586440] pinctrl core: initialized pinctrl subsystem
[    0.587832] RTC time: 10:22:11, date: 09/29/20
[    0.589439] NET: Registered protocol family 16
[    0.603285] cpuidle: using governor ladder
[    0.617928] cpuidle: using governor menu
[    0.618829] PCCT header not found.
[    0.620091] ACPI: bus type PCI registered
[    0.621106] acpiphp: ACPI Hot Plug PCI Controller Driver version: 0.5
[    0.622433] PCI: Using configuration type 1 for base access
[    0.623517] PCI: Using configuration type 1 for extended access
[    0.634205] ACPI: Added _OSI(Module Device)
[    0.635014] ACPI: Added _OSI(Processor Device)
[    0.635835] ACPI: Added _OSI(3.0 _SCP Extensions)
[    0.636652] ACPI: Added _OSI(Processor Aggregator Device)
[    0.638116] ACPI: Executed 1 blocks of module-level executable AML code
[    0.641086] ACPI: Interpreter enabled
[    0.641836] ACPI: (supports S0 S5)
[    0.642551] ACPI: Using IOAPIC for interrupt routing
[    0.643572] PCI: Using host bridge windows from ACPI; if necessary, use "pci=nocrs" and report a bug
[    0.648293] ACPI: PCI Root Bridge [PCI0] (domain 0000 [bus 00-ff])
[    0.649359] acpi PNP0A03:00: _OSC: OS supports [ExtendedConfig ASPM ClockPM Segments MSI]
[    0.651393] acpi PNP0A03:00: _OSC: platform does not support [PCIeCapability]
[    0.652860] acpi PNP0A03:00: _OSC: not requesting control; platform does not support [PCIeCapability]
[    0.654578] acpi PNP0A03:00: _OSC: OS requested [PCIeHotplug PME AER PCIeCapability]
[    0.655971] acpi PNP0A03:00: _OSC: platform willing to grant [PCIeHotplug PME AER]
[    0.657340] acpi PNP0A03:00: _OSC failed (AE_SUPPORT); disabling ASPM
[    0.658834] PCI host bridge to bus 0000:00
[    0.659670] pci_bus 0000:00: root bus resource [io  0x0000-0x0cf7 window]
[    0.669130] pci_bus 0000:00: root bus resource [io  0x0d00-0xffff window]
[    0.670484] pci_bus 0000:00: root bus resource [mem 0x000a0000-0x000bffff window]
[    0.672572] pci_bus 0000:00: root bus resource [mem 0x40000000-0xfdffffff window]
[    0.674559] pci_bus 0000:00: root bus resource [bus 00-ff]
[    0.678370] pci 0000:00:01.1: legacy IDE quirk: reg 0x10: [io  0x01f0-0x01f7]
[    0.679960] pci 0000:00:01.1: legacy IDE quirk: reg 0x14: [io  0x03f6]
[    0.681421] pci 0000:00:01.1: legacy IDE quirk: reg 0x18: [io  0x0170-0x0177]
[    0.683550] pci 0000:00:01.1: legacy IDE quirk: reg 0x1c: [io  0x0376]
[    0.732400] pci 0000:00:07.0: quirk: [io  0x4000-0x403f] claimed by PIIX4 ACPI
[    0.733853] pci 0000:00:07.0: quirk: [io  0x4100-0x410f] claimed by PIIX4 SMB
[    0.751375] ACPI: PCI Interrupt Link [LNKA] (IRQs 5 9 10 *11)
[    0.753339] ACPI: PCI Interrupt Link [LNKB] (IRQs 5 9 *10 11)
[    0.754710] ACPI: PCI Interrupt Link [LNKC] (IRQs 5 *9 10 11)
[    0.756103] ACPI: PCI Interrupt Link [LNKD] (IRQs 5 9 10 *11)
[    0.757525] ACPI: Enabled 2 GPEs in block 00 to 07
[    0.758651] vgaarb: setting as boot device: PCI:0000:00:02.0
[    0.759588] vgaarb: device added: PCI:0000:00:02.0,decodes=io+mem,owns=io+mem,locks=none
[    0.761033] vgaarb: loaded
[    0.761589] vgaarb: bridge control possible 0000:00:02.0
[    0.762676] SCSI subsystem initialized
[    0.763489] ACPI: bus type USB registered
[    0.764241] usbcore: registered new interface driver usbfs
[    0.765195] usbcore: registered new interface driver hub
[    0.766243] usbcore: registered new device driver usb
[    0.767330] PCI: Using ACPI for IRQ routing
[    0.768604] NetLabel: Initializing
[    0.769372] NetLabel:  domain hash size = 128
[    0.770294] NetLabel:  protocols = UNLABELED CIPSOv4
[    0.771228] NetLabel:  unlabeled traffic allowed by default
[    0.772311] amd_nb: Cannot enumerate AMD northbridges
[    0.773215] clocksource: Switched to clocksource kvm-clock
[    0.803360] AppArmor: AppArmor Filesystem Enabled
[    0.804422] pnp: PnP ACPI init
[    0.807801] pnp: PnP ACPI: found 3 devices
[    0.816379] clocksource: acpi_pm: mask: 0xffffff max_cycles: 0xffffff, max_idle_ns: 2085701024 ns
[    0.817815] NET: Registered protocol family 2
[    0.818684] TCP established hash table entries: 8192 (order: 4, 65536 bytes)
[    0.819750] TCP bind hash table entries: 8192 (order: 5, 131072 bytes)
[    0.820806] TCP: Hash tables configured (established 8192 bind 8192)
[    0.835303] UDP hash table entries: 512 (order: 2, 16384 bytes)
[    0.836787] UDP-Lite hash table entries: 512 (order: 2, 16384 bytes)
[    0.838081] NET: Registered protocol family 1
[    0.839072] pci 0000:00:00.0: Limiting direct PCI/PCI transfers
[    0.840633] pci 0000:00:01.0: Activating ISA DMA hang workarounds
[    0.841785] Unpacking initramfs...
[    1.297040] Freeing initrd memory: 15448K
[    1.297941] clocksource: tsc: mask: 0xffffffffffffffff max_cycles: 0x1e36aa4f9f7, max_idle_ns: 440795294663 ns
[    1.300443] platform rtc_cmos: registered platform RTC device (no PNP device found)
[    1.303430] Scanning for low memory corruption every 60 seconds
[    1.305983] audit: initializing netlink subsys (disabled)
[    1.307242] audit: type=2000 audit(1601374937.209:1): initialized
[    1.308881] Initialise system trusted keyring
[    1.310125] HugeTLB registered 2 MB page size, pre-allocated 0 pages
[    1.312003] zbud: loaded
[    1.313099] VFS: Disk quotas dquot_6.6.0
[    1.314112] VFS: Dquot-cache hash table entries: 512 (order 0, 4096 bytes)
[    1.315792] squashfs: version 4.0 (2009/01/31) Phillip Lougher
[    1.317659] fuse init (API version 7.23)
[    1.318754] Key type big_key registered
[    1.320758] Allocating IMA MOK and blacklist keyrings.
[    1.324396] Key type asymmetric registered
[    1.325086] Asymmetric key parser 'x509' registered
[    1.325885] Block layer SCSI generic (bsg) driver version 0.4 loaded (major 249)
[    1.327258] io scheduler noop registered
[    1.328214] io scheduler deadline registered (default)
[    1.329403] io scheduler cfq registered
[    1.330465] pci_hotplug: PCI Hot Plug PCI Core version: 0.5
[    1.331693] pciehp: PCI Express Hot Plug Controller Driver version: 0.4
[    1.333295] ACPI: AC Adapter [AC] (on-line)
[    1.334260] input: Power Button as /devices/LNXSYSTM:00/LNXPWRBN:00/input/input0
[    1.335722] ACPI: Power Button [PWRF]
[    1.336540] input: Sleep Button as /devices/LNXSYSTM:00/LNXSLPBN:00/input/input1
[    1.338027] ACPI: Sleep Button [SLPF]
[    1.339016] GHES: HEST is not enabled!
[    1.339914] Serial: 8250/16550 driver, 32 ports, IRQ sharing enabled
[    1.340090] ACPI: Battery Slot [BAT0] (battery present)
[    1.362903] 00:02: ttyS0 at I/O 0x3f8 (irq = 4, base_baud = 115200) is a 16550A
[    1.367995] Linux agpgart interface v0.103
[    1.371142] loop: module loaded
[    1.372345] scsi host0: ata_piix
[    1.373083] scsi host1: ata_piix
[    1.374417] ata1: PATA max UDMA/33 cmd 0x1f0 ctl 0x3f6 bmdma 0xd000 irq 14
[    1.376948] ata2: PATA max UDMA/33 cmd 0x170 ctl 0x376 bmdma 0xd008 irq 15
[    1.379770] libphy: Fixed MDIO Bus: probed
[    1.381255] tun: Universal TUN/TAP device driver, 1.6
[    1.382921] tun: (C) 1999-2004 Max Krasnyansky <maxk@qualcomm.com>
[    1.384793] PPP generic driver version 2.4.2
[    1.386343] ehci_hcd: USB 2.0 'Enhanced' Host Controller (EHCI) Driver
[    1.388274] ehci-pci: EHCI PCI platform driver
[    1.389752] ehci-platform: EHCI generic platform driver
[    1.391365] ohci_hcd: USB 1.1 'Open' Host Controller (OHCI) Driver
[    1.393127] ohci-pci: OHCI PCI platform driver
[    1.394494] ohci-platform: OHCI generic platform driver
[    1.395907] uhci_hcd: USB Universal Host Controller Interface driver
[    1.397571] i8042: PNP: PS/2 Controller [PNP0303:PS2K,PNP0f03:PS2M] at 0x60,0x64 irq 1,12
[    1.400394] serio: i8042 KBD port at 0x60,0x64 irq 1
[    1.401736] serio: i8042 AUX port at 0x60,0x64 irq 12
[    1.403389] mousedev: PS/2 mouse device common for all mice
[    1.405204] input: AT Translated Set 2 keyboard as /devices/platform/i8042/serio0/input/input2
[    1.407709] rtc_cmos rtc_cmos: rtc core: registered rtc_cmos as rtc0
[    1.409246] rtc_cmos rtc_cmos: alarms up to one day, 114 bytes nvram
[    1.410628] i2c /dev entries driver
[    1.411738] device-mapper: uevent: version 1.0.3
[    1.413069] device-mapper: ioctl: 4.34.0-ioctl (2015-10-28) initialised: dm-devel@redhat.com
[    1.415038] ledtrig-cpu: registered to indicate activity on CPUs
[    1.416855] NET: Registered protocol family 10
[    1.418059] NET: Registered protocol family 17
[    1.418987] Key type dns_resolver registered
[    1.421525] registered taskstats version 1
[    1.422595] Loading compiled-in X.509 certificates
[    1.424382] Loaded X.509 cert 'Build time autogenerated kernel key: b89e9ea735e1dbde81c7786f041ecf1d53e71c2e'
[    1.426273] zswap: loaded using pool lzo/zbud
[    1.430127] Key type trusted registered
[    1.434348] Key type encrypted registered
[    1.435219] AppArmor: AppArmor sha1 policy hashing enabled
[    1.436291] ima: No TPM chip found, activating TPM-bypass!
[    1.437306] ima: Allocated hash algorithm: sha1
[    1.438823] evm: HMAC attrs: 0x1
[    1.439915]   Magic number: 4:82:377
[    1.440729] acpi PNP0700:00: hash matches
[    1.441636] rtc_cmos rtc_cmos: setting system clock to 2020-09-29 10:22:12 UTC (1601374932)
[    1.443375] BIOS EDD facility v0.16 2004-Jun-25, 0 devices found
[    1.444181] EDD information not available.
[    1.559719] Freeing unused kernel memory: 1492K
[    1.560907] Write protecting the kernel read-only data: 14336k
[    1.562831] Freeing unused kernel memory: 1592K
[    1.563974] Freeing unused kernel memory: 56K
Loading, please wait...
starting version 229
[    1.582389] random: systemd-udevd: uninitialized urandom read (16 bytes read, 3 bits of entropy available)
[    1.583659] random: udevadm: uninitialized urandom read (16 bytes read, 3 bits of entropy available)
[    1.583698] random: udevadm: uninitialized urandom read (16 bytes read, 3 bits of entropy available)
[    1.590149] random: systemd-udevd: uninitialized urandom read (16 bytes read, 3 bits of entropy available)
[    1.592813] random: systemd-udevd: uninitialized urandom read (16 bytes read, 3 bits of entropy available)
[    1.595391] random: systemd-udevd: uninitialized urandom read (16 bytes read, 3 bits of entropy available)
[    1.600287] random: systemd-udevd: uninitialized urandom read (16 bytes read, 3 bits of entropy available)
[    1.601166] random: udevadm: uninitialized urandom read (16 bytes read, 3 bits of entropy available)
[    1.601315] random: udevadm: uninitialized urandom read (16 bytes read, 3 bits of entropy available)
[    1.601546] random: udevadm: uninitialized urandom read (16 bytes read, 3 bits of entropy available)
[    1.676849] e1000: Intel(R) PRO/1000 Network Driver - version 7.3.21-k8-NAPI
[    1.678047] e1000: Copyright (c) 1999-2006 Intel Corporation.
[    1.694811] Fusion MPT base driver 3.04.20
[    1.695647] Copyright (c) 1999-2008 LSI Corporation
[    1.701272] Fusion MPT SPI Host driver 3.04.20
[    1.722902] AVX2 version of gcm_enc/dec engaged.
[    1.723880] AES CTR mode by8 optimization enabled
[    1.896078] input: ImExPS/2 Generic Explorer Mouse as /devices/platform/i8042/serio1/input/input4
[    2.153733] e1000 0000:00:03.0 eth0: (PCI:33MHz:32-bit) 02:38:f8:91:fa:5a
[    2.155776] e1000 0000:00:03.0 eth0: Intel(R) PRO/1000 Network Connection
[    2.159351] mptbase: ioc0: Initiating bringup
[    2.337282] ioc0: LSI53C1030 A0: Capabilities={Initiator}
[    2.500142] scsi host2: ioc0: LSI53C1030 A0, FwRev=00000000h, Ports=1, MaxQ=256, IRQ=20
[    3.490281] scsi 2:0:0:0: Direct-Access     VBOX     HARDDISK         1.0  PQ: 0 ANSI: 5
[    3.507964] scsi target2:0:0: Beginning Domain Validation
[    3.510723] scsi target2:0:0: Domain Validation skipping write tests
[    3.512564] scsi target2:0:0: Ending Domain Validation
[    3.513915] scsi target2:0:0: asynchronous
[    3.516440] scsi 2:0:1:0: Direct-Access     VBOX     HARDDISK         1.0  PQ: 0 ANSI: 5
[    3.518479] scsi target2:0:1: Beginning Domain Validation
[    3.532231] scsi target2:0:1: Domain Validation skipping write tests
[    3.533761] scsi target2:0:1: Ending Domain Validation
[    3.537617] scsi target2:0:1: asynchronous
[    3.549778] sd 2:0:0:0: Attached scsi generic sg0 type 0
[    3.549904] sd 2:0:0:0: [sda] 20971520 512-byte logical blocks: (10.7 GB/10.0 GiB)
[    3.550041] sd 2:0:0:0: [sda] Write Protect is off
[    3.550132] sd 2:0:0:0: [sda] Incomplete mode parameter data
[    3.550134] sd 2:0:0:0: [sda] Assuming drive cache: write through
[    3.557786] sd 2:0:1:0: Attached scsi generic sg1 type 0
[    3.559880] sd 2:0:1:0: [sdb] 20480 512-byte logical blocks: (10.5 MB/10.0 MiB)
[    3.561548] sd 2:0:1:0: [sdb] Write Protect is off
[    3.562523] sd 2:0:1:0: [sdb] Incomplete mode parameter data
[    3.563464] sd 2:0:1:0: [sdb] Assuming drive cache: write through
[    3.564444]  sda: sda1
[    3.565855] sd 2:0:0:0: [sda] Attached SCSI disk
[    3.568516] sd 2:0:1:0: [sdb] Attached SCSI disk
[    4.169874] e1000 0000:00:08.0 eth1: (PCI:33MHz:32-bit) 08:00:27:82:55:18
[    4.174682] e1000 0000:00:08.0 eth1: Intel(R) PRO/1000 Network Connection
[    4.179964] e1000 0000:00:03.0 enp0s3: renamed from eth0
[    4.195661] e1000 0000:00:08.0 enp0s8: renamed from eth1
Begin: Loading essential drivers ... [    5.561265] md: linear personality registered for level -1
[    5.564249] md: multipath personality registered for level -4
[    5.567194] md: raid0 personality registered for level 0
[    5.571561] md: raid1 personality registered for level 1
[    5.646070] raid6: sse2x1   gen()  5917 MB/s
[    5.714589] raid6: sse2x1   xor()  5280 MB/s
[    5.783166] raid6: sse2x2   gen() 14917 MB/s
[    5.850302] raid6: sse2x2   xor()  8584 MB/s
[    5.918484] raid6: sse2x4   gen() 13402 MB/s
[    5.987128] raid6: sse2x4   xor()  5815 MB/s
[    6.053844] raid6: avx2x1   gen() 14862 MB/s
[    6.121471] raid6: avx2x2   gen() 18379 MB/s
[    6.190035] raid6: avx2x4   gen() 15166 MB/s
[    6.191307] raid6: using algorithm avx2x2 gen() 18379 MB/s
[    6.192436] raid6: using avx2x2 recovery algorithm
[    6.194428] xor: automatically using best checksumming function:
[    6.233709]    avx       : 11439.000 MB/sec
[    6.235342] async_tx: api initialized (async)
[    6.246098] md: raid6 personality registered for level 6
[    6.247250] md: raid5 personality registered for level 5
[    6.248428] md: raid4 personality registered for level 4
[    6.256326] md: raid10 personality registered for level 10
done.
Begin: Running /scripts/init-premount ... done.
Begin: Mounting root file system ... Begin: Running /scripts/local-top ... done.
Begin: Running /scripts/local-premount ... [    6.283513] Btrfs loaded
Scanning for Btrfs filesystems
done.
Warning: fsck not present, so skipping root file system
[    6.320751] EXT4-fs (sda1): mounted filesystem with ordered data mode. Opts: (null)
done.
Begin: Running /scripts/local-bottom ... done.
Begin: Running /scripts/init-bottom ... done.
[    6.444980] systemd[1]: systemd 229 running in system mode. (+PAM +AUDIT +SELINUX +IMA +APPARMOR +SMACK +SYSVINIT +UTMP +LIBCRYPTSETUP +GCRYPT +GNUTLS +ACL +XZ -LZ4 +SECCOMP +BLKID +ELFUTILS +KMOD -IDN)
[    6.447682] systemd[1]: Detected virtualization oracle.
[    6.448485] systemd[1]: Detected architecture x86-64.

Welcome to [1mUbuntu 16.04.6 LTS[0m!

[    6.451864] systemd[1]: Set hostname to <ubuntu-xenial>.
[    6.567765] systemd[1]: [/etc/systemd/system/snap-heroku-3987.mount:10] Unknown lvalue 'LazyUnmount' in section 'Mount'
[    6.572964] systemd[1]: [/etc/systemd/system/snap-core-9993.mount:10] Unknown lvalue 'LazyUnmount' in section 'Mount'
[    6.590579] systemd[1]: Reached target System Time Synchronized.
[[0;32m  OK  [0m] Reached target System Time Synchronized.
[    6.599632] systemd[1]: Reached target Swap.
[[0;32m  OK  [0m] Reached target Swap.
[    6.601256] systemd[1]: Listening on LVM2 metadata daemon socket.
[[0;32m  OK  [0m] Listening on LVM2 metadata daemon socket.
[    6.603193] systemd[1]: Started Trigger resolvconf update for networkd DNS.
[[0;32m  OK  [0m] Started Trigger resolvconf update for networkd DNS.
[    6.605324] systemd[1]: Created slice User and Session Slice.
[[0;32m  OK  [0m] Created slice User and Session Slice.
[    6.607012] systemd[1]: Listening on /dev/initctl Compatibility Named Pipe.
[[0;32m  OK  [0m] Listening on /dev/initctl Compatibility Named Pipe.
[    6.613229] systemd[1]: Reached target User and Group Name Lookups.
[[0;32m  OK  [0m] Reached target User and Group Name Lookups.
[    6.620397] systemd[1]: Listening on Journal Socket (/dev/log).
[[0;32m  OK  [0m] Listening on Journal Socket (/dev/log).
[    6.622468] systemd[1]: Listening on Journal Audit Socket.
[[0;32m  OK  [0m] Listening on Journal Audit Socket.
[    6.624082] systemd[1]: Started Forward Password Requests to Wall Directory Watch.
[[0;32m  OK  [0m] Started Forward Password Requests to Wall Directory Watch.
[    6.626417] systemd[1]: Created slice System Slice.
[[0;32m  OK  [0m] Created slice System Slice.
[    6.628263] systemd[1]: Created slice system-postgresql.slice.
[[0;32m  OK  [0m] Created slice system-postgresql.slice.
[    6.630109] systemd[1]: Listening on LVM2 poll daemon socket.
[[0;32m  OK  [0m] Listening on LVM2 poll daemon socket.
[    6.637109] systemd[1]: Reached target Encrypted Volumes.
[[0;32m  OK  [0m] Reached target Encrypted Volumes.
[    6.639087] systemd[1]: Created slice system-serial\x2dgetty.slice.
[[0;32m  OK  [0m] Created slice system-serial\x2dgetty.slice.
[    6.640842] systemd[1]: Listening on udev Kernel Socket.
[[0;32m  OK  [0m] Listening on udev Kernel Socket.
[    6.642496] systemd[1]: Listening on Journal Socket.
[[0;32m  OK  [0m] Listening on Journal Socket.
[    6.654209] systemd[1]: Starting Create list of required static device nodes for the current kernel...
         Starting Create list of required st... nodes for the current kernel...
[    6.670186] systemd[1]: Starting Remount Root and Kernel File Systems...
         Starting Remount Root and Kernel File Systems...
[    6.673623] systemd[1]: Mounting POSIX Message Queue File System...
         Mounting POSIX Message Queue File System...
[    6.676487] systemd[1]: Starting Set console keymap...
         Starting Set console keymap...
[    6.679166] systemd[1]: Starting Uncomplicated firewall...
         Starting Uncomplicated firewall...
[    6.682509] systemd[1]: Mounting Huge Pages File System...
         Mounting Huge Pages File System...
[    6.685963] systemd[1]: Mounting Debug File System...
         Mounting Debug File System...
[    6.689787] systemd[1]: Starting Load Kernel Modules...
         Starting Load Kernel Modules...
[    6.693720] systemd[1]: Reached target Slices.
[[0;32m  OK  [0m] Reached target Slices.
[    6.695749] systemd[1]: Listening on Device-mapper event daemon FIFOs.
[[0;32m  OK  [[    6.697686] EXT4-fs (sda1): re-mounted. Opts: (null)
0m] Listening on Device-mapper event daemon FIFOs.
[    6.700243] systemd[1]: Starting Monitoring of LVM2 mirrors, snapshots etc. using dmeventd or progress polling...
         Starting Monitoring of LVM2 mirrors... dmeventd or progress polling...
[    6.710624] systemd[1]: Set up automount Arbitrary Executable File Formats File System Automount Point.
[[0;32m  OK  [0m] Set up automount Arbitrary Executab...ats File System Automount Point.
[    6.720930] systemd[1]: Listening on udev Control Socket.
[[0;32m  OK  [0m] Listening on udev Control Socket.
[    6.723264] systemd[1]: Starting Nameserver information manager...
         Starting Nameserver information manager...
[    6.725062] systemd[1]: Listening on Syslog Socket.
[[0;32m  OK  [0m] Listening on Syslog Socket.
[    6.726852] Loading iSCSI transport class v2.0-870.
[    6.728140] systemd[1]: Starting Journal Service...
         Starting Journal Service...
[    6.731492] systemd[1]: Mounted Debug File System.
[[0;32m  OK  [0m] Mounted Debug File System.
[    6.733151] systemd[1]: Mounted Huge Pages File System.
[[0;32m  OK  [0m] Mounted Huge Pages File System.
[    6.734817] systemd[1]: Mounted POSIX Message Queue File System.
[[0;32m  OK  [0m] Mounted POSIX Message Queue File System.
[    6.737052] systemd[1]: Started Create list of required static device nodes for the current kernel.
[[0;32m  OK  [0m] Started Create list of required sta...ce nodes for the current kernel.
[    6.741733] systemd[1]: Started Remount Root and Kernel File Systems.
[[0;32m  OK  [0m] Started Remount Root and Kernel File Systems.
[    6.744756] systemd[1]: Started Uncomplicated firewall.
[[0;32m  OK  [0m] Started Uncomplicated firewall.
[    6.746622] iscsi: registered transport (tcp)
[    6.760157] systemd[1]: Starting udev Coldplug all Devices...
         Starting udev Coldplug all Devices...
[    6.796788] systemd[1]: Starting Load/Save Random Seed...
         Starting Load/Save Random Seed...
[    6.800377] systemd[1]: Starting Create Static Device Nodes in /dev...
         Starting Create Static Device Nodes in /dev...
[    6.803756] systemd[1]: Started Set console keymap.
[[0;32m  OK  [0m] Started Set console keymap.
[    6.806113] systemd[1]: Started Nameserver information manager.
[[0;32m  OK  [0m] Started Nameserver information manager.
[    6.850754] random: nonblocking pool is initialized
[    6.857357] systemd[1]: Started LVM2 metadata daemon.
[[0;32m  OK  [0m] Started LVM2 metadata daemon.
[    6.864862] systemd[1]: Started Journal Service.
[[0;32m  OK  [0m] Started Journal Service.
[[0;32m  OK  [0m] Started Load/Save Random Seed.
[[0;32m  OK  [0m] Started Create Static Device Nodes in /dev.
         Starting udev Kernel Device Manager...
         Starting Flush Journal to Persistent Storage...
[    6.968561] systemd-journald[411]: Received request to flush runtime journal from PID 1
[    6.968618] iscsi: registered transport (iser)
[[0;32m  OK  [0m] Started Flush Journal to Persistent Storage.
[[0;32m  OK  [0m] Started Load Kernel Modules.
[[0;32m  OK  [0m] Started Monitoring of LVM2 mirrors,...ng dmeventd or progress polling.
[[0;32m  OK  [0m] Reached target Local File Systems (Pre).
         Mounting Mount unit for core, revision 9993...
         Mounting Mount unit for heroku, revision 3987...
[[0;32m  OK  [0m] Reached target Local File Systems.
         Starting Tell Plymouth To Write Out Runtime Data...
         Starting LSB: AppArmor initialization...
         Starting Initial cloud-init job (pre-networking)...
         Starting Set console font and keymap...
         Mounting FUSE Control File System...
         Starting Apply Kernel Variables...
         Starting Create Volatile Files and Directories...
[[0;32m  OK  [0m] Mounted FUSE Control File System.
[[0;32m  OK  [0m] Mounted Mount unit for core, revision 9993.
[[0;32m  OK  [0m] Started udev Coldplug all Devices.
[[0;32m  OK  [0m] Mounted Mount unit for heroku, revision 3987.
[[0;32m  OK  [0m] Started Tell Plymouth To Write Out Runtime Data.
[[0;32m  OK  [0m] Started udev Kernel Device Manager.
[[0;32m  OK  [0m] Started Dispatch Password Requests to Console Directory Watch.
[[0;32m  OK  [0m] Started Apply Kernel Variables.
[[0;32m  OK  [0m] Started Create Volatile Files and Directories.
         Starting Update UTMP about System Boot/Shutdown...
[[0;32m  OK  [0m] Started Update UTMP about System Boot/Shutdown.
[[0;32m  OK  [0m] Found device /dev/ttyS0.
[[0;32m  OK  [0m] Started LSB: AppArmor initialization.
         Starting Load AppArmor profiles managed internally by snapd...
[[0;32m  OK  [0m] Started Load AppArmor profiles managed internally by snapd.
[[0;32m  OK  [0m] Listening on Load/Save RF Kill Switch Status /dev/rfkill Watch.
[[0;32m  OK  [0m] Started Set console font and keymap.
[[0;32m  OK  [0m] Created slice system-getty.slice.
[[0;32m  OK  [0m] Found device 82540EM Gigabit Ethern...r (PRO/1000 MT Desktop Adapter).
[[0;32m  OK  [0m] Found device 82540EM Gigabit Ethern...r (PRO/1000 MT Desktop Adapter).
[    9.018245] cloud-init[482]: Cloud-init v. 19.4-33-gbb4131a2-0ubuntu1~16.04.1 running 'init-local' at Tue, 29 Sep 2020 10:22:19 +0000. Up 8.44 seconds.
[[0;32m  OK  [0m] Started Initial cloud-init job (pre-networking).
[[0;32m  OK  [0m] Reached target Network (Pre).
         Starting Raise network interfaces...
[[0;32m  OK  [0m] Started ifup for enp0s8.
[[0;32m  OK  [0m] Started ifup for enp0s3.
[[0;32m  OK  [0m] Started Raise network interfaces.
         Starting Initial cloud-init job (metadata service crawler)...
[[0;32m  OK  [0m] Reached target Network.
[    9.821539] cloud-init[1134]: Cloud-init v. 19.4-33-gbb4131a2-0ubuntu1~16.04.1 running 'init' at Tue, 29 Sep 2020 10:22:20 +0000. Up 9.55 seconds.
[    9.823221] cloud-init[1134]: ci-info: ++++++++++++++++++++++++++++++++++++++Net device info+++++++++++++++++++++++++++++++++++++++
[    9.824995] cloud-init[1134]: ci-info: +--------+------+-----------------------------+---------------+--------+-------------------+
[    9.826832] cloud-init[1134]: ci-info: | Device |  Up  |           Address           |      Mask     | Scope  |     Hw-Address    |
[    9.828743] cloud-init[1134]: ci-info: +--------+------+-----------------------------+---------------+--------+-------------------+
[    9.831382] cloud-init[1134]: ci-info: | enp0s3 | True |          10.0.2.15          | 255.255.255.0 | global | 02:38:f8:91:fa:5a |
[    9.833434] cloud-init[1134]: ci-info: | enp0s3 | True |  fe80::38:f8ff:fe91:fa5a/64 |       .       |  link  | 02:38:f8:91:fa:5a |
[    9.835328] cloud-init[1134]: ci-info: | enp0s8 | True |        192.168.33.10        | 255.255.255.0 | global | 08:00:27:82:55:18 |
[    9.837274] cloud-init[1134]: ci-info: | enp0s8 | True | fe80::a00:27ff:fe82:5518/64 |       .       |  link  | 08:00:27:82:55:18 |
[    9.839519] cloud-init[1134]: ci-info: |   lo   | True |          127.0.0.1          |   255.0.0.0   |  host  |         .         |
[    9.842788] cloud-init[1134]: ci-info: |   lo   | True |           ::1/128           |       .       |  host  |         .         |
[    9.845007] cloud-init[1134]: ci-info: +--------+------+-----------------------------+---------------+--------+-------------------+
[    9.846793] cloud-init[1134]: ci-info: ++++++++++++++++++++++++++++Route IPv4 info++++++++++++++++++++++++++++
[    9.848104] cloud-init[1134]: ci-info: +-------+--------------+----------+---------------+-----------+-------+
[    9.849615] cloud-init[1134]: ci-info: | Route | Destination  | Gateway  |    Genmask    | Interface | Flags |
[    9.851827] cloud-init[1134]: ci-info: +-------+--------------+----------+---------------+-----------+-------+
[    9.853363] cloud-init[1134]: ci-info: |   0   |   0.0.0.0    | 10.0.2.2 |    0.0.0.0    |   enp0s3  |   UG  |
[    9.854706] cloud-init[1134]: ci-info: |   1   |   10.0.2.0   | 0.0.0.0  | 255.255.255.0 |   enp0s3  |   U   |
[    9.856385] cloud-init[1134]: ci-info: |   2   | 192.168.33.0 | 0.0.0.0  | 255.255.255.0 |   enp0s8  |   U   |
[    9.858922] cloud-init[1134]: ci-info: +-------+--------------+----------+---------------+-----------+-------+
[    9.860791] cloud-init[1134]: ci-info: +++++++++++++++++++Route IPv6 info+++++++++++++++++++
[    9.862734] cloud-init[1134]: ci-info: +-------+-------------+---------+-----------+-------+
[    9.864130] cloud-init[1134]: ci-info: | Route | Destination | Gateway | Interface | Flags |
[    9.865341] cloud-init[1134]: ci-info: +-------+-------------+---------+-----------+-------+
[    9.866797] cloud-init[1134]: ci-info: |   0   |  fe80::/64  |    ::   |   enp0s8  |   U   |
[    9.868343] cloud-init[1134]: ci-info: |   1   |  fe80::/64  |    ::   |   enp0s3  |   U   |
[    9.869967] cloud-init[1134]: ci-info: |   4   |   ff00::/8  |    ::   |   enp0s8  |   U   |
[    9.871390] cloud-init[1134]: ci-info: |   5   |   ff00::/8  |    ::   |   enp0s3  |   U   |
[    9.872631] cloud-init[1134]: ci-info: +-------+-------------+---------+-----------+-------+
[[0;32m  OK  [0m] Started Initial cloud-init job (metadata service crawler).
[[0;32m  OK  [0m] Reached target Cloud-config availability.
[[0;32m  OK  [0m] Reached target System Initialization.
         Starting Socket activation for snappy daemon.
[[0;32m  OK  [0m] Started Message of the Day.
[[0;32m  OK  [0m] Started Daily Cleanup of Temporary Directories.
[[0;32m  OK  [0m] Listening on ACPID Listen Socket.
[[0;32m  OK  [0m] Listening on UUID daemon activation socket.
[[0;32m  OK  [0m] Listening on D-Bus System Message Bus Socket.
         Starting LXD - unix socket.
[[0;32m  OK  [0m] Started Daily apt download activities.
[[0;32m  OK  [0m] Started Daily apt upgrade and clean activities.
[[0;32m  OK  [0m] Reached target Timers.
[[0;32m  OK  [0m] Started ACPI Events Check.
[[0;32m  OK  [0m] Reached target Paths.
[[0;32m  OK  [0m] Reached target Network is Online.
         Starting iSCSI initiator daemon (iscsid)...
[[0;32m  OK  [0m] Listening on Socket activation for snappy daemon.
[[0;32m  OK  [0m] Listening on LXD - unix socket.
[[0;32m  OK  [0m] Reached target Sockets.
[[0;32m  OK  [0m] Reached target Basic System.
         Starting System Logging Service...
[[0;32m  OK  [0m] Started Deferred execution scheduler.
         Starting PostgreSQL Cluster 9.5-main...
         Starting vboxadd.service...
         Starting /etc/rc.local Compatibility...
         Starting OpenBSD Secure Shell server...
         Starting LSB: MD monitoring daemon...
         Starting LXD - container startup/shutdown...
[[0;32m  OK  [0m] Started FUSE filesystem for LXC.
         Starting Accounts Service...
[[0;32m  OK  [0m] Started D-Bus System Message Bus.
         Starting LSB: Record successful boot for GRUB...
[[0;32m  OK  [0m] Started Regular background program processing daemon.
         Starting Login Service...
[[0;32m  OK  [0m] Started ACPI event daemon.
         Starting Snap Daemon...
[[0;32m  OK  [0m] Started System Logging Service.
[[0;32m  OK  [0m] Started /etc/rc.local Compatibility.
[[0;32m  OK  [0m] Started OpenBSD Secure Shell server.
[[0;32m  OK  [0m] Started iSCSI initiator daemon (iscsid).
[[0;32m  OK  [0m] Started Login Service.
[[0;32m  OK  [0m] Started Unattended Upgrades Shutdown.
         Starting Login to default iSCSI targets...
         Starting Authenticate and Authorize Users to Run Privileged Tasks...
[[0;32m  OK  [0m] Started LSB: MD monitoring daemon.
[[0;32m  OK  [0m] Started LSB: Record successful boot for GRUB.
[[0;32m  OK  [0m] Started Login to default iSCSI targets.
[[0;32m  OK  [0m] Reached target Remote File Systems (Pre).
[[0;32m  OK  [0m] Reached target Remote File Systems.
         Starting LSB: automatic crash report generation...
         Starting LSB: Set the CPU Frequency Scaling governor to "ondemand"...
         Starting LSB: Start/stop sysstat's sadc...
         Starting Permit User Sessions...
         Starting LSB: daemon to balance interrupts for SMP systems...
[[0;32m  OK  [0m] Started Authenticate and Authorize Users to Run Privileged Tasks.
[[0;32m  OK  [0m] Started Accounts Service.
[[0;32m  OK  [0m] Started Permit User Sessions.
         Starting Terminate Plymouth Boot Screen...
         Starting Hold until boot process finishes up...
[[0;32m  OK  [0m] Started Terminate Plymouth Boot Screen.
[[0;32m  OK  [0m] Started Hold until boot process finishes up.
         Starting Set console scheme...
[[0;32m  OK  [0m] Started Serial Getty on ttyS0.
[[0;32m  OK  [0m] Started Getty on tty1.
[[0;32m  OK  [0m] Reached target Login Prompts.
[[0;32m  OK  [0m] Started Set console scheme.
[[0;32m  OK  [0m] Started LXD - container startup/shutdown.
[[0;32m  OK  [0m] Started LSB: Start/stop sysstat's sadc.
[[0;32m  OK  [0m] Started LSB: Set the CPU Frequency Scaling governor to "ondemand".
[[0;32m  OK  [0m] Started LSB: daemon to balance interrupts for SMP systems.
[[0;32m  OK  [0m] Started LSB: automatic crash report generation.
[[0;32m  OK  [0m] Created slice User Slice of vagrant.
         Starting User Manager for UID 1000...
[[0;32m  OK  [0m] Started Session 1 of user vagrant.
[[0;32m  OK  [0m] Started User Manager for UID 1000.
[[0;32m  OK  [0m] Started Snap Daemon.
         Starting Wait until snapd is fully seeded...
[[0;32m  OK  [0m] Started Wait until snapd is fully seeded.
         Starting Apply the settings specified in cloud-config...
[[0;32m  OK  [0m] Started vboxadd.service.
         Starting vboxadd-service.service...
[[0;32m  OK  [0m] Started vboxadd-service.service.
[   12.835541] cloud-init[1605]: Cloud-init v. 19.4-33-gbb4131a2-0ubuntu1~16.04.1 running 'modules:config' at Tue, 29 Sep 2020 10:22:24 +0000. Up 12.73 seconds.
[[0;32m  OK  [0m] Started Apply the settings specified in cloud-config.
[[0;32m  OK  [0m] Started PostgreSQL Cluster 9.5-main.
         Starting PostgreSQL RDBMS...
[[0;32m  OK  [0m] Started PostgreSQL RDBMS.
[[0;32m  OK  [0m] Reached target Multi-User System.
         Starting Execute cloud user/final scripts...
[[0;32m  OK  [0m] Reached target Graphical Interface.
         Starting Update UTMP about System Runlevel Changes...
[[0;32m  OK  [0m] Started Update UTMP about System Runlevel Changes.
[   14.020018] cloud-init[1965]: Cloud-init v. 19.4-33-gbb4131a2-0ubuntu1~16.04.1 running 'modules:final' at Tue, 29 Sep 2020 10:22:25 +0000. Up 13.91 seconds.
[   14.030284] cloud-init[1965]: Cloud-init v. 19.4-33-gbb4131a2-0ubuntu1~16.04.1 finished at Tue, 29 Sep 2020 10:22:25 +0000. Datasource DataSourceNoCloud [seed=/dev/sdb][dsmode=net].  Up 14.01 seconds
[[0;32m  OK  [0m] Started Execute cloud user/final scripts.
[[0;32m  OK  [0m] Reached target Cloud-init target.

Ubuntu 16.04.6 LTS ubuntu-xenial ttyS0

ubuntu-xenial login: 