[    0.000000] Initializing cgroup subsys cpuset
[    0.000000] Initializing cgroup subsys cpu
[    0.000000] Initializing cgroup subsys cpuacct
[    0.000000] Linux version 4.4.0-187-generic (buildd@lgw01-amd64-035) (gcc version 5.4.0 20160609 (Ubuntu 5.4.0-6ubuntu1~16.04.12) ) #217-Ubuntu SMP Tue Jul 21 04:18:15 UTC 2020 (Ubuntu 4.4.0-187.217-generic 4.4.230)
[    0.000000] Command line: BOOT_IMAGE=/boot/vmlinuz-4.4.0-187-generic root=UUID=e8c36fc6-4c06-466e-87c7-f7e1835398e0 ro console=tty1 console=ttyS0
[    0.000000] KERNEL supported cpus:
[    0.000000]   Intel GenuineIntel
[    0.000000]   AMD AuthenticAMD
[    0.000000]   Centaur CentaurHauls
[    0.000000] [Firmware Bug]: TSC doesn't count with P0 frequency!
[    0.000000] x86/fpu: xstate_offset[2]:  576, xstate_sizes[2]:  256
[    0.000000] x86/fpu: Supporting XSAVE feature 0x01: 'x87 floating point registers'
[    0.000000] x86/fpu: Supporting XSAVE feature 0x02: 'SSE registers'
[    0.000000] x86/fpu: Supporting XSAVE feature 0x04: 'AVX registers'
[    0.000000] x86/fpu: Enabled xstate features 0x7, context size is 832 bytes, using 'standard' format.
[    0.000000] e820: BIOS-provided physical RAM map:
[    0.000000] BIOS-e820: [mem 0x0000000000000000-0x000000000009fbff] usable
[    0.000000] BIOS-e820: [mem 0x000000000009fc00-0x000000000009ffff] reserved
[    0.000000] BIOS-e820: [mem 0x00000000000f0000-0x00000000000fffff] reserved
[    0.000000] BIOS-e820: [mem 0x0000000000100000-0x000000003ffeffff] usable
[    0.000000] BIOS-e820: [mem 0x000000003fff0000-0x000000003fffffff] ACPI data
[    0.000000] BIOS-e820: [mem 0x00000000fec00000-0x00000000fec00fff] reserved
[    0.000000] BIOS-e820: [mem 0x00000000fee00000-0x00000000fee00fff] reserved
[    0.000000] BIOS-e820: [mem 0x00000000fffc0000-0x00000000ffffffff] reserved
[    0.000000] NX (Execute Disable) protection: active
[    0.000000] SMBIOS 2.5 present.
[    0.000000] Hypervisor detected: KVM
[    0.000000] Kernel/User page tables isolation: disabled
[    0.000000] e820: last_pfn = 0x3fff0 max_arch_pfn = 0x400000000
[    0.000000] MTRR: Disabled
[    0.000000] x86/PAT: MTRRs disabled, skipping PAT initialization too.
[    0.000000] CPU MTRRs all blank - virtualized system.
[    0.000000] x86/PAT: Configuration [0-7]: WB  WT  UC- UC  WB  WT  UC- UC  
[    0.000000] found SMP MP-table at [mem 0x0009fff0-0x0009ffff] mapped at [ffff88000009fff0]
[    0.000000] Scanning 1 areas for low memory corruption
[    0.000000] RAMDISK: [mem 0x361c6000-0x370dafff]
[    0.000000] ACPI: Early table checksum verification disabled
[    0.000000] ACPI: RSDP 0x00000000000E0000 000024 (v02 VBOX  )
[    0.000000] ACPI: XSDT 0x000000003FFF0030 00003C (v01 VBOX   VBOXXSDT 00000001 ASL  00000061)
[    0.000000] ACPI: FACP 0x000000003FFF00F0 0000F4 (v04 VBOX   VBOXFACP 00000001 ASL  00000061)
[    0.000000] ACPI: DSDT 0x000000003FFF0470 002325 (v02 VBOX   VBOXBIOS 00000002 INTL 20100528)
[    0.000000] ACPI: FACS 0x000000003FFF0200 000040
[    0.000000] ACPI: FACS 0x000000003FFF0200 000040
[    0.000000] ACPI: APIC 0x000000003FFF0240 00005C (v02 VBOX   VBOXAPIC 00000001 ASL  00000061)
[    0.000000] ACPI: SSDT 0x000000003FFF02A0 0001CC (v01 VBOX   VBOXCPUT 00000002 INTL 20100528)
[    0.000000] No NUMA configuration found
[    0.000000] Faking a node at [mem 0x0000000000000000-0x000000003ffeffff]
[    0.000000] NODE_DATA(0) allocated [mem 0x3ffeb000-0x3ffeffff]
[    0.000000] kvm-clock: Using msrs 4b564d01 and 4b564d00
[    0.000000] kvm-clock: cpu 0, msr 0:3ffe3001, primary cpu clock
[    0.000000] kvm-clock: using sched offset of 3378295390 cycles
[    0.000000] clocksource: kvm-clock: mask: 0xffffffffffffffff max_cycles: 0x1cd42e4dffb, max_idle_ns: 881590591483 ns
[    0.000000] Zone ranges:
[    0.000000]   DMA      [mem 0x0000000000001000-0x0000000000ffffff]
[    0.000000]   DMA32    [mem 0x0000000001000000-0x000000003ffeffff]
[    0.000000]   Normal   empty
[    0.000000]   Device   empty
[    0.000000] Movable zone start for each node
[    0.000000] Early memory node ranges
[    0.000000]   node   0: [mem 0x0000000000001000-0x000000000009efff]
[    0.000000]   node   0: [mem 0x0000000000100000-0x000000003ffeffff]
[    0.000000] Initmem setup node 0 [mem 0x0000000000001000-0x000000003ffeffff]
[    0.000000] ACPI: PM-Timer IO Port: 0x4008
[    0.000000] IOAPIC[0]: apic_id 2, version 32, address 0xfec00000, GSI 0-23
[    0.000000] ACPI: INT_SRC_OVR (bus 0 bus_irq 0 global_irq 2 dfl dfl)
[    0.000000] ACPI: INT_SRC_OVR (bus 0 bus_irq 9 global_irq 9 low level)
[    0.000000] Using ACPI (MADT) for SMP configuration information
[    0.000000] smpboot: Allowing 2 CPUs, 0 hotplug CPUs
[    0.000000] PM: Registered nosave memory: [mem 0x00000000-0x00000fff]
[    0.000000] PM: Registered nosave memory: [mem 0x0009f000-0x0009ffff]
[    0.000000] PM: Registered nosave memory: [mem 0x000a0000-0x000effff]
[    0.000000] PM: Registered nosave memory: [mem 0x000f0000-0x000fffff]
[    0.000000] e820: [mem 0x40000000-0xfebfffff] available for PCI devices
[    0.000000] Booting paravirtualized kernel on KVM
[    0.000000] clocksource: refined-jiffies: mask: 0xffffffff max_cycles: 0xffffffff, max_idle_ns: 7645519600211568 ns
[    0.000000] setup_percpu: NR_CPUS:512 nr_cpumask_bits:512 nr_cpu_ids:2 nr_node_ids:1
[    0.000000] PERCPU: Embedded 33 pages/cpu @ffff88003fc00000 s95512 r8192 d31464 u1048576
[    0.000000] Built 1 zonelists in Node order, mobility grouping on.  Total pages: 257912
[    0.000000] Policy zone: DMA32
[    0.000000] Kernel command line: BOOT_IMAGE=/boot/vmlinuz-4.4.0-187-generic root=UUID=e8c36fc6-4c06-466e-87c7-f7e1835398e0 ro console=tty1 console=ttyS0
[    0.000000] PID hash table entries: 4096 (order: 3, 32768 bytes)
[    0.000000] Memory: 997100K/1048120K available (8636K kernel code, 1337K rwdata, 4040K rodata, 1492K init, 1296K bss, 51020K reserved, 0K cma-reserved)
[    0.000000] SLUB: HWalign=64, Order=0-3, MinObjects=0, CPUs=2, Nodes=1
[    0.000000] Hierarchical RCU implementation.
[    0.000000] 	Build-time adjustment of leaf fanout to 64.
[    0.000000] 	RCU restricting CPUs from NR_CPUS=512 to nr_cpu_ids=2.
[    0.000000] RCU: Adjusting geometry for rcu_fanout_leaf=64, nr_cpu_ids=2
[    0.000000] NR_IRQS:33024 nr_irqs:440 16
[    0.000000] Console: colour VGA+ 80x25
[    0.000000] console [tty1] enabled
[    0.000000] console [ttyS0] enabled
[    0.000000] tsc: Detected 2096.060 MHz processor
[    0.121800] Calibrating delay loop (skipped) preset value.. 4192.12 BogoMIPS (lpj=8384240)
[    0.123172] pid_max: default: 32768 minimum: 301
[    0.123883] ACPI: Core revision 20150930
[    0.125300] ACPI: 2 ACPI AML tables successfully acquired and loaded
[    0.126332] Security Framework initialized
[    0.126982] Yama: becoming mindful.
[    0.127577] AppArmor: AppArmor initialized
[    0.128280] Dentry cache hash table entries: 131072 (order: 8, 1048576 bytes)
[    0.129493] Inode-cache hash table entries: 65536 (order: 7, 524288 bytes)
[    0.132038] Mount-cache hash table entries: 2048 (order: 2, 16384 bytes)
[    0.132997] Mountpoint-cache hash table entries: 2048 (order: 2, 16384 bytes)
[    0.134101] Initializing cgroup subsys io
[    0.134772] Initializing cgroup subsys memory
[    0.135452] Initializing cgroup subsys devices
[    0.136244] Initializing cgroup subsys freezer
[    0.136927] Initializing cgroup subsys net_cls
[    0.137615] Initializing cgroup subsys perf_event
[    0.138322] Initializing cgroup subsys net_prio
[    0.139012] Initializing cgroup subsys hugetlb
[    0.139694] Initializing cgroup subsys pids
[    0.152351] mce: CPU supports 0 MCE banks
[    0.153014] Last level iTLB entries: 4KB 1024, 2MB 1024, 4MB 512
[    0.153855] Last level dTLB entries: 4KB 1536, 2MB 1536, 4MB 768, 1GB 0
[    0.154759] Spectre V1 : Mitigation: usercopy/swapgs barriers and __user pointer sanitization
[    0.156026] Spectre V2 : Spectre mitigation: LFENCE not serializing, switching to generic retpoline
[    0.157446] Spectre V2 : Mitigation: Full generic retpoline
[    0.158238] Spectre V2 : Spectre v2 / SpectreRSB mitigation: Filling RSB on context switch
[    0.159474] Speculative Store Bypass: Mitigation: Speculative Store Bypass disabled via prctl and seccomp
[    0.163064] Freeing SMP alternatives memory: 36K
[    0.169258] ftrace: allocating 32337 entries in 127 pages
[    0.229049] smpboot: APIC(0) Converting physical 0 to logical package 0
[    0.230039] smpboot: Max logical packages: 1
[    0.230936] x2apic enabled
[    0.231645] Switched APIC routing to physical x2apic.
[    0.233480] ..TIMER: vector=0x30 apic1=0 pin1=2 apic2=-1 pin2=-1
[    0.342464] APIC calibration not consistent with PM-Timer: 109ms instead of 100ms
[    0.343702] APIC delta adjusted to PM-Timer: 6444082 (7059499)
[    0.344706] smpboot: CPU0: AMD Ryzen 5 3550H with Radeon Vega Mobile Gfx (family: 0x17, model: 0x18, stepping: 0x1)
[    0.346403] Performance Events: Broken PMU hardware detected, using software events only.
[    0.347740] Failed to access perfctr msr (MSR c0010007 is 0)
[    0.354775] KVM setup paravirtual spinlock
[    0.356146] x86: Booting SMP configuration:
[    0.356853] .... node  #0, CPUs:      #1
[    0.357654] kvm-clock: cpu 1, msr 0:3ffe3041, secondary cpu clock
[    0.370700] mce: CPU supports 0 MCE banks
[    0.373104] x86: Booted up 1 node, 2 CPUs
[    0.373921] smpboot: Total of 2 processors activated (8384.24 BogoMIPS)
[    0.375238] devtmpfs: initialized
[    0.377332] evm: security.selinux
[    0.377905] evm: security.SMACK64
[    0.378488] evm: security.SMACK64EXEC
[    0.379106] evm: security.SMACK64TRANSMUTE
[    0.379769] evm: security.SMACK64MMAP
[    0.380388] evm: security.ima
[    0.380921] evm: security.capability
[    0.383125] clocksource: jiffies: mask: 0xffffffff max_cycles: 0xffffffff, max_idle_ns: 7645041785100000 ns
[    0.384642] futex hash table entries: 512 (order: 3, 32768 bytes)
[    0.385662] pinctrl core: initialized pinctrl subsystem
[    0.386614] RTC time:  8:02:09, date: 08/25/20
[    0.387632] NET: Registered protocol family 16
[    0.399289] cpuidle: using governor ladder
[    0.412427] cpuidle: using governor menu
[    0.413355] PCCT header not found.
[    0.414568] ACPI: bus type PCI registered
[    0.415454] acpiphp: ACPI Hot Plug PCI Controller Driver version: 0.5
[    0.416822] PCI: Using configuration type 1 for base access
[    0.417970] PCI: Using configuration type 1 for extended access
[    0.434080] ACPI: Added _OSI(Module Device)
[    0.435016] ACPI: Added _OSI(Processor Device)
[    0.435976] ACPI: Added _OSI(3.0 _SCP Extensions)
[    0.437205] ACPI: Added _OSI(Processor Aggregator Device)
[    0.439638] ACPI: Executed 1 blocks of module-level executable AML code
[    0.442655] ACPI: Interpreter enabled
[    0.443372] ACPI: (supports S0 S5)
[    0.444005] ACPI: Using IOAPIC for interrupt routing
[    0.444965] PCI: Using host bridge windows from ACPI; if necessary, use "pci=nocrs" and report a bug
[    0.449177] ACPI: PCI Root Bridge [PCI0] (domain 0000 [bus 00-ff])
[    0.450150] acpi PNP0A03:00: _OSC: OS supports [ExtendedConfig ASPM ClockPM Segments MSI]
[    0.451971] acpi PNP0A03:00: _OSC: platform does not support [PCIeCapability]
[    0.453284] acpi PNP0A03:00: _OSC: not requesting control; platform does not support [PCIeCapability]
[    0.454727] acpi PNP0A03:00: _OSC: OS requested [PCIeHotplug PME AER PCIeCapability]
[    0.456058] acpi PNP0A03:00: _OSC: platform willing to grant [PCIeHotplug PME AER]
[    0.464991] acpi PNP0A03:00: _OSC failed (AE_SUPPORT); disabling ASPM
[    0.466279] PCI host bridge to bus 0000:00
[    0.466977] pci_bus 0000:00: root bus resource [io  0x0000-0x0cf7 window]
[    0.467981] pci_bus 0000:00: root bus resource [io  0x0d00-0xffff window]
[    0.468986] pci_bus 0000:00: root bus resource [mem 0x000a0000-0x000bffff window]
[    0.470220] pci_bus 0000:00: root bus resource [mem 0x40000000-0xfdffffff window]
[    0.471488] pci_bus 0000:00: root bus resource [bus 00-ff]
[    0.473944] pci 0000:00:01.1: legacy IDE quirk: reg 0x10: [io  0x01f0-0x01f7]
[    0.474983] pci 0000:00:01.1: legacy IDE quirk: reg 0x14: [io  0x03f6]
[    0.475946] pci 0000:00:01.1: legacy IDE quirk: reg 0x18: [io  0x0170-0x0177]
[    0.477044] pci 0000:00:01.1: legacy IDE quirk: reg 0x1c: [io  0x0376]
[    0.500628] pci 0000:00:07.0: quirk: [io  0x4000-0x403f] claimed by PIIX4 ACPI
[    0.501883] pci 0000:00:07.0: quirk: [io  0x4100-0x410f] claimed by PIIX4 SMB
[    0.517561] ACPI: PCI Interrupt Link [LNKA] (IRQs 5 9 10 *11)
[    0.519100] ACPI: PCI Interrupt Link [LNKB] (IRQs 5 9 *10 11)
[    0.520341] ACPI: PCI Interrupt Link [LNKC] (IRQs 5 *9 10 11)
[    0.521603] ACPI: PCI Interrupt Link [LNKD] (IRQs 5 9 10 *11)
[    0.522919] ACPI: Enabled 2 GPEs in block 00 to 07
[    0.523937] vgaarb: setting as boot device: PCI:0000:00:02.0
[    0.524795] vgaarb: device added: PCI:0000:00:02.0,decodes=io+mem,owns=io+mem,locks=none
[    0.526138] vgaarb: loaded
[    0.526669] vgaarb: bridge control possible 0000:00:02.0
[    0.527696] SCSI subsystem initialized
[    0.528434] ACPI: bus type USB registered
[    0.529121] usbcore: registered new interface driver usbfs
[    0.529963] usbcore: registered new interface driver hub
[    0.530812] usbcore: registered new device driver usb
[    0.531780] PCI: Using ACPI for IRQ routing
[    0.532739] NetLabel: Initializing
[    0.533360] NetLabel:  domain hash size = 128
[    0.534065] NetLabel:  protocols = UNLABELED CIPSOv4
[    0.534848] NetLabel:  unlabeled traffic allowed by default
[    0.535908] amd_nb: Cannot enumerate AMD northbridges
[    0.536746] clocksource: Switched to clocksource kvm-clock
[    0.545610] AppArmor: AppArmor Filesystem Enabled
[    0.546475] pnp: PnP ACPI init
[    0.547680] pnp: PnP ACPI: found 3 devices
[    0.556022] clocksource: acpi_pm: mask: 0xffffff max_cycles: 0xffffff, max_idle_ns: 2085701024 ns
[    0.557460] NET: Registered protocol family 2
[    0.558339] TCP established hash table entries: 8192 (order: 4, 65536 bytes)
[    0.559469] TCP bind hash table entries: 8192 (order: 5, 131072 bytes)
[    0.560505] TCP: Hash tables configured (established 8192 bind 8192)
[    0.561514] UDP hash table entries: 512 (order: 2, 16384 bytes)
[    0.562406] UDP-Lite hash table entries: 512 (order: 2, 16384 bytes)
[    0.563369] NET: Registered protocol family 1
[    0.564075] pci 0000:00:00.0: Limiting direct PCI/PCI transfers
[    0.565010] pci 0000:00:01.0: Activating ISA DMA hang workarounds
[    0.567575] Unpacking initramfs...
[    0.788298] Freeing initrd memory: 15444K
[    0.789232] clocksource: tsc: mask: 0xffffffffffffffff max_cycles: 0x1e36a685b69, max_idle_ns: 440795255641 ns
[    0.790791] platform rtc_cmos: registered platform RTC device (no PNP device found)
[    0.792095] Scanning for low memory corruption every 60 seconds
[    0.793383] audit: initializing netlink subsys (disabled)
[    0.794602] audit: type=2000 audit(1598342534.545:1): initialized
[    0.796315] Initialise system trusted keyring
[    0.797511] HugeTLB registered 2 MB page size, pre-allocated 0 pages
[    0.799278] zbud: loaded
[    0.800068] VFS: Disk quotas dquot_6.6.0
[    0.800729] VFS: Dquot-cache hash table entries: 512 (order 0, 4096 bytes)
[    0.801881] squashfs: version 4.0 (2009/01/31) Phillip Lougher
[    0.802977] fuse init (API version 7.23)
[    0.803907] Key type big_key registered
[    0.804712] Allocating IMA MOK and blacklist keyrings.
[    0.806727] Key type asymmetric registered
[    0.807389] Asymmetric key parser 'x509' registered
[    0.808165] Block layer SCSI generic (bsg) driver version 0.4 loaded (major 249)
[    0.809419] io scheduler noop registered
[    0.810061] io scheduler deadline registered (default)
[    0.810852] io scheduler cfq registered
[    0.811560] pci_hotplug: PCI Hot Plug PCI Core version: 0.5
[    0.812386] pciehp: PCI Express Hot Plug Controller Driver version: 0.4
[    0.813449] ACPI: AC Adapter [AC] (on-line)
[    0.814160] input: Power Button as /devices/LNXSYSTM:00/LNXPWRBN:00/input/input0
[    0.815353] ACPI: Power Button [PWRF]
[    0.816005] input: Sleep Button as /devices/LNXSYSTM:00/LNXSLPBN:00/input/input1
[    0.817256] ACPI: Sleep Button [SLPF]
[    0.818037] GHES: HEST is not enabled!
[    0.818719] ACPI: Battery Slot [BAT0] (battery present)
[    0.818747] Serial: 8250/16550 driver, 32 ports, IRQ sharing enabled
[    0.839841] 00:02: ttyS0 at I/O 0x3f8 (irq = 4, base_baud = 115200) is a 16550A
[    0.841518] Linux agpgart interface v0.103
[    0.845285] loop: module loaded
[    0.846294] scsi host0: ata_piix
[    0.846936] scsi host1: ata_piix
[    0.847511] ata1: PATA max UDMA/33 cmd 0x1f0 ctl 0x3f6 bmdma 0xd000 irq 14
[    0.848455] ata2: PATA max UDMA/33 cmd 0x170 ctl 0x376 bmdma 0xd008 irq 15
[    0.849483] libphy: Fixed MDIO Bus: probed
[    0.850141] tun: Universal TUN/TAP device driver, 1.6
[    0.850894] tun: (C) 1999-2004 Max Krasnyansky <maxk@qualcomm.com>
[    0.851858] PPP generic driver version 2.4.2
[    0.852600] ehci_hcd: USB 2.0 'Enhanced' Host Controller (EHCI) Driver
[    0.853566] ehci-pci: EHCI PCI platform driver
[    0.854269] ehci-platform: EHCI generic platform driver
[    0.855056] ohci_hcd: USB 1.1 'Open' Host Controller (OHCI) Driver
[    0.855948] ohci-pci: OHCI PCI platform driver
[    0.856652] ohci-platform: OHCI generic platform driver
[    0.857453] uhci_hcd: USB Universal Host Controller Interface driver
[    0.858412] i8042: PNP: PS/2 Controller [PNP0303:PS2K,PNP0f03:PS2M] at 0x60,0x64 irq 1,12
[    0.860109] serio: i8042 KBD port at 0x60,0x64 irq 1
[    0.860876] serio: i8042 AUX port at 0x60,0x64 irq 12
[    0.861800] mousedev: PS/2 mouse device common for all mice
[    0.863113] rtc_cmos rtc_cmos: rtc core: registered rtc_cmos as rtc0
[    0.864102] input: AT Translated Set 2 keyboard as /devices/platform/i8042/serio0/input/input2
[    0.865503] rtc_cmos rtc_cmos: alarms up to one day, 114 bytes nvram
[    0.866522] i2c /dev entries driver
[    0.867157] device-mapper: uevent: version 1.0.3
[    0.867947] device-mapper: ioctl: 4.34.0-ioctl (2015-10-28) initialised: dm-devel@redhat.com
[    0.869276] ledtrig-cpu: registered to indicate activity on CPUs
[    0.870644] NET: Registered protocol family 10
[    0.872017] NET: Registered protocol family 17
[    0.872767] Key type dns_resolver registered
[    0.873790] registered taskstats version 1
[    0.874469] Loading compiled-in X.509 certificates
[    0.875670] Loaded X.509 cert 'Build time autogenerated kernel key: f06b7227f29f55afa9b8968d1b82289d30ebc7c3'
[    0.877148] zswap: loaded using pool lzo/zbud
[    0.879706] Key type trusted registered
[    0.883643] Key type encrypted registered
[    0.884323] AppArmor: AppArmor sha1 policy hashing enabled
[    0.885201] ima: No TPM chip found, activating TPM-bypass!
[    0.886022] ima: Allocated hash algorithm: sha1
[    0.886740] evm: HMAC attrs: 0x1
[    0.887612]   Magic number: 0:699:18
[    0.888294] rtc_cmos rtc_cmos: setting system clock to 2020-08-25 08:02:10 UTC (1598342530)
[    0.889721] BIOS EDD facility v0.16 2004-Jun-25, 0 devices found
[    0.890802] EDD information not available.
[    1.032556] Freeing unused kernel memory: 1492K
[    1.034023] Write protecting the kernel read-only data: 14336k
[    1.036655] Freeing unused kernel memory: 1592K
[    1.038563] Freeing unused kernel memory: 56K
Loading, please wait...
starting version 229
[    1.092703] random: systemd-udevd: uninitialized urandom read (16 bytes read, 2 bits of entropy available)
[    1.093825] random: udevadm: uninitialized urandom read (16 bytes read, 2 bits of entropy available)
[    1.093877] random: udevadm: uninitialized urandom read (16 bytes read, 2 bits of entropy available)
[    1.099499] random: systemd-udevd: uninitialized urandom read (16 bytes read, 2 bits of entropy available)
[    1.101896] random: systemd-udevd: uninitialized urandom read (16 bytes read, 2 bits of entropy available)
[    1.104539] random: systemd-udevd: uninitialized urandom read (16 bytes read, 2 bits of entropy available)
[    1.107173] random: udevadm: uninitialized urandom read (16 bytes read, 2 bits of entropy available)
[    1.108036] random: systemd-udevd: uninitialized urandom read (16 bytes read, 2 bits of entropy available)
[    1.108068] random: systemd-udevd: uninitialized urandom read (16 bytes read, 2 bits of entropy available)
[    1.108085] random: systemd-udevd: uninitialized urandom read (16 bytes read, 2 bits of entropy available)
[    1.170545] e1000: Intel(R) PRO/1000 Network Driver - version 7.3.21-k8-NAPI
[    1.171871] e1000: Copyright (c) 1999-2006 Intel Corporation.
[    1.175496] Fusion MPT base driver 3.04.20
[    1.176508] Copyright (c) 1999-2008 LSI Corporation
[    1.184822] Fusion MPT SPI Host driver 3.04.20
[    1.195915] AVX2 version of gcm_enc/dec engaged.
[    1.197091] AES CTR mode by8 optimization enabled
[    1.508316] input: ImExPS/2 Generic Explorer Mouse as /devices/platform/i8042/serio1/input/input4
[    1.528790] e1000 0000:00:03.0 eth0: (PCI:33MHz:32-bit) 02:38:f8:91:fa:5a
[    1.530039] e1000 0000:00:03.0 eth0: Intel(R) PRO/1000 Network Connection
[    2.263555] e1000 0000:00:08.0 eth1: (PCI:33MHz:32-bit) 08:00:27:82:55:18
[    2.264581] e1000 0000:00:08.0 eth1: Intel(R) PRO/1000 Network Connection
[    2.266173] mptbase: ioc0: Initiating bringup
[    2.267044] e1000 0000:00:03.0 enp0s3: renamed from eth0
[    2.285432] e1000 0000:00:08.0 enp0s8: renamed from eth1
[    2.329661] ioc0: LSI53C1030 A0: Capabilities={Initiator}
[    2.490356] scsi host2: ioc0: LSI53C1030 A0, FwRev=00000000h, Ports=1, MaxQ=256, IRQ=20
[    2.601626] scsi 2:0:0:0: Direct-Access     VBOX     HARDDISK         1.0  PQ: 0 ANSI: 5
[    2.603446] scsi target2:0:0: Beginning Domain Validation
[    2.605332] scsi target2:0:0: Domain Validation skipping write tests
[    2.606566] scsi target2:0:0: Ending Domain Validation
[    2.607684] scsi target2:0:0: asynchronous
[    2.608891] scsi 2:0:1:0: Direct-Access     VBOX     HARDDISK         1.0  PQ: 0 ANSI: 5
[    2.610593] scsi target2:0:1: Beginning Domain Validation
[    2.612252] scsi target2:0:1: Domain Validation skipping write tests
[    2.613249] scsi target2:0:1: Ending Domain Validation
[    2.614112] scsi target2:0:1: asynchronous
[    2.619174] sd 2:0:0:0: Attached scsi generic sg0 type 0
[    2.619270] sd 2:0:0:0: [sda] 20971520 512-byte logical blocks: (10.7 GB/10.0 GiB)
[    2.619358] sd 2:0:0:0: [sda] Write Protect is off
[    2.619411] sd 2:0:0:0: [sda] Incomplete mode parameter data
[    2.619412] sd 2:0:0:0: [sda] Assuming drive cache: write through
[    2.620277]  sda: sda1
[    2.620900] sd 2:0:0:0: [sda] Attached SCSI disk
[    2.626570] sd 2:0:1:0: Attached scsi generic sg1 type 0
[    2.626706] sd 2:0:1:0: [sdb] 20480 512-byte logical blocks: (10.5 MB/10.0 MiB)
[    2.626856] sd 2:0:1:0: [sdb] Write Protect is off
[    2.626928] sd 2:0:1:0: [sdb] Incomplete mode parameter data
[    2.626930] sd 2:0:1:0: [sdb] Assuming drive cache: write through
[    2.629219] sd 2:0:1:0: [sdb] Attached SCSI disk
Begin: Loading essential drivers ... [    3.926667] md: linear personality registered for level -1
[    3.929903] md: multipath personality registered for level -4
[    3.933088] md: raid0 personality registered for level 0
[    3.936579] md: raid1 personality registered for level 1
[    4.005742] raid6: sse2x1   gen()  8040 MB/s
[    4.073334] raid6: sse2x1   xor()  7524 MB/s
[    4.140909] raid6: sse2x2   gen() 15625 MB/s
[    4.209475] raid6: sse2x2   xor() 10401 MB/s
[    4.277116] raid6: sse2x4   gen() 16397 MB/s
[    4.345646] raid6: sse2x4   xor()  8303 MB/s
[    4.413250] raid6: avx2x1   gen() 15700 MB/s
[    4.480841] raid6: avx2x2   gen() 22480 MB/s
[    4.549384] raid6: avx2x4   gen() 23488 MB/s
[    4.550111] raid6: using algorithm avx2x4 gen() 23488 MB/s
[    4.550927] raid6: using avx2x2 recovery algorithm
[    4.552960] xor: automatically using best checksumming function:
[    4.593472]    avx       : 14448.000 MB/sec
[    4.595453] async_tx: api initialized (async)
[    4.604429] md: raid6 personality registered for level 6
[    4.605280] md: raid5 personality registered for level 5
[    4.606061] md: raid4 personality registered for level 4
[    4.611530] md: raid10 personality registered for level 10
done.
Begin: Running /scripts/init-premount ... done.
Begin: Mounting root file system ... Begin: Running /scripts/local-top ... done.
Begin: Running /scripts/local-premount ... [    4.635280] Btrfs loaded
Scanning for Btrfs filesystems
done.
Warning: fsck not present, so skipping root file system
[    4.658486] EXT4-fs (sda1): mounted filesystem with ordered data mode. Opts: (null)
done.
Begin: Running /scripts/local-bottom ... done.
Begin: Running /scripts/init-bottom ... done.
[    4.754223] systemd[1]: systemd 229 running in system mode. (+PAM +AUDIT +SELINUX +IMA +APPARMOR +SMACK +SYSVINIT +UTMP +LIBCRYPTSETUP +GCRYPT +GNUTLS +ACL +XZ -LZ4 +SECCOMP +BLKID +ELFUTILS +KMOD -IDN)
[    4.756880] systemd[1]: Detected virtualization oracle.
[    4.757695] systemd[1]: Detected architecture x86-64.

Welcome to [1mUbuntu 16.04.6 LTS[0m!

[    4.761239] systemd[1]: Set hostname to <ubuntu-xenial>.
[    4.888740] systemd[1]: Listening on Journal Socket.
[[0;32m  OK  [0m] Listening on Journal Socket.
[    4.890541] systemd[1]: Created slice User and Session Slice.
[[0;32m  OK  [0m] Created slice User and Session Slice.
[    4.892147] systemd[1]: Reached target User and Group Name Lookups.
[[0;32m  OK  [0m] Reached target User and Group Name Lookups.
[    4.894047] systemd[1]: Created slice System Slice.
[[0;32m  OK  [0m] Created slice System Slice.
[    4.909142] systemd[1]: Mounting Huge Pages File System...
         Mounting Huge Pages File System...
[    4.913413] systemd[1]: Starting Set console keymap...
         Starting Set console keymap...
[    4.918178] systemd[1]: Starting Create list of required static device nodes for the current kernel...
         Starting Create list of required st... nodes for the current kernel...
[    4.921994] systemd[1]: Mounting Debug File System...
         Mounting Debug File System...
[    4.927474] systemd[1]: Starting Load Kernel Modules...
         Starting Load Kernel Modules...
[    4.929598] systemd[1]: Created slice system-postgresql.slice.
[[0;32m  OK  [0m] Created slice system-postgresql.slice.
[    4.931731] systemd[1]: Mounting POSIX Message Queue File System...
         Mounting POSIX Message Queue File System...
[    4.934455] systemd[1]: Listening on Journal Audit Socket.
[[0;32m  OK  [0m] Listening on Journal Audit Socket.
[    4.936415] systemd[1]: Listening on Device-mapper event daemon FIFOs.
[[0;32m  OK  [0m] Listening on Device-mapper event daemon FIFOs.
[    4.940395] Loading iSCSI transport class v2.0-870.
[    4.944037] systemd[1]: Starting Uncomplicated firewall...
         Starting Uncomplicated firewall...
[    4.946203] systemd[1]: Starting Remount Root and Kernel File Systems...
         Starting Remount Root and Kernel File Systems...
[    4.948558] systemd[1]: Starting Nameserver information manager...
         Starting Nameserver information manager...
[    4.950481] systemd[1]: Set up automount Arbitrary Executable File Formats File System Automount Point.
[[0;32m  OK  [0m] Set up automount Arbitrary Executab...ats File System Automount Point.
[    4.953211] systemd[1]: Reached target Encrypted Volumes.
[[0;32m  OK  [0m] Reached target Encrypted Volumes.
[    4.954898] systemd[1]: Reached target Swap.
[[0;32m  OK  [0m] Reached target Swap.
[    4.956351] systemd[1]: Listening on /dev/initctl Compatibility Named Pipe.
[[0;32m  OK  [0m] Listening on /dev/initctl Compatibility Named Pipe.
[    4.961697] systemd[1]: Started Forward Password Requests to Wall Directory Watch.
[[0;32m  OK  [0m] Started Forward Password Requests to Wall Directory Watch.
[    4.963929] systemd[1]: Listening on Syslog Socket.
[[0;32m  OK  [0m] Listening on Syslog Socket.
[    4.965516] EXT4-fs (sda1): re-mounted. Opts: (null)
[    4.968305] systemd[1]: Listening on udev Control Socket.
[[0;32m  OK  [0m] Listening on udev Control Socket.
[    4.969970] systemd[1]: Listening on Journal Socket (/dev/log).
[[0;32m  OK  [0m] Listening on Journal Socket (/dev/log).
[    4.973267] systemd[1]: Starting Journal Service...
         Starting Journal Service...
[    4.975732] systemd[1]: Created slice system-serial\x2dgetty.slice.
[    4.977244] iscsi: registered transport (tcp)
[[0;32m  OK  [0m] Created slice system-serial\x2dgetty.slice.
[    4.978571] systemd[1]: Listening on LVM2 metadata daemon socket.
[[0;32m  OK  [0m] Listening on LVM2 metadata daemon socket.
[    4.981793] systemd[1]: Starting Monitoring of LVM2 mirrors, snapshots etc. using dmeventd or progress polling...
         Starting Monitoring of LVM2 mirrors... dmeventd or progress polling...
[    4.985375] systemd[1]: Listening on udev Kernel Socket.
[[0;32m  OK  [0m] Listening on udev Kernel Socket.
[    4.987271] systemd[1]: Listening on LVM2 poll daemon socket.
[[0;32m  OK  [0m] Listening on LVM2 poll daemon socket.
[    4.989321] systemd[1]: Started Trigger resolvconf update for networkd DNS.
[[0;32m  OK  [0m] Started Trigger resolvconf update for networkd DNS.
[    4.991537] systemd[1]: Reached target Slices.
[[0;32m  OK  [0m] Reached target Slices.
[    4.993109] systemd[1]: Reached target System Time Synchronized.
[[0;32m  OK  [0m] Reached target System Time Synchronized.
[    4.996416] systemd[1]: Mounted Debug File System.
[[0;32m  OK  [0m] Mounted Debug File System.
[    4.998486] systemd[1]: Mounted Huge Pages File System.
[[0;32m  OK  [0m] Mounted Huge Pages File System.
[    5.000424] systemd[1]: Mounted POSIX Message Queue File System.
[[0;32m  OK  [0m] Mounted POSIX Message Queue File System.
[    5.004812] systemd[1]: Started Set console keymap.
[[0;32m  OK  [0m] Started Set console keymap.
[    5.007030] systemd[1]: Started Create list of required static device nodes for the current kernel.
[[0;32m  OK  [0m] Started Create list of required sta...ce nodes for the current kernel.
[    5.010459] systemd[1]: Started Uncomplicated firewall.
[[0;32m  OK  [0m] Started Uncomplicated firewall.
[    5.012568] systemd[1]: Started Remount Root and Kernel File Systems.
[[0;32m  OK  [0m] Started Remount Root and Kernel File Systems.
[    5.016717] systemd[1]: Started Journal Service.
[[0;32m  OK  [0m] Started Journal Service.
[[0;32m  OK  [0m] Started LVM2 metadata daemon.
         Starting Load/Save Random Seed...
         Starting Flush Journal to Persistent Storage...
[    5.025961] iscsi: registered transport (iser)
         Starting udev Coldplug all Devices...
         Starting Create Static Device Nodes in /dev...
[[0;32m  OK  [0m] Started Nameserver information manager.
[[0;32m  OK  [0m] Started Load Kernel Modules.
[[0;32m  OK  [0m] Started Load/Save Random Seed.
         Starting Apply Kernel Variables...
         Mounting FUSE Control File System...
[[0;32m  OK  [0m] Mounted FUSE Control File System.
[    5.050979] systemd-journald[418]: Received request to flush runtime journal from PID 1
[[0;32m  OK  [0m] Started Apply Kernel Variables.
[[0;32m  OK  [0m] Started Flush Journal to Persistent Storage.
[[0;32m  OK  [0m] Started Create Static Device Nodes in /dev.
         Starting udev Kernel Device Manager...
[[0;32m  OK  [0m] Started udev Coldplug all Devices.
[[0;32m  OK  [0m] Started Monitoring of LVM2 mirrors,...ng dmeventd or progress polling.
[[0;32m  OK  [0m] Reached target Local File Systems (Pre).
[[0;32m  OK  [0m] Reached target Local File Systems.
         Starting Tell Plymouth To Write Out Runtime Data...
         Starting LSB: AppArmor initialization...
         Starting Set console font and keymap...
         Starting Create Volatile Files and Directories...
         Starting Initial cloud-init job (pre-networking)...
[[0;32m  OK  [0m] Started udev Kernel Device Manager.
[[0;32m  OK  [0m] Started Tell Plymouth To Write Out Runtime Data.
[[0;32m  OK  [0m] Started Dispatch Password Requests to Console Directory Watch.
[[0;32m  OK  [0m] Started Create Volatile Files and Directories.
         Starting Update UTMP about System Boot/Shutdown...
[[0;32m  OK  [0m] Started Update UTMP about System Boot/Shutdown.
[[0;32m  OK  [0m] Started LSB: AppArmor initialization.
[[0;32m  OK  [0m] Found device /dev/ttyS0.
[[0;32m  OK  [0m] Listening on Load/Save RF Kill Switch Status /dev/rfkill Watch.
         Starting Load AppArmor profiles managed internally by snapd...
[[0;32m  OK  [0m] Started Load AppArmor profiles managed internally by snapd.
[[0;32m  OK  [0m] Started Set console font and keymap.
[[0;32m  OK  [0m] Created slice system-getty.slice.
[[0;32m  OK  [0m] Found device 82540EM Gigabit Ethern...r (PRO/1000 MT Desktop Adapter).
[[0;32m  OK  [0m] Found device 82540EM Gigabit Ethern...r (PRO/1000 MT Desktop Adapter).
[    5.834370] cloud-init[504]: Cloud-init v. 19.4-33-gbb4131a2-0ubuntu1~16.04.1 running 'init-local' at Tue, 25 Aug 2020 08:02:15 +0000. Up 5.62 seconds.
[[0;32m  OK  [0m] Started Initial cloud-init job (pre-networking).
[[0;32m  OK  [0m] Reached target Network (Pre).
[[0;32m  OK  [0m] Started ifup for enp0s8.
         Starting Raise network interfaces...
[[0;32m  OK  [0m] Started ifup for enp0s3.
[[0;32m  OK  [0m] Started Raise network interfaces.
         Starting Initial cloud-init job (metadata service crawler)...
[[0;32m  OK  [0m] Reached target Network.
[    6.477287] cloud-init[1093]: Cloud-init v. 19.4-33-gbb4131a2-0ubuntu1~16.04.1 running 'init' at Tue, 25 Aug 2020 08:02:16 +0000. Up 6.24 seconds.
[    6.478912] cloud-init[1093]: ci-info: ++++++++++++++++++++++++++++++++++++++Net device info+++++++++++++++++++++++++++++++++++++++
[    6.480520] cloud-init[1093]: ci-info: +--------+------+-----------------------------+---------------+--------+-------------------+
[    6.481764] cloud-init[1093]: ci-info: | Device |  Up  |           Address           |      Mask     | Scope  |     Hw-Address    |
[    6.483118] cloud-init[1093]: ci-info: +--------+------+-----------------------------+---------------+--------+-------------------+
[    6.484683] cloud-init[1093]: ci-info: | enp0s3 | True |          10.0.2.15          | 255.255.255.0 | global | 02:38:f8:91:fa:5a |
[    6.486183] cloud-init[1093]: ci-info: | enp0s3 | True |  fe80::38:f8ff:fe91:fa5a/64 |       .       |  link  | 02:38:f8:91:fa:5a |
[    6.487804] cloud-init[1093]: ci-info: | enp0s8 | True |        192.168.33.10        | 255.255.255.0 | global | 08:00:27:82:55:18 |
[    6.489314] cloud-init[1093]: ci-info: | enp0s8 | True | fe80::a00:27ff:fe82:5518/64 |       .       |  link  | 08:00:27:82:55:18 |
[    6.490785] cloud-init[1093]: ci-info: |   lo   | True |          127.0.0.1          |   255.0.0.0   |  host  |         .         |
[    6.492215] cloud-init[1093]: ci-info: |   lo   | True |           ::1/128           |       .       |  host  |         .         |
[    6.493736] cloud-init[1093]: ci-info: +--------+------+-----------------------------+---------------+--------+-------------------+
[    6.495375] cloud-init[1093]: ci-info: ++++++++++++++++++++++++++++Route IPv4 info++++++++++++++++++++++++++++
[    6.496791] cloud-init[1093]: ci-info: +-------+--------------+----------+---------------+-----------+-------+
[    6.498221] cloud-init[1093]: ci-info: | Route | Destination  | Gateway  |    Genmask    | Interface | Flags |
[    6.499654] cloud-init[1093]: ci-info: +-------+--------------+----------+---------------+-----------+-------+
[    6.501017] cloud-init[1093]: ci-info: |   0   |   0.0.0.0    | 10.0.2.2 |    0.0.0.0    |   enp0s3  |   UG  |
[    6.502626] cloud-init[1093]: ci-info: |   1   |   10.0.2.0   | 0.0.0.0  | 255.255.255.0 |   enp0s3  |   U   |
[    6.504087] cloud-init[1093]: ci-info: |   2   | 192.168.33.0 | 0.0.0.0  | 255.255.255.0 |   enp0s8  |   U   |
[    6.505395] cloud-init[1093]: ci-info: +-------+--------------+----------+---------------+-----------+-------+
[    6.506695] cloud-init[1093]: ci-info: +++++++++++++++++++Route IPv6 info+++++++++++++++++++
[    6.507896] cloud-init[1093]: ci-info: +-------+-------------+---------+-----------+-------+
[    6.509168] cloud-init[1093]: ci-info: | Route | Destination | Gateway | Interface | Flags |
[    6.510354] cloud-init[1093]: ci-info: +-------+-------------+---------+-----------+-------+
[    6.511573] cloud-init[1093]: ci-info: |   0   |  fe80::/64  |    ::   |   enp0s8  |   U   |
[    6.512788] cloud-init[1093]: ci-info: |   1   |  fe80::/64  |    ::   |   enp0s3  |   U   |
[    6.514087] cloud-init[1093]: ci-info: |   4   |   ff00::/8  |    ::   |   enp0s8  |   U   |
[    6.515350] cloud-init[1093]: ci-info: |   5   |   ff00::/8  |    ::   |   enp0s3  |   U   |
[    6.516637] cloud-init[1093]: ci-info: +-------+-------------+---------+-----------+-------+
[[0;32m  OK  [0m] Started Initial cloud-init job (metadata service crawler).
[[0;32m  OK  [0m] Reached target Network is Online.
         Starting iSCSI initiator daemon (iscsid)...
[[0;32m  OK  [0m] Reached target System Initialization.
[[0;32m  OK  [0m] Listening on ACPID Listen Socket.
         Starting LXD - unix socket.
[[0;32m  OK  [0m] Listening on D-Bus System Message Bus Socket.
         Starting Socket activation for snappy daemon.
[[0;32m  OK  [0m] Listening on UUID daemon activation socket.
[[0;32m  OK  [0m] Started Daily apt download activities.
[[0;32m  OK  [0m] Started Daily apt upgrade and clean activities.
[[0;32m  OK  [0m] Started ACPI Events Check.
[[0;32m  OK  [0m] Reached target Paths.
[[0;32m  OK  [0m] Started Daily Cleanup of Temporary Directories.
[[0;32m  OK  [0m] Started Message of the Day.
[[0;32m  OK  [0m] Reached target Timers.
[[0;32m  OK  [0m] Reached target Cloud-config availability.
[[0;32m  OK  [0m] Listening on LXD - unix socket.
[[0;32m  OK  [0m] Listening on Socket activation for snappy daemon.
[[0;32m  OK  [0m] Reached target Sockets.
[[0;32m  OK  [0m] Reached target Basic System.
         Starting PostgreSQL Cluster 9.5-main...
         Starting LSB: Record successful boot for GRUB...
         Starting Accounts Service...
[[0;32m  OK  [0m] Started Regular background program processing daemon.
         Starting vboxadd.service...
         Starting Login Service...
[[0;32m  OK  [0m] Started FUSE filesystem for LXC.
[[0;32m  OK  [0m] Started ACPI event daemon.
[[0;32m  OK  [0m] Started Deferred execution scheduler.
         Starting System Logging Service...
         Starting /etc/rc.local Compatibility...
[[0;32m  OK  [0m] Started D-Bus System Message Bus.
         Starting LSB: MD monitoring daemon...
         Starting OpenBSD Secure Shell server...
         Starting Snap Daemon...
         Starting LXD - container startup/shutdown...
[[0;32m  OK  [0m] Started System Logging Service.
[[0;32m  OK  [0m] Started iSCSI initiator daemon (iscsid).
[[0;32m  OK  [0m] Started /etc/rc.local Compatibility.
[[0;32m  OK  [0m] Started Login Service.
[[0;32m  OK  [0m] Started Unattended Upgrades Shutdown.
         Starting Authenticate and Authorize Users to Run Privileged Tasks...
         Starting Login to default iSCSI targets...
[[0;32m  OK  [0m] Started LSB: Record successful boot for GRUB.
[[0;32m  OK  [0m] Started LSB: MD monitoring daemon.
[[0;32m  OK  [0m] Started Authenticate and Authorize Users to Run Privileged Tasks.
[[0;32m  OK  [0m] Started Accounts Service.
[[0;32m  OK  [0m] Started Login to default iSCSI targets.
[[0;32m  OK  [0m] Reached target Remote File Systems (Pre).
[[0;32m  OK  [0m] Reached target Remote File Systems.
         Starting Permit User Sessions...
         Starting LSB: automatic crash report generation...
         Starting LSB: Start/stop sysstat's sadc...
         Starting LSB: Set the CPU Frequency Scaling governor to "ondemand"...
         Starting LSB: daemon to balance interrupts for SMP systems...
[[0;32m  OK  [0m] Started OpenBSD Secure Shell server.
[[0;32m  OK  [0m] Started Permit User Sessions.
         Starting Terminate Plymouth Boot Screen...
         Starting Hold until boot process finishes up...
[[0;32m  OK  [0m] Started Hold until boot process finishes up.
         Starting Set console scheme...
[[0;32m  OK  [0m] Started Getty on tty1.
[[0;32m  OK  [0m] Started Serial Getty on ttyS0.
[[0;32m  OK  [0m] Reached target Login Prompts.
[[0;32m  OK  [0m] Started Set console scheme.
[[0;32m  OK  [0m] Started Terminate Plymouth Boot Screen.
[[0;32m  OK  [0m] Started LSB: Set the CPU Frequency Scaling governor to "ondemand".
[[0;32m  OK  [0m] Started LSB: Start/stop sysstat's sadc.
[[0;32m  OK  [0m] Started LSB: automatic crash report generation.
[[0;32m  OK  [0m] Started LSB: daemon to balance interrupts for SMP systems.
[[0;32m  OK  [0m] Started LXD - container startup/shutdown.
[[0;32m  OK  [0m] Started Snap Daemon.
         Starting Wait until snapd is fully seeded...
[[0;32m  OK  [0m] Started Wait until snapd is fully seeded.
         Starting Apply the settings specified in cloud-config...
[    7.745336] cloud-init[1371]: Cloud-init v. 19.4-33-gbb4131a2-0ubuntu1~16.04.1 running 'modules:config' at Tue, 25 Aug 2020 08:02:17 +0000. Up 7.61 seconds.
[[0;32m  OK  [0m] Started Apply the settings specified in cloud-config.
[[0;32m  OK  [0m] Started vboxadd.service.
         Starting vboxadd-service.service...
[[0;32m  OK  [0m] Started vboxadd-service.service.
[[0;32m  OK  [0m] Started PostgreSQL Cluster 9.5-main.
         Starting PostgreSQL RDBMS...
[[0;32m  OK  [0m] Started PostgreSQL RDBMS.
[[0;32m  OK  [0m] Reached target Multi-User System.
         Starting Execute cloud user/final scripts...
[[0;32m  OK  [0m] Reached target Graphical Interface.
         Starting Update UTMP about System Runlevel Changes...
[[0;32m  OK  [0m] Started Update UTMP about System Runlevel Changes.
[    9.429246] cloud-init[1467]: Cloud-init v. 19.4-33-gbb4131a2-0ubuntu1~16.04.1 running 'modules:final' at Tue, 25 Aug 2020 08:02:19 +0000. Up 9.34 seconds.
[    9.431496] cloud-init[1467]: Cloud-init v. 19.4-33-gbb4131a2-0ubuntu1~16.04.1 finished at Tue, 25 Aug 2020 08:02:19 +0000. Datasource DataSourceNoCloud [seed=/dev/sdb][dsmode=net].  Up 9.42 seconds
[[0;32m  OK  [0m] Started Execute cloud user/final scripts.
[[0;32m  OK  [0m] Reached target Cloud-init target.

Ubuntu 16.04.6 LTS ubuntu-xenial ttyS0

ubuntu-xenial login: 