[    0.000000] Initializing cgroup subsys cpuset
[    0.000000] Initializing cgroup subsys cpu
[    0.000000] Initializing cgroup subsys cpuacct
[    0.000000] Linux version 4.4.0-187-generic (buildd@lgw01-amd64-035) (gcc version 5.4.0 20160609 (Ubuntu 5.4.0-6ubuntu1~16.04.12) ) #217-Ubuntu SMP Tue Jul 21 04:18:15 UTC 2020 (Ubuntu 4.4.0-187.217-generic 4.4.230)
[    0.000000] Command line: BOOT_IMAGE=/boot/vmlinuz-4.4.0-187-generic root=UUID=e8c36fc6-4c06-466e-87c7-f7e1835398e0 ro console=tty1 console=ttyS0
[    0.000000] KERNEL supported cpus:
[    0.000000]   Intel GenuineIntel
[    0.000000]   AMD AuthenticAMD
[    0.000000]   Centaur CentaurHauls
[    0.000000] [Firmware Bug]: TSC doesn't count with P0 frequency!
[    0.000000] x86/fpu: xstate_offset[2]:  576, xstate_sizes[2]:  256
[    0.000000] x86/fpu: Supporting XSAVE feature 0x01: 'x87 floating point registers'
[    0.000000] x86/fpu: Supporting XSAVE feature 0x02: 'SSE registers'
[    0.000000] x86/fpu: Supporting XSAVE feature 0x04: 'AVX registers'
[    0.000000] x86/fpu: Enabled xstate features 0x7, context size is 832 bytes, using 'standard' format.
[    0.000000] e820: BIOS-provided physical RAM map:
[    0.000000] BIOS-e820: [mem 0x0000000000000000-0x000000000009fbff] usable
[    0.000000] BIOS-e820: [mem 0x000000000009fc00-0x000000000009ffff] reserved
[    0.000000] BIOS-e820: [mem 0x00000000000f0000-0x00000000000fffff] reserved
[    0.000000] BIOS-e820: [mem 0x0000000000100000-0x000000003ffeffff] usable
[    0.000000] BIOS-e820: [mem 0x000000003fff0000-0x000000003fffffff] ACPI data
[    0.000000] BIOS-e820: [mem 0x00000000fec00000-0x00000000fec00fff] reserved
[    0.000000] BIOS-e820: [mem 0x00000000fee00000-0x00000000fee00fff] reserved
[    0.000000] BIOS-e820: [mem 0x00000000fffc0000-0x00000000ffffffff] reserved
[    0.000000] NX (Execute Disable) protection: active
[    0.000000] SMBIOS 2.5 present.
[    0.000000] Hypervisor detected: KVM
[    0.000000] Kernel/User page tables isolation: disabled
[    0.000000] e820: last_pfn = 0x3fff0 max_arch_pfn = 0x400000000
[    0.000000] MTRR: Disabled
[    0.000000] x86/PAT: MTRRs disabled, skipping PAT initialization too.
[    0.000000] CPU MTRRs all blank - virtualized system.
[    0.000000] x86/PAT: Configuration [0-7]: WB  WT  UC- UC  WB  WT  UC- UC  
[    0.000000] found SMP MP-table at [mem 0x0009fff0-0x0009ffff] mapped at [ffff88000009fff0]
[    0.000000] Scanning 1 areas for low memory corruption
[    0.000000] RAMDISK: [mem 0x361c6000-0x370dafff]
[    0.000000] ACPI: Early table checksum verification disabled
[    0.000000] ACPI: RSDP 0x00000000000E0000 000024 (v02 VBOX  )
[    0.000000] ACPI: XSDT 0x000000003FFF0030 00003C (v01 VBOX   VBOXXSDT 00000001 ASL  00000061)
[    0.000000] ACPI: FACP 0x000000003FFF00F0 0000F4 (v04 VBOX   VBOXFACP 00000001 ASL  00000061)
[    0.000000] ACPI: DSDT 0x000000003FFF0470 002325 (v02 VBOX   VBOXBIOS 00000002 INTL 20100528)
[    0.000000] ACPI: FACS 0x000000003FFF0200 000040
[    0.000000] ACPI: FACS 0x000000003FFF0200 000040
[    0.000000] ACPI: APIC 0x000000003FFF0240 00005C (v02 VBOX   VBOXAPIC 00000001 ASL  00000061)
[    0.000000] ACPI: SSDT 0x000000003FFF02A0 0001CC (v01 VBOX   VBOXCPUT 00000002 INTL 20100528)
[    0.000000] No NUMA configuration found
[    0.000000] Faking a node at [mem 0x0000000000000000-0x000000003ffeffff]
[    0.000000] NODE_DATA(0) allocated [mem 0x3ffeb000-0x3ffeffff]
[    0.000000] kvm-clock: Using msrs 4b564d01 and 4b564d00
[    0.000000] kvm-clock: cpu 0, msr 0:3ffe3001, primary cpu clock
[    0.000000] kvm-clock: using sched offset of 4529347690 cycles
[    0.000000] clocksource: kvm-clock: mask: 0xffffffffffffffff max_cycles: 0x1cd42e4dffb, max_idle_ns: 881590591483 ns
[    0.000000] Zone ranges:
[    0.000000]   DMA      [mem 0x0000000000001000-0x0000000000ffffff]
[    0.000000]   DMA32    [mem 0x0000000001000000-0x000000003ffeffff]
[    0.000000]   Normal   empty
[    0.000000]   Device   empty
[    0.000000] Movable zone start for each node
[    0.000000] Early memory node ranges
[    0.000000]   node   0: [mem 0x0000000000001000-0x000000000009efff]
[    0.000000]   node   0: [mem 0x0000000000100000-0x000000003ffeffff]
[    0.000000] Initmem setup node 0 [mem 0x0000000000001000-0x000000003ffeffff]
[    0.000000] ACPI: PM-Timer IO Port: 0x4008
[    0.000000] IOAPIC[0]: apic_id 2, version 32, address 0xfec00000, GSI 0-23
[    0.000000] ACPI: INT_SRC_OVR (bus 0 bus_irq 0 global_irq 2 dfl dfl)
[    0.000000] ACPI: INT_SRC_OVR (bus 0 bus_irq 9 global_irq 9 low level)
[    0.000000] Using ACPI (MADT) for SMP configuration information
[    0.000000] smpboot: Allowing 2 CPUs, 0 hotplug CPUs
[    0.000000] PM: Registered nosave memory: [mem 0x00000000-0x00000fff]
[    0.000000] PM: Registered nosave memory: [mem 0x0009f000-0x0009ffff]
[    0.000000] PM: Registered nosave memory: [mem 0x000a0000-0x000effff]
[    0.000000] PM: Registered nosave memory: [mem 0x000f0000-0x000fffff]
[    0.000000] e820: [mem 0x40000000-0xfebfffff] available for PCI devices
[    0.000000] Booting paravirtualized kernel on KVM
[    0.000000] clocksource: refined-jiffies: mask: 0xffffffff max_cycles: 0xffffffff, max_idle_ns: 7645519600211568 ns
[    0.000000] setup_percpu: NR_CPUS:512 nr_cpumask_bits:512 nr_cpu_ids:2 nr_node_ids:1
[    0.000000] PERCPU: Embedded 33 pages/cpu @ffff88003fc00000 s95512 r8192 d31464 u1048576
[    0.000000] Built 1 zonelists in Node order, mobility grouping on.  Total pages: 257912
[    0.000000] Policy zone: DMA32
[    0.000000] Kernel command line: BOOT_IMAGE=/boot/vmlinuz-4.4.0-187-generic root=UUID=e8c36fc6-4c06-466e-87c7-f7e1835398e0 ro console=tty1 console=ttyS0
[    0.000000] PID hash table entries: 4096 (order: 3, 32768 bytes)
[    0.000000] Memory: 997100K/1048120K available (8636K kernel code, 1337K rwdata, 4040K rodata, 1492K init, 1296K bss, 51020K reserved, 0K cma-reserved)
[    0.000000] SLUB: HWalign=64, Order=0-3, MinObjects=0, CPUs=2, Nodes=1
[    0.000000] Hierarchical RCU implementation.
[    0.000000] 	Build-time adjustment of leaf fanout to 64.
[    0.000000] 	RCU restricting CPUs from NR_CPUS=512 to nr_cpu_ids=2.
[    0.000000] RCU: Adjusting geometry for rcu_fanout_leaf=64, nr_cpu_ids=2
[    0.000000] NR_IRQS:33024 nr_irqs:440 16
[    0.000000] Console: colour VGA+ 80x25
[    0.000000] console [tty1] enabled
[    0.000000] console [ttyS0] enabled
[    0.000000] tsc: Detected 2096.062 MHz processor
[    0.252552] Calibrating delay loop (skipped) preset value.. 4192.12 BogoMIPS (lpj=8384248)
[    0.255513] pid_max: default: 32768 minimum: 301
[    0.257135] ACPI: Core revision 20150930
[    0.260347] ACPI: 2 ACPI AML tables successfully acquired and loaded
[    0.263246] Security Framework initialized
[    0.264710] Yama: becoming mindful.
[    0.266060] AppArmor: AppArmor initialized
[    0.267677] Dentry cache hash table entries: 131072 (order: 8, 1048576 bytes)
[    0.270178] Inode-cache hash table entries: 65536 (order: 7, 524288 bytes)
[    0.278807] Mount-cache hash table entries: 2048 (order: 2, 16384 bytes)
[    0.281004] Mountpoint-cache hash table entries: 2048 (order: 2, 16384 bytes)
[    0.283444] Initializing cgroup subsys io
[    0.284984] Initializing cgroup subsys memory
[    0.286525] Initializing cgroup subsys devices
[    0.288102] Initializing cgroup subsys freezer
[    0.289816] Initializing cgroup subsys net_cls
[    0.291404] Initializing cgroup subsys perf_event
[    0.293001] Initializing cgroup subsys net_prio
[    0.294756] Initializing cgroup subsys hugetlb
[    0.296833] Initializing cgroup subsys pids
[    0.433365] mce: CPU supports 0 MCE banks
[    0.434991] Last level iTLB entries: 4KB 1024, 2MB 1024, 4MB 512
[    0.436898] Last level dTLB entries: 4KB 1536, 2MB 1536, 4MB 768, 1GB 0
[    0.439012] Spectre V1 : Mitigation: usercopy/swapgs barriers and __user pointer sanitization
[    0.441879] Spectre V2 : Spectre mitigation: LFENCE not serializing, switching to generic retpoline
[    0.444876] Spectre V2 : Mitigation: Full generic retpoline
[    0.446684] Spectre V2 : Spectre v2 / SpectreRSB mitigation: Filling RSB on context switch
[    0.449458] Speculative Store Bypass: Mitigation: Speculative Store Bypass disabled via prctl and seccomp
[    0.457395] Freeing SMP alternatives memory: 36K
[    0.470614] ftrace: allocating 32337 entries in 127 pages
[    0.604816] smpboot: APIC(0) Converting physical 0 to logical package 0
[    0.608169] smpboot: Max logical packages: 1
[    0.611043] x2apic enabled
[    0.613458] Switched APIC routing to physical x2apic.
[    0.618965] ..TIMER: vector=0x30 apic1=0 pin1=2 apic2=-1 pin2=-1
[    0.730625] smpboot: CPU0: AMD Ryzen 5 3550H with Radeon Vega Mobile Gfx (family: 0x17, model: 0x18, stepping: 0x1)
[    0.736277] Performance Events: Broken PMU hardware detected, using software events only.
[    0.740688] Failed to access perfctr msr (MSR c0010007 is 0)
[    0.759542] KVM setup paravirtual spinlock
[    0.764795] x86: Booting SMP configuration:
[    0.766868] .... node  #0, CPUs:      #1
[    0.769116] kvm-clock: cpu 1, msr 0:3ffe3041, secondary cpu clock
[    0.900844] mce: CPU supports 0 MCE banks
[    0.905148] x86: Booted up 1 node, 2 CPUs
[    0.908865] smpboot: Total of 2 processors activated (8384.24 BogoMIPS)
[    0.915279] devtmpfs: initialized
[    0.923493] evm: security.selinux
[    0.926383] evm: security.SMACK64
[    0.928770] evm: security.SMACK64EXEC
[    0.931435] evm: security.SMACK64TRANSMUTE
[    0.934400] evm: security.SMACK64MMAP
[    0.936929] evm: security.ima
[    0.939294] evm: security.capability
[    0.949347] clocksource: jiffies: mask: 0xffffffff max_cycles: 0xffffffff, max_idle_ns: 7645041785100000 ns
[    0.954193] futex hash table entries: 512 (order: 3, 32768 bytes)
[    0.957671] pinctrl core: initialized pinctrl subsystem
[    0.960630] RTC time: 10:17:59, date: 09/08/20
[    0.965061] NET: Registered protocol family 16
[    0.976745] cpuidle: using governor ladder
[    0.989333] cpuidle: using governor menu
[    0.991068] PCCT header not found.
[    0.994490] ACPI: bus type PCI registered
[    0.996498] acpiphp: ACPI Hot Plug PCI Controller Driver version: 0.5
[    0.999294] PCI: Using configuration type 1 for base access
[    1.001822] PCI: Using configuration type 1 for extended access
[    1.018483] ACPI: Added _OSI(Module Device)
[    1.021183] ACPI: Added _OSI(Processor Device)
[    1.023866] ACPI: Added _OSI(3.0 _SCP Extensions)
[    1.026623] ACPI: Added _OSI(Processor Aggregator Device)
[    1.032556] ACPI: Executed 1 blocks of module-level executable AML code
[    1.041418] ACPI: Interpreter enabled
[    1.043767] ACPI: (supports S0 S5)
[    1.045951] ACPI: Using IOAPIC for interrupt routing
[    1.049322] PCI: Using host bridge windows from ACPI; if necessary, use "pci=nocrs" and report a bug
[    1.068942] ACPI: PCI Root Bridge [PCI0] (domain 0000 [bus 00-ff])
[    1.073332] acpi PNP0A03:00: _OSC: OS supports [ExtendedConfig ASPM ClockPM Segments MSI]
[    1.081083] acpi PNP0A03:00: _OSC: platform does not support [PCIeCapability]
[    1.086360] acpi PNP0A03:00: _OSC: not requesting control; platform does not support [PCIeCapability]
[    1.092834] acpi PNP0A03:00: _OSC: OS requested [PCIeHotplug PME AER PCIeCapability]
[    1.098384] acpi PNP0A03:00: _OSC: platform willing to grant [PCIeHotplug PME AER]
[    1.102569] acpi PNP0A03:00: _OSC failed (AE_SUPPORT); disabling ASPM
[    1.107196] PCI host bridge to bus 0000:00
[    1.109389] pci_bus 0000:00: root bus resource [io  0x0000-0x0cf7 window]
[    1.130069] pci_bus 0000:00: root bus resource [io  0x0d00-0xffff window]
[    1.132511] pci_bus 0000:00: root bus resource [mem 0x000a0000-0x000bffff window]
[    1.135463] pci_bus 0000:00: root bus resource [mem 0x40000000-0xfdffffff window]
[    1.138345] pci_bus 0000:00: root bus resource [bus 00-ff]
[    1.143659] pci 0000:00:01.1: legacy IDE quirk: reg 0x10: [io  0x01f0-0x01f7]
[    1.146119] pci 0000:00:01.1: legacy IDE quirk: reg 0x14: [io  0x03f6]
[    1.148452] pci 0000:00:01.1: legacy IDE quirk: reg 0x18: [io  0x0170-0x0177]
[    1.151929] pci 0000:00:01.1: legacy IDE quirk: reg 0x1c: [io  0x0376]
[    1.182006] pci 0000:00:07.0: quirk: [io  0x4000-0x403f] claimed by PIIX4 ACPI
[    1.185086] pci 0000:00:07.0: quirk: [io  0x4100-0x410f] claimed by PIIX4 SMB
[    1.207180] ACPI: PCI Interrupt Link [LNKA] (IRQs 5 9 10 *11)
[    1.210384] ACPI: PCI Interrupt Link [LNKB] (IRQs 5 9 *10 11)
[    1.213270] ACPI: PCI Interrupt Link [LNKC] (IRQs 5 *9 10 11)
[    1.216295] ACPI: PCI Interrupt Link [LNKD] (IRQs 5 9 10 *11)
[    1.219253] ACPI: Enabled 2 GPEs in block 00 to 07
[    1.221708] vgaarb: setting as boot device: PCI:0000:00:02.0
[    1.223578] vgaarb: device added: PCI:0000:00:02.0,decodes=io+mem,owns=io+mem,locks=none
[    1.226378] vgaarb: loaded
[    1.227506] vgaarb: bridge control possible 0000:00:02.0
[    1.229635] SCSI subsystem initialized
[    1.231330] ACPI: bus type USB registered
[    1.232809] usbcore: registered new interface driver usbfs
[    1.234589] usbcore: registered new interface driver hub
[    1.236417] usbcore: registered new device driver usb
[    1.238667] PCI: Using ACPI for IRQ routing
[    1.240654] NetLabel: Initializing
[    1.241979] NetLabel:  domain hash size = 128
[    1.243527] NetLabel:  protocols = UNLABELED CIPSOv4
[    1.245225] NetLabel:  unlabeled traffic allowed by default
[    1.247332] amd_nb: Cannot enumerate AMD northbridges
[    1.249177] clocksource: Switched to clocksource kvm-clock
[    1.273498] AppArmor: AppArmor Filesystem Enabled
[    1.275339] pnp: PnP ACPI init
[    1.277838] pnp: PnP ACPI: found 3 devices
[    1.301237] clocksource: acpi_pm: mask: 0xffffff max_cycles: 0xffffff, max_idle_ns: 2085701024 ns
[    1.305676] NET: Registered protocol family 2
[    1.308356] TCP established hash table entries: 8192 (order: 4, 65536 bytes)
[    1.311921] TCP bind hash table entries: 8192 (order: 5, 131072 bytes)
[    1.314951] TCP: Hash tables configured (established 8192 bind 8192)
[    1.325024] UDP hash table entries: 512 (order: 2, 16384 bytes)
[    1.327865] UDP-Lite hash table entries: 512 (order: 2, 16384 bytes)
[    1.330895] NET: Registered protocol family 1
[    1.333167] pci 0000:00:00.0: Limiting direct PCI/PCI transfers
[    1.336004] pci 0000:00:01.0: Activating ISA DMA hang workarounds
[    1.339153] Unpacking initramfs...
[    2.021852] Freeing initrd memory: 15444K
[    2.023985] clocksource: tsc: mask: 0xffffffffffffffff max_cycles: 0x1e36a88731c, max_idle_ns: 440795269020 ns
[    2.028102] platform rtc_cmos: registered platform RTC device (no PNP device found)
[    2.031574] Scanning for low memory corruption every 60 seconds
[    2.034732] audit: initializing netlink subsys (disabled)
[    2.036987] audit: type=2000 audit(1599560286.821:1): initialized
[    2.040021] Initialise system trusted keyring
[    2.042302] HugeTLB registered 2 MB page size, pre-allocated 0 pages
[    2.047124] zbud: loaded
[    2.049328] VFS: Disk quotas dquot_6.6.0
[    2.051183] VFS: Dquot-cache hash table entries: 512 (order 0, 4096 bytes)
[    2.054255] squashfs: version 4.0 (2009/01/31) Phillip Lougher
[    2.057172] fuse init (API version 7.23)
[    2.059241] Key type big_key registered
[    2.061152] Allocating IMA MOK and blacklist keyrings.
[    2.066434] Key type asymmetric registered
[    2.068220] Asymmetric key parser 'x509' registered
[    2.070332] Block layer SCSI generic (bsg) driver version 0.4 loaded (major 249)
[    2.073570] io scheduler noop registered
[    2.075303] io scheduler deadline registered (default)
[    2.077463] io scheduler cfq registered
[    2.079376] pci_hotplug: PCI Hot Plug PCI Core version: 0.5
[    2.081646] pciehp: PCI Express Hot Plug Controller Driver version: 0.4
[    2.084579] ACPI: AC Adapter [AC] (off-line)
[    2.086535] input: Power Button as /devices/LNXSYSTM:00/LNXPWRBN:00/input/input0
[    2.089877] ACPI: Power Button [PWRF]
[    2.091666] input: Sleep Button as /devices/LNXSYSTM:00/LNXSLPBN:00/input/input1
[    2.094923] ACPI: Sleep Button [SLPF]
[    2.097181] GHES: HEST is not enabled!
[    2.098957] ACPI: Battery Slot [BAT0] (battery present)
[    2.102331] Serial: 8250/16550 driver, 32 ports, IRQ sharing enabled
[    2.126694] 00:02: ttyS0 at I/O 0x3f8 (irq = 4, base_baud = 115200) is a 16550A
[    2.138511] Linux agpgart interface v0.103
[    2.146787] loop: module loaded
[    2.150290] scsi host0: ata_piix
[    2.152876] scsi host1: ata_piix
[    2.155171] ata1: PATA max UDMA/33 cmd 0x1f0 ctl 0x3f6 bmdma 0xd000 irq 14
[    2.158722] ata2: PATA max UDMA/33 cmd 0x170 ctl 0x376 bmdma 0xd008 irq 15
[    2.162703] libphy: Fixed MDIO Bus: probed
[    2.165361] tun: Universal TUN/TAP device driver, 1.6
[    2.168251] tun: (C) 1999-2004 Max Krasnyansky <maxk@qualcomm.com>
[    2.171687] PPP generic driver version 2.4.2
[    2.174208] ehci_hcd: USB 2.0 'Enhanced' Host Controller (EHCI) Driver
[    2.177413] ehci-pci: EHCI PCI platform driver
[    2.179823] ehci-platform: EHCI generic platform driver
[    2.182716] ohci_hcd: USB 1.1 'Open' Host Controller (OHCI) Driver
[    2.185882] ohci-pci: OHCI PCI platform driver
[    2.188868] ohci-platform: OHCI generic platform driver
[    2.191695] uhci_hcd: USB Universal Host Controller Interface driver
[    2.194761] i8042: PNP: PS/2 Controller [PNP0303:PS2K,PNP0f03:PS2M] at 0x60,0x64 irq 1,12
[    2.199788] serio: i8042 KBD port at 0x60,0x64 irq 1
[    2.202149] serio: i8042 AUX port at 0x60,0x64 irq 12
[    2.205629] mousedev: PS/2 mouse device common for all mice
[    2.210965] input: AT Translated Set 2 keyboard as /devices/platform/i8042/serio0/input/input2
[    2.215372] rtc_cmos rtc_cmos: rtc core: registered rtc_cmos as rtc0
[    2.218332] rtc_cmos rtc_cmos: alarms up to one day, 114 bytes nvram
[    2.221261] i2c /dev entries driver
[    2.223112] device-mapper: uevent: version 1.0.3
[    2.225990] device-mapper: ioctl: 4.34.0-ioctl (2015-10-28) initialised: dm-devel@redhat.com
[    2.229820] ledtrig-cpu: registered to indicate activity on CPUs
[    2.233825] NET: Registered protocol family 10
[    2.236558] NET: Registered protocol family 17
[    2.238869] Key type dns_resolver registered
[    2.241899] registered taskstats version 1
[    2.244108] Loading compiled-in X.509 certificates
[    2.247799] Loaded X.509 cert 'Build time autogenerated kernel key: f06b7227f29f55afa9b8968d1b82289d30ebc7c3'
[    2.252417] zswap: loaded using pool lzo/zbud
[    2.259022] Key type trusted registered
[    2.268240] Key type encrypted registered
[    2.270642] AppArmor: AppArmor sha1 policy hashing enabled
[    2.273772] ima: No TPM chip found, activating TPM-bypass!
[    2.276590] ima: Allocated hash algorithm: sha1
[    2.278902] evm: HMAC attrs: 0x1
[    2.281533]   Magic number: 4:398:274
[    2.283408] tty tty11: hash matches
[    2.285376] rtc_cmos rtc_cmos: setting system clock to 2020-09-08 10:18:00 UTC (1599560280)
[    2.289588] BIOS EDD facility v0.16 2004-Jun-25, 0 devices found
[    2.292308] EDD information not available.
[    2.354988] Freeing unused kernel memory: 1492K
[    2.356903] Write protecting the kernel read-only data: 14336k
[    2.360456] Freeing unused kernel memory: 1592K
[    2.362870] Freeing unused kernel memory: 56K
Loading, please wait...
starting version 229
[    2.390246] random: systemd-udevd: uninitialized urandom read (16 bytes read, 5 bits of entropy available)
[    2.390990] random: udevadm: uninitialized urandom read (16 bytes read, 5 bits of entropy available)
[    2.391099] random: udevadm: uninitialized urandom read (16 bytes read, 5 bits of entropy available)
[    2.403069] random: systemd-udevd: uninitialized urandom read (16 bytes read, 5 bits of entropy available)
[    2.407525] random: systemd-udevd: uninitialized urandom read (16 bytes read, 5 bits of entropy available)
[    2.408455] random: udevadm: uninitialized urandom read (16 bytes read, 5 bits of entropy available)
[    2.408620] random: udevadm: uninitialized urandom read (16 bytes read, 5 bits of entropy available)
[    2.408947] random: udevadm: uninitialized urandom read (16 bytes read, 5 bits of entropy available)
[    2.409159] random: udevadm: uninitialized urandom read (16 bytes read, 5 bits of entropy available)
[    2.409327] random: udevadm: uninitialized urandom read (16 bytes read, 5 bits of entropy available)
[    2.575686] Fusion MPT base driver 3.04.20
[    2.578356] Copyright (c) 1999-2008 LSI Corporation
[    2.581814] e1000: Intel(R) PRO/1000 Network Driver - version 7.3.21-k8-NAPI
[    2.584320] e1000: Copyright (c) 1999-2006 Intel Corporation.
[    2.605113] Fusion MPT SPI Host driver 3.04.20
[    2.750237] AVX2 version of gcm_enc/dec engaged.
[    2.752449] AES CTR mode by8 optimization enabled
[    2.839902] input: ImExPS/2 Generic Explorer Mouse as /devices/platform/i8042/serio1/input/input4
[    3.128355] e1000 0000:00:03.0 eth0: (PCI:33MHz:32-bit) 02:38:f8:91:fa:5a
[    3.130621] e1000 0000:00:03.0 eth0: Intel(R) PRO/1000 Network Connection
[    3.133953] mptbase: ioc0: Initiating bringup
[    3.802290] ioc0: LSI53C1030 A0: Capabilities={Initiator}
[    3.968644] scsi host2: ioc0: LSI53C1030 A0, FwRev=00000000h, Ports=1, MaxQ=256, IRQ=20
[    4.086091] scsi 2:0:0:0: Direct-Access     VBOX     HARDDISK         1.0  PQ: 0 ANSI: 5
[    4.111566] scsi target2:0:0: Beginning Domain Validation
[    4.116138] scsi target2:0:0: Domain Validation skipping write tests
[    4.119801] scsi target2:0:0: Ending Domain Validation
[    4.122960] scsi target2:0:0: asynchronous
[    4.129458] scsi 2:0:1:0: Direct-Access     VBOX     HARDDISK         1.0  PQ: 0 ANSI: 5
[    4.134287] scsi target2:0:1: Beginning Domain Validation
[    4.139787] scsi target2:0:1: Domain Validation skipping write tests
[    4.143718] scsi target2:0:1: Ending Domain Validation
[    4.146293] scsi target2:0:1: asynchronous
[    4.168341] sd 2:0:0:0: Attached scsi generic sg0 type 0
[    4.171027] sd 2:0:0:0: [sda] 20971520 512-byte logical blocks: (10.7 GB/10.0 GiB)
[    4.175740] sd 2:0:1:0: [sdb] 20480 512-byte logical blocks: (10.5 MB/10.0 MiB)
[    4.179600] sd 2:0:1:0: Attached scsi generic sg1 type 0
[    4.184600] sd 2:0:1:0: [sdb] Write Protect is off
[    4.187064] sd 2:0:0:0: [sda] Write Protect is off
[    4.190373] sd 2:0:0:0: [sda] Incomplete mode parameter data
[    4.192967] sd 2:0:0:0: [sda] Assuming drive cache: write through
[    4.195816] sd 2:0:1:0: [sdb] Incomplete mode parameter data
[    4.198466] sd 2:0:1:0: [sdb] Assuming drive cache: write through
[    4.209449]  sda: sda1
[    4.214550] sd 2:0:1:0: [sdb] Attached SCSI disk
[    4.217323] sd 2:0:0:0: [sda] Attached SCSI disk
[    4.546432] e1000 0000:00:08.0 eth1: (PCI:33MHz:32-bit) 08:00:27:82:55:18
[    4.550290] e1000 0000:00:08.0 eth1: Intel(R) PRO/1000 Network Connection
[    4.556553] e1000 0000:00:08.0 enp0s8: renamed from eth1
[    4.566235] e1000 0000:00:03.0 enp0s3: renamed from eth0
Begin: Loading essential drivers ... [    6.397990] md: linear personality registered for level -1
[    6.405204] md: multipath personality registered for level -4
[    6.412540] md: raid0 personality registered for level 0
[    6.422060] md: raid1 personality registered for level 1
[    6.497736] raid6: sse2x1   gen()  2976 MB/s
[    6.565251] raid6: sse2x1   xor()  2811 MB/s
[    6.633816] raid6: sse2x2   gen()  5793 MB/s
[    6.701400] raid6: sse2x2   xor()  3672 MB/s
[    6.769207] raid6: sse2x4   gen()  6213 MB/s
[    6.838729] raid6: sse2x4   xor()  3108 MB/s
[    6.909193] raid6: avx2x1   gen()  6171 MB/s
[    6.977661] raid6: avx2x2   gen()  8058 MB/s
[    7.045224] raid6: avx2x4   gen()  9572 MB/s
[    7.046850] raid6: using algorithm avx2x4 gen() 9572 MB/s
[    7.048656] raid6: using avx2x2 recovery algorithm
[    7.052367] xor: automatically using best checksumming function:
[    7.093229]    avx       :  6215.000 MB/sec
[    7.096633] async_tx: api initialized (async)
[    7.120660] md: raid6 personality registered for level 6
[    7.123737] md: raid5 personality registered for level 5
[    7.126415] md: raid4 personality registered for level 4
[    7.142747] md: raid10 personality registered for level 10
done.
Begin: Running /scripts/init-premount ... done.
Begin: Mounting root file system ... Begin: Running /scripts/local-top ... done.
Begin: Running /scripts/local-premount ... [    7.194668] Btrfs loaded
Scanning for Btrfs filesystems
done.
Warning: fsck not present, so skipping root file system
[    7.249512] EXT4-fs (sda1): mounted filesystem with ordered data mode. Opts: (null)
done.
Begin: Running /scripts/local-bottom ... done.
Begin: Running /scripts/init-bottom ... done.
[    7.449767] systemd[1]: systemd 229 running in system mode. (+PAM +AUDIT +SELINUX +IMA +APPARMOR +SMACK +SYSVINIT +UTMP +LIBCRYPTSETUP +GCRYPT +GNUTLS +ACL +XZ -LZ4 +SECCOMP +BLKID +ELFUTILS +KMOD -IDN)
[    7.455517] systemd[1]: Detected virtualization oracle.
[    7.457243] systemd[1]: Detected architecture x86-64.

Welcome to [1mUbuntu 16.04.6 LTS[0m!

[    7.471153] systemd[1]: Set hostname to <ubuntu-xenial>.
[    7.747643] systemd[1]: Reached target Swap.
[[0;32m  OK  [0m] Reached target Swap.
[    7.751241] systemd[1]: Listening on Journal Socket.
[[0;32m  OK  [0m] Listening on Journal Socket.
[    7.755160] systemd[1]: Reached target Encrypted Volumes.
[[0;32m  OK  [0m] Reached target Encrypted Volumes.
[    7.760702] systemd[1]: Set up automount Arbitrary Executable File Formats File System Automount Point.
[[0;32m  OK  [0m] Set up automount Arbitrary Executab...ats File System Automount Point.
[    7.768612] systemd[1]: Listening on udev Control Socket.
[[0;32m  OK  [0m] Listening on udev Control Socket.
[    7.773094] systemd[1]: Listening on Journal Audit Socket.
[[0;32m  OK  [0m] Listening on Journal Audit Socket.
[    7.776933] systemd[1]: Started Trigger resolvconf update for networkd DNS.
[[0;32m  OK  [0m] Started Trigger resolvconf update for networkd DNS.
[    7.781564] systemd[1]: Listening on Device-mapper event daemon FIFOs.
[[0;32m  OK  [0m] Listening on Device-mapper event daemon FIFOs.
[    7.786029] systemd[1]: Listening on udev Kernel Socket.
[[0;32m  OK  [0m] Listening on udev Kernel Socket.
[    7.789917] systemd[1]: Listening on /dev/initctl Compatibility Named Pipe.
[[0;32m  OK  [0m] Listening on /dev/initctl Compatibility Named Pipe.
[    7.795112] systemd[1]: Created slice User and Session Slice.
[[0;32m  OK  [0m] Created slice User and Session Slice.
[    7.799235] systemd[1]: Listening on Journal Socket (/dev/log).
[[0;32m  OK  [0m] Listening on Journal Socket (/dev/log).
[    7.803408] systemd[1]: Listening on LVM2 metadata daemon socket.
[[0;32m  OK  [0m] Listening on LVM2 metadata daemon socket.
[    7.807698] systemd[1]: Started Forward Password Requests to Wall Directory Watch.
[[0;32m  OK  [0m] Started Forward Password Requests to Wall Directory Watch.
[    7.813511] systemd[1]: Reached target User and Group Name Lookups.
[[0;32m  OK  [0m] Reached target User and Group Name Lookups.
[    7.817913] systemd[1]: Listening on Syslog Socket.
[[0;32m  OK  [0m] Listening on Syslog Socket.
[    7.821498] systemd[1]: Reached target System Time Synchronized.
[[0;32m  OK  [0m] Reached target System Time Synchronized.
[    7.825637] systemd[1]: Listening on LVM2 poll daemon socket.
[[0;32m  OK  [0m] Listening on LVM2 poll daemon socket.
[    7.830242] systemd[1]: Created slice System Slice.
[[0;32m  OK  [0m] Created slice System Slice.
[    7.850208] systemd[1]: Starting Create list of required static device nodes for the current kernel...
         Starting Create list of required st... nodes for the current kernel...
[    7.858816] systemd[1]: Starting Journal Service...
         Starting Journal Service...
[    7.864723] systemd[1]: Mounting Huge Pages File System...
         Mounting Huge Pages File System...
[    7.870767] systemd[1]: Starting Uncomplicated firewall...
         Starting Uncomplicated firewall...
[    7.876716] systemd[1]: Starting Set console keymap...
         Starting Set console keymap...
[    7.883898] systemd[1]: Starting Monitoring of LVM2 mirrors, snapshots etc. using dmeventd or progress polling...
         Starting Monitoring of LVM2 mirrors... dmeventd or progress polling...
[    7.899579] systemd[1]: Starting Remount Root and Kernel File Systems...
         Starting Remount Root and Kernel File Systems...
[    7.904838] systemd[1]: Reached target Slices.
[    7.911344] EXT4-fs (sda1): re-mounted. Opts: (null)
[[0;32m  OK  [0m] Reached target Slices.
[    7.923765] systemd[1]: Starting Load Kernel Modules...
         Starting Load Kernel Modules...
[    7.930387] systemd[1]: Mounting Debug File System...
         Mounting Debug File System...
[    7.938694] systemd[1]: Mounting POSIX Message Queue File System...
         Mounting POSIX Message Queue File System...
[    7.948362] systemd[1]: Starting Nameserver information manager...
         Starting Nameserver information manager...
[    7.967294] systemd[1]: Created slice system-postgresql.slice.
[[0;32m  OK  [0m] Created slice system-postgresql.slice.
[    7.991231] Loading iSCSI transport class v2.0-870.
[    7.994604] systemd[1]: Created slice system-serial\x2dgetty.slice.
[[0;32m  OK  [0m] Created slice system-serial\x2dgetty.slice.
[    8.019740] iscsi: registered transport (tcp)
[    8.029279] systemd[1]: Mounted Debug File System.
[[0;32m  OK  [0m] Mounted Debug File System.
[    8.037467] systemd[1]: Mounted Huge Pages File System.
[[0;32m  OK  [0m] Mounted Huge Pages File System.
[    8.043487] systemd[1]: Mounted POSIX Message Queue File System.
[[0;32m  OK  [0m] Mounted POSIX Message Queue File System.
[    8.050287] systemd[1]: Started Journal Service.
[[0;32m  OK  [0m] Started Journal Service.
[[0;32m  OK  [0m] Started Create list of required sta...ce nodes for the current kernel.
[[0;32m  OK  [0m] Started Uncomplicated firewall.
[[0;32m  OK  [0m] Started Remount Root and Kernel File Systems.
[[0;32m  OK  [0m] Started LVM2 metadata daemon.
[    8.100185] random: nonblocking pool is initialized
         Starting udev Coldplug all Devices...
         Starting Load/Save Random Seed...
         Starting Create Static Device Nodes in /dev...
         Starting Flush Journal to Persistent Storage...
[[0;32m  OK  [0m] Started Set console keymap.
[    8.152190] systemd-journald[382]: Received request to flush runtime journal from PID 1
[[0;32m  OK  [0m] Started Nameserver information manager.
[[0;32m  OK  [0m] Started Load/Save Random Seed.
[[0;32m  OK  [0m] Started Flush Journal to Persistent Storage.
[[0;32m  OK  [0m] Started Create Static Device Nodes in /dev.
         Starting udev Kernel Device Manager...
[    8.223913] iscsi: registered transport (iser)
[[0;32m  OK  [0m] Started Load Kernel Modules.
         Mounting FUSE Control File System...
         Starting Apply Kernel Variables...
[[0;32m  OK  [0m] Mounted FUSE Control File System.
[[0;32m  OK  [0m] Started Apply Kernel Variables.
[[0;32m  OK  [0m] Started udev Coldplug all Devices.
[[0;32m  OK  [0m] Started udev Kernel Device Manager.
[[0;32m  OK  [0m] Started Dispatch Password Requests to Console Directory Watch.
[[0;32m  OK  [0m] Started Monitoring of LVM2 mirrors,...ng dmeventd or progress polling.
[[0;32m  OK  [0m] Reached target Local File Systems (Pre).
[[0;32m  OK  [0m] Reached target Local File Systems.
         Starting Initial cloud-init job (pre-networking)...
         Starting Set console font and keymap...
         Starting LSB: AppArmor initialization...
         Starting Tell Plymouth To Write Out Runtime Data...
         Starting Create Volatile Files and Directories...
[[0;32m  OK  [0m] Started Create Volatile Files and Directories.
         Starting Update UTMP about System Boot/Shutdown...
[[0;32m  OK  [0m] Started Tell Plymouth To Write Out Runtime Data.
[[0;32m  OK  [0m] Started Update UTMP about System Boot/Shutdown.
[[0;32m  OK  [0m] Started LSB: AppArmor initialization.
         Starting Load AppArmor profiles managed internally by snapd...
[[0;32m  OK  [0m] Started Load AppArmor profiles managed internally by snapd.
[[0;32m  OK  [0m] Found device /dev/ttyS0.
[[0;32m  OK  [0m] Started Set console font and keymap.
[[0;32m  OK  [0m] Created slice system-getty.slice.
[[0;32m  OK  [0m] Found device 82540EM Gigabit Ethern...r (PRO/1000 MT Desktop Adapter).
[[0;32m  OK  [0m] Found device 82540EM Gigabit Ethern...r (PRO/1000 MT Desktop Adapter).
[[0;32m  OK  [0m] Listening on Load/Save RF Kill Switch Status /dev/rfkill Watch.
[   10.345559] cloud-init[494]: Cloud-init v. 19.4-33-gbb4131a2-0ubuntu1~16.04.1 running 'init-local' at Tue, 08 Sep 2020 10:18:08 +0000. Up 9.80 seconds.
[[0;32m  OK  [0m] Started Initial cloud-init job (pre-networking).
[[0;32m  OK  [0m] Reached target Network (Pre).
[[0;32m  OK  [0m] Started ifup for enp0s3.
         Starting Raise network interfaces...
[[0;32m  OK  [0m] Started ifup for enp0s8.
[[0;32m  OK  [0m] Started Raise network interfaces.
[[0;32m  OK  [0m] Reached target Network.
         Starting Initial cloud-init job (metadata service crawler)...
[   11.868659] cloud-init[1091]: Cloud-init v. 19.4-33-gbb4131a2-0ubuntu1~16.04.1 running 'init' at Tue, 08 Sep 2020 10:18:09 +0000. Up 11.34 seconds.
[   11.874432] cloud-init[1091]: ci-info: ++++++++++++++++++++++++++++++++++++++Net device info+++++++++++++++++++++++++++++++++++++++
[   11.885064] cloud-init[1091]: ci-info: +--------+------+-----------------------------+---------------+--------+-------------------+
[   11.888549] cloud-init[1091]: ci-info: | Device |  Up  |           Address           |      Mask     | Scope  |     Hw-Address    |
[   11.893215] cloud-init[1091]: ci-info: +--------+------+-----------------------------+---------------+--------+-------------------+
[   11.905852] cloud-init[1091]: ci-info: | enp0s3 | True |          10.0.2.15          | 255.255.255.0 | global | 02:38:f8:91:fa:5a |
[   11.917398] cloud-init[1091]: ci-info: | enp0s3 | True |  fe80::38:f8ff:fe91:fa5a/64 |       .       |  link  | 02:38:f8:91:fa:5a |
[   11.921510] cloud-init[1091]: ci-info: | enp0s8 | True |        192.168.33.10        | 255.255.255.0 | global | 08:00:27:82:55:18 |
[   11.925466] cloud-init[1091]: ci-info: | enp0s8 | True | fe80::a00:27ff:fe82:5518/64 |       .       |  link  | 08:00:27:82:55:18 |
[   11.929051] cloud-init[1091]: ci-info: |   lo   | True |          127.0.0.1          |   255.0.0.0   |  host  |         .         |
[   11.932871] cloud-init[1091]: ci-info: |   lo   | True |           ::1/128           |       .       |  host  |         .         |
[   11.936838] cloud-init[1091]: ci-info: +--------+------+-----------------------------+---------------+--------+-------------------+
[   11.940562] cloud-init[1091]: ci-info: ++++++++++++++++++++++++++++Route IPv4 info++++++++++++++++++++++++++++
[   11.943522] cloud-init[1091]: ci-info: +-------+--------------+----------+---------------+-----------+-------+
[   11.953729] cloud-init[1091]: ci-info: | Route | Destination  | Gateway  |    Genmask    | Interface | Flags |
[   11.958664] cloud-init[1091]: ci-info: +-------+--------------+----------+---------------+-----------+-------+
[   11.963109] cloud-init[1091]: ci-info: |   0   |   0.0.0.0    | 10.0.2.2 |    0.0.0.0    |   enp0s3  |   UG  |
[   11.967320] cloud-init[1091]: ci-info: |   1   |   10.0.2.0   | 0.0.0.0  | 255.255.255.0 |   enp0s3  |   U   |
[   11.977172] cloud-init[1091]: ci-info: |   2   | 192.168.33.0 | 0.0.0.0  | 255.255.255.0 |   enp0s8  |   U   |
[   11.980679] cloud-init[1091]: ci-info: +-------+--------------+----------+---------------+-----------+-------+
[   11.988812] cloud-init[1091]: ci-info: +++++++++++++++++++Route IPv6 info+++++++++++++++++++
[   11.991554] cloud-init[1091]: ci-info: +-------+-------------+---------+-----------+-------+
[   11.994424] cloud-init[1091]: ci-info: | Route | Destination | Gateway | Interface | Flags |
[   12.001942] cloud-init[1091]: ci-info: +-------+-------------+---------+-----------+-------+
[   12.005479] cloud-init[1091]: ci-info: |   0   |  fe80::/64  |    ::   |   enp0s8  |   U   |
[   12.009170] cloud-init[1091]: ci-info: |   1   |  fe80::/64  |    ::   |   enp0s3  |   U   |
[   12.013000] cloud-init[1091]: ci-info: |   4   |   ff00::/8  |    ::   |   enp0s8  |   U   |
[   12.016820] cloud-init[1091]: ci-info: |   5   |   ff00::/8  |    ::   |   enp0s3  |   U   |
[   12.020233] cloud-init[1091]: ci-info: +-------+-------------+---------+-----------+-------+
[[0;32m  OK  [0m] Started Initial cloud-init job (metadata service crawler).
[[0;32m  OK  [0m] Reached target Network is Online.
         Starting iSCSI initiator daemon (iscsid)...
[[0;32m  OK  [0m] Reached target Cloud-config availability.
[[0;32m  OK  [0m] Reached target System Initialization.
[[0;32m  OK  [0m] Listening on ACPID Listen Socket.
         Starting LXD - unix socket.
[[0;32m  OK  [0m] Started ACPI Events Check.
[[0;32m  OK  [0m] Reached target Paths.
[[0;32m  OK  [0m] Started Daily Cleanup of Temporary Directories.
[[0;32m  OK  [0m] Listening on D-Bus System Message Bus Socket.
[[0;32m  OK  [0m] Started Message of the Day.
         Starting Socket activation for snappy daemon.
[[0;32m  OK  [0m] Listening on UUID daemon activation socket.
[[0;32m  OK  [0m] Started Daily apt download activities.
[[0;32m  OK  [0m] Started Daily apt upgrade and clean activities.
[[0;32m  OK  [0m] Reached target Timers.
[[0;32m  OK  [0m] Listening on LXD - unix socket.
[[0;32m  OK  [0m] Listening on Socket activation for snappy daemon.
[[0;32m  OK  [0m] Reached target Sockets.
[[0;32m  OK  [0m] Reached target Basic System.
         Starting /etc/rc.local Compatibility...
         Starting LSB: MD monitoring daemon...
[[0;32m  OK  [0m] Started D-Bus System Message Bus.
         Starting Login Service...
         Starting LXD - container startup/shutdown...
[[0;32m  OK  [0m] Started Regular background program processing daemon.
[[0;32m  OK  [0m] Started FUSE filesystem for LXC.
[[0;32m  OK  [0m] Started ACPI event daemon.
         Starting LSB: Record successful boot for GRUB...
         Starting Accounts Service...
         Starting PostgreSQL Cluster 9.5-main...
         Starting OpenBSD Secure Shell server...
         Starting vboxadd.service...
         Starting System Logging Service...
         Starting Snap Daemon...
[[0;32m  OK  [0m] Started Deferred execution scheduler.
[[0;32m  OK  [0m] Started iSCSI initiator daemon (iscsid).
[[0;32m  OK  [0m] Started /etc/rc.local Compatibility.
         Starting Login to default iSCSI targets...
[[0;32m  OK  [0m] Started Login Service.
[[0;32m  OK  [0m] Started LSB: MD monitoring daemon.
[[0;32m  OK  [0m] Started LSB: Record successful boot for GRUB.
[[0;32m  OK  [0m] Started Unattended Upgrades Shutdown.
[[0;32m  OK  [0m] Started System Logging Service.
[[0;32m  OK  [0m] Started Login to default iSCSI targets.
[[0;32m  OK  [0m] Reached target Remote File Systems (Pre).
[[0;32m  OK  [0m] Reached target Remote File Systems.
         Starting LSB: Start/stop sysstat's sadc...
         Starting LSB: daemon to balance interrupts for SMP systems...
         Starting Permit User Sessions...
         Starting LSB: Set the CPU Frequency Scaling governor to "ondemand"...
         Starting LSB: automatic crash report generation...
[[0;32m  OK  [0m] Started Permit User Sessions.
         Starting Terminate Plymouth Boot Screen...
         Starting Hold until boot process finishes up...
[[0;32m  OK  [0m] Started Terminate Plymouth Boot Screen.
[[0;32m  OK  [0m] Started Hold until boot process finishes up.
[[0;32m  OK  [0m] Started OpenBSD Secure Shell server.
[[0;32m  OK  [0m] Started Getty on tty1.
         Starting Set console scheme...
[[0;32m  OK  [0m] Started Serial Getty on ttyS0.
[[0;32m  OK  [0m] Reached target Login Prompts.
[[0;32m  OK  [0m] Started LSB: Set the CPU Frequency Scaling governor to "ondemand".
[[0;32m  OK  [0m] Started Set console scheme.
[[0;32m  OK  [0m] Started LXD - container startup/shutdown.
         Starting Authenticate and Authorize Users to Run Privileged Tasks...
[[0;32m  OK  [0m] Started LSB: Start/stop sysstat's sadc.
[[0;32m  OK  [0m] Started LSB: daemon to balance interrupts for SMP systems.
[[0;32m  OK  [0m] Started LSB: automatic crash report generation.
[[0;32m  OK  [0m] Started Authenticate and Authorize Users to Run Privileged Tasks.
[[0;32m  OK  [0m] Started Accounts Service.
[[0;32m  OK  [0m] Started Snap Daemon.
         Starting Wait until snapd is fully seeded...
[[0;32m  OK  [0m] Started Wait until snapd is fully seeded.
         Starting Apply the settings specified in cloud-config...
[[0;32m  OK  [0m] Created slice User Slice of vagrant.
         Starting User Manager for UID 1000...
[[0;32m  OK  [0m] Started Session 1 of user vagrant.
[[0;32m  OK  [0m] Started User Manager for UID 1000.
[   15.325101] cloud-init[1371]: Cloud-init v. 19.4-33-gbb4131a2-0ubuntu1~16.04.1 running 'modules:config' at Tue, 08 Sep 2020 10:18:13 +0000. Up 15.06 seconds.
[[0;32m  OK  [0m] Started Apply the settings specified in cloud-config.
[[0;32m  OK  [0m] Started vboxadd.service.
         Starting vboxadd-service.service...
[[0;32m  OK  [0m] Started vboxadd-service.service.
[[0;32m  OK  [0m] Started PostgreSQL Cluster 9.5-main.
         Starting PostgreSQL RDBMS...
[[0;32m  OK  [0m] Started PostgreSQL RDBMS.
[[0;32m  OK  [0m] Reached target Multi-User System.
[[0;32m  OK  [0m] Reached target Graphical Interface.
         Starting Update UTMP about System Runlevel Changes...
         Starting Execute cloud user/final scripts...
[[0;32m  OK  [0m] Started Update UTMP about System Runlevel Changes.
[   17.150190] cloud-init[1625]: Cloud-init v. 19.4-33-gbb4131a2-0ubuntu1~16.04.1 running 'modules:final' at Tue, 08 Sep 2020 10:18:15 +0000. Up 16.90 seconds.
[   17.158099] cloud-init[1625]: Cloud-init v. 19.4-33-gbb4131a2-0ubuntu1~16.04.1 finished at Tue, 08 Sep 2020 10:18:15 +0000. Datasource DataSourceNoCloud [seed=/dev/sdb][dsmode=net].  Up 17.13 seconds
[[0;32m  OK  [0m] Started Execute cloud user/final scripts.
[[0;32m  OK  [0m] Reached target Cloud-init target.

Ubuntu 16.04.6 LTS ubuntu-xenial ttyS0

ubuntu-xenial login: [[0;32m  OK  [0m] Stopped target Cloud-init target.
[[0;32m  OK  [0m] Closed Load/Save RF Kill Switch Status /dev/rfkill Watch.
[[0;32m  OK  [0m] Stopped target Graphical Interface.
         Stopping Accounts Service...
         Stopping Authenticate and Authorize Users to Run Privileged Tasks...
         Stopping User Manager for UID 1000...
[[0;32m  OK  [0m] Stopped target Timers.
[[0;32m  OK  [0m] Stopped Daily apt upgrade and clean activities.
[[0;32m  OK  [0m] Stopped Message of the Day.
[[0;32m  OK  [0m] Stopped Daily apt download activities.
[[0;32m  OK  [0m] Stopped target System Time Synchronized.
         Stopping ACPI event daemon...
[[0;32m  OK  [0m] Stopped Daily Cleanup of Temporary Directories.
[[0;32m  OK  [0m] Stopped Execute cloud user/final scripts.
[[0;32m  OK  [0m] Stopped Apply the settings specified in cloud-config.
[[0;32m  OK  [0m] Stopped target Cloud-config availability.
[[0;32m  OK  [0m] Stopped target Multi-User System.
         Stopping Unattended Upgrades Shutdown...
         Stopping LSB: Record successful boot for GRUB...
         Stopping LSB: daemon to balance interrupts for SMP systems...
         Stopping LSB: automatic crash report generation...
         Stopping vboxadd-service.service...
         Stopping FUSE filesystem for LXC...
         Stopping LSB: Start/stop sysstat's sadc...
[[0;32m  OK  [0m] Stopped PostgreSQL RDBMS.
         Stopping LSB: Set the CPU Frequency Scaling governor to "ondemand"...
         Stopping System Logging Service...
[[0;32m  OK  [0m] Stopped Wait until snapd is fully seeded.
         Stopping D-Bus System Message Bus...
         Stopping OpenBSD Secure Shell server...
         Stopping Deferred execution scheduler...
         Stopping Regular background program processing daemon...
         Stopping LSB: MD monitoring daemon...
         Stopping LXD - container startup/shutdown...
         Stopping Session 2 of user vagrant.
         Stopping PostgreSQL Cluster 9.5-main...
[[0;32m  OK  [0m] Stopped target Login Prompts.
         Stopping Getty on tty1...
         Stopping Serial Getty on ttyS0...
[[0;32m  OK  [0m] Unmounted /var/lib/lxcfs.
[[0;32m  OK  [0m] Stopped Regular background program processing daemon.
[[0;32m  OK  [0m] Stopped Accounts Service.
[[0;32m  OK  [0m] Stopped System Logging Service.
[[0;32m  OK  [0m] Stopped Deferred execution scheduler.
[[0;32m  OK  [0m] Stopped OpenBSD Secure Shell server.
[[0;32m  OK  [0m] Stopped Getty on tty1.
[[0;32m  OK  [0m] Stopped Serial Getty on ttyS0.
[[0;32m  OK  [0m] Stopped ACPI event daemon.
[[0;32m  OK  [0m] Stopped Authenticate and Authorize Users to Run Privileged Tasks.
[[0;32m  OK  [0m] Stopped User Manager for UID 1000.
[[0;32m  OK  [0m] Stopped D-Bus System Message Bus.
[[0;32m  OK  [0m] Stopped FUSE filesystem for LXC.
[[0;32m  OK  [0m] Stopped Session 2 of user vagrant.
[[0;32m  OK  [0m] Stopped Unattended Upgrades Shutdown.
[[0;32m  OK  [0m] Stopped vboxadd-service.service.
[[0;32m  OK  [0m] Stopped LSB: Record successful boot for GRUB.
[[0;32m  OK  [0m] Stopped LSB: daemon to balance interrupts for SMP systems.
[[0;32m  OK  [0m] Stopped LSB: Set the CPU Frequency Scaling governor to "ondemand".
[[0;32m  OK  [0m] Stopped LSB: MD monitoring daemon.
[[0;32m  OK  [0m] Stopped LSB: automatic crash report generation.
[[0;32m  OK  [0m] Stopped LSB: Start/stop sysstat's sadc.
[[0;32m  OK  [0m] Stopped LXD - container startup/shutdown.
         Stopping vboxadd.service...
[[0;32m  OK  [0m] Removed slice User Slice of vagrant.
         Stopping Login Service...
[[0;32m  OK  [0m] Removed slice system-serial\x2dgetty.slice.
[[0;32m  OK  [0m] Removed slice system-getty.slice.
         Stopping Permit User Sessions...
[[0;32m  OK  [0m] Stopped /etc/rc.local Compatibility.
[[0;32m  OK  [0m] Stopped Permit User Sessions.
[[0;32m  OK  [0m] Stopped target Remote File Systems.
[[0;32m  OK  [0m] Stopped target Remote File Systems (Pre).
         Stopping Login to default iSCSI targets...
[[0;32m  OK  [0m] Stopped User Manager for UID 1000.
[[0;32m  OK  [0m] Stopped PostgreSQL Cluster 9.5-main.
[[0;32m  OK  [0m] Unmounted /ProgrammingFinalAssignment.
[[0;32m  OK  [0m] Removed slice system-postgresql.slice.
[[0;32m  OK  [0m] Stopped Login to default iSCSI targets.
         Stopping iSCSI initiator daemon (iscsid)...
[[0;32m  OK  [0m] Unmounted /SEPM-Assignment2020.
[[0;32m  OK  [0m] Stopped iSCSI initiator daemon (iscsid).
[[0;32m  OK  [0m] Stopped target Network is Online.
[[0;32m  OK  [0m] Stopped target Network.
[[0;32m  OK  [0m] Unmounted /PP1-development2.
[[0;32m  OK  [0m] Stopped Login Service.
[[0;32m  OK  [0m] Unmounted /PP1-development.
[[0;32m  OK  [0m] Stopped target User and Group Name Lookups.
[[0;32m  OK  [0m] Unmounted /FinalProject.
[[0;32m  OK  [0m] Unmounted /assignment.
[[0;32m  OK  [0m] Unmounted /vagrant.
[[0;32m  OK  [0m] Unmounted /app.
[[0;32m  OK  [0m] Unmounted /C++.
[[0;32m  OK  [0m] Stopped vboxadd.service.
[[0;32m  OK  [0m] Stopped target Basic System.
[[0;32m  OK  [0m] Stopped target Paths.
[[0;32m  OK  [0m] Stopped Dispatch Password Requests to Console Directory Watch.
[[0;32m  OK  [0m] Stopped ACPI Events Check.
[[0;32m  OK  [0m] Stopped Forward Password Requests to Wall Directory Watch.
[[0;32m  OK  [0m] Stopped target Sockets.
[[0;32m  OK  [0m] Closed LXD - unix socket.
[[0;32m  OK  [0m] Closed UUID daemon activation socket.
[[0;32m  OK  [0m] Closed ACPID Listen Socket.
[[0;32m  OK  [0m] Closed Syslog Socket.
[[0;32m  OK  [0m] Closed D-Bus System Message Bus Socket.
[[0;32m  OK  [0m] Closed Socket activation for snappy daemon.
[[0;32m  OK  [0m] Stopped target Slices.
[[0;32m  OK  [0m] Removed slice User and Session Slice.
[[0;32m  OK  [0m] Stopped target System Initialization.
[[0;32m  OK  [0m] Stopped target Encrypted Volumes.
[[0;32m  OK  [0m] Stopped target Swap.
[[0;32m  OK  [0m] Stopped Initial cloud-init job (metadata service crawler).
         Stopping Raise network interfaces...
[[0;32m  OK  [0m] Stopped Create Volatile Files and Directories.
         Stopping Load/Save Random Seed...
[[0;32m  OK  [0m] Stopped Load/Save Random Seed.
[[0;32m  OK  [0m] Stopped Raise network interfaces.
[[0;32m  OK  [0m] Stopped Apply Kernel Variables.
[[0;32m  OK  [0m] Stopped target Network (Pre).
[[0;32m  OK  [0m] Stopped Initial cloud-init job (pre-networking).
[[0;32m  OK  [0m] Stopped target Local File Systems.
         Unmounting /run/user/1000...
[[0;32m  OK  [0m] Stopped Load Kernel Modules.
[[0;32m  OK  [0m] Unmounted /run/user/1000.
[[0;32m  OK  [0m] Reached target Unmount All Filesystems.
[[0;32m  OK  [0m] Stopped target Local File Systems (Pre).
         Stopping Monitoring of LVM2 mirrors... dmeventd or progress polling...
[[0;32m  OK  [0m] Stopped Create Static Device Nodes in /dev.
[[0;32m  OK  [0m] Stopped Remount Root and Kernel File Systems.
[[0;32m  OK  [0m] Reached target Shutdown.
[ 4067.284538] reboot: Power down
