[    0.000000] Initializing cgroup subsys cpuset
[    0.000000] Initializing cgroup subsys cpu
[    0.000000] Initializing cgroup subsys cpuacct
[    0.000000] Linux version 4.4.0-189-generic (buildd@lgw01-amd64-047) (gcc version 5.4.0 20160609 (Ubuntu 5.4.0-6ubuntu1~16.04.12) ) #219-Ubuntu SMP Tue Aug 11 12:26:50 UTC 2020 (Ubuntu 4.4.0-189.219-generic 4.4.232)
[    0.000000] Command line: BOOT_IMAGE=/boot/vmlinuz-4.4.0-189-generic root=UUID=e8c36fc6-4c06-466e-87c7-f7e1835398e0 ro console=tty1 console=ttyS0
[    0.000000] KERNEL supported cpus:
[    0.000000]   Intel GenuineIntel
[    0.000000]   AMD AuthenticAMD
[    0.000000]   Centaur CentaurHauls
[    0.000000] [Firmware Bug]: TSC doesn't count with P0 frequency!
[    0.000000] x86/fpu: xstate_offset[2]:  576, xstate_sizes[2]:  256
[    0.000000] x86/fpu: Supporting XSAVE feature 0x01: 'x87 floating point registers'
[    0.000000] x86/fpu: Supporting XSAVE feature 0x02: 'SSE registers'
[    0.000000] x86/fpu: Supporting XSAVE feature 0x04: 'AVX registers'
[    0.000000] x86/fpu: Enabled xstate features 0x7, context size is 832 bytes, using 'standard' format.
[    0.000000] e820: BIOS-provided physical RAM map:
[    0.000000] BIOS-e820: [mem 0x0000000000000000-0x000000000009fbff] usable
[    0.000000] BIOS-e820: [mem 0x000000000009fc00-0x000000000009ffff] reserved
[    0.000000] BIOS-e820: [mem 0x00000000000f0000-0x00000000000fffff] reserved
[    0.000000] BIOS-e820: [mem 0x0000000000100000-0x000000003ffeffff] usable
[    0.000000] BIOS-e820: [mem 0x000000003fff0000-0x000000003fffffff] ACPI data
[    0.000000] BIOS-e820: [mem 0x00000000fec00000-0x00000000fec00fff] reserved
[    0.000000] BIOS-e820: [mem 0x00000000fee00000-0x00000000fee00fff] reserved
[    0.000000] BIOS-e820: [mem 0x00000000fffc0000-0x00000000ffffffff] reserved
[    0.000000] NX (Execute Disable) protection: active
[    0.000000] SMBIOS 2.5 present.
[    0.000000] Hypervisor detected: KVM
[    0.000000] Kernel/User page tables isolation: disabled
[    0.000000] e820: last_pfn = 0x3fff0 max_arch_pfn = 0x400000000
[    0.000000] MTRR: Disabled
[    0.000000] x86/PAT: MTRRs disabled, skipping PAT initialization too.
[    0.000000] CPU MTRRs all blank - virtualized system.
[    0.000000] x86/PAT: Configuration [0-7]: WB  WT  UC- UC  WB  WT  UC- UC  
[    0.000000] found SMP MP-table at [mem 0x0009fff0-0x0009ffff] mapped at [ffff88000009fff0]
[    0.000000] Scanning 1 areas for low memory corruption
[    0.000000] RAMDISK: [mem 0x361c6000-0x370dafff]
[    0.000000] ACPI: Early table checksum verification disabled
[    0.000000] ACPI: RSDP 0x00000000000E0000 000024 (v02 VBOX  )
[    0.000000] ACPI: XSDT 0x000000003FFF0030 00003C (v01 VBOX   VBOXXSDT 00000001 ASL  00000061)
[    0.000000] ACPI: FACP 0x000000003FFF00F0 0000F4 (v04 VBOX   VBOXFACP 00000001 ASL  00000061)
[    0.000000] ACPI: DSDT 0x000000003FFF0470 002325 (v02 VBOX   VBOXBIOS 00000002 INTL 20100528)
[    0.000000] ACPI: FACS 0x000000003FFF0200 000040
[    0.000000] ACPI: FACS 0x000000003FFF0200 000040
[    0.000000] ACPI: APIC 0x000000003FFF0240 00005C (v02 VBOX   VBOXAPIC 00000001 ASL  00000061)
[    0.000000] ACPI: SSDT 0x000000003FFF02A0 0001CC (v01 VBOX   VBOXCPUT 00000002 INTL 20100528)
[    0.000000] No NUMA configuration found
[    0.000000] Faking a node at [mem 0x0000000000000000-0x000000003ffeffff]
[    0.000000] NODE_DATA(0) allocated [mem 0x3ffeb000-0x3ffeffff]
[    0.000000] kvm-clock: Using msrs 4b564d01 and 4b564d00
[    0.000000] kvm-clock: cpu 0, msr 0:3ffe3001, primary cpu clock
[    0.000000] kvm-clock: using sched offset of 5248719848 cycles
[    0.000000] clocksource: kvm-clock: mask: 0xffffffffffffffff max_cycles: 0x1cd42e4dffb, max_idle_ns: 881590591483 ns
[    0.000000] Zone ranges:
[    0.000000]   DMA      [mem 0x0000000000001000-0x0000000000ffffff]
[    0.000000]   DMA32    [mem 0x0000000001000000-0x000000003ffeffff]
[    0.000000]   Normal   empty
[    0.000000]   Device   empty
[    0.000000] Movable zone start for each node
[    0.000000] Early memory node ranges
[    0.000000]   node   0: [mem 0x0000000000001000-0x000000000009efff]
[    0.000000]   node   0: [mem 0x0000000000100000-0x000000003ffeffff]
[    0.000000] Initmem setup node 0 [mem 0x0000000000001000-0x000000003ffeffff]
[    0.000000] ACPI: PM-Timer IO Port: 0x4008
[    0.000000] IOAPIC[0]: apic_id 2, version 32, address 0xfec00000, GSI 0-23
[    0.000000] ACPI: INT_SRC_OVR (bus 0 bus_irq 0 global_irq 2 dfl dfl)
[    0.000000] ACPI: INT_SRC_OVR (bus 0 bus_irq 9 global_irq 9 low level)
[    0.000000] Using ACPI (MADT) for SMP configuration information
[    0.000000] smpboot: Allowing 2 CPUs, 0 hotplug CPUs
[    0.000000] PM: Registered nosave memory: [mem 0x00000000-0x00000fff]
[    0.000000] PM: Registered nosave memory: [mem 0x0009f000-0x0009ffff]
[    0.000000] PM: Registered nosave memory: [mem 0x000a0000-0x000effff]
[    0.000000] PM: Registered nosave memory: [mem 0x000f0000-0x000fffff]
[    0.000000] e820: [mem 0x40000000-0xfebfffff] available for PCI devices
[    0.000000] Booting paravirtualized kernel on KVM
[    0.000000] clocksource: refined-jiffies: mask: 0xffffffff max_cycles: 0xffffffff, max_idle_ns: 7645519600211568 ns
[    0.000000] setup_percpu: NR_CPUS:512 nr_cpumask_bits:512 nr_cpu_ids:2 nr_node_ids:1
[    0.000000] PERCPU: Embedded 33 pages/cpu @ffff88003fc00000 s95512 r8192 d31464 u1048576
[    0.000000] Built 1 zonelists in Node order, mobility grouping on.  Total pages: 257912
[    0.000000] Policy zone: DMA32
[    0.000000] Kernel command line: BOOT_IMAGE=/boot/vmlinuz-4.4.0-189-generic root=UUID=e8c36fc6-4c06-466e-87c7-f7e1835398e0 ro console=tty1 console=ttyS0
[    0.000000] PID hash table entries: 4096 (order: 3, 32768 bytes)
[    0.000000] Memory: 997100K/1048120K available (8636K kernel code, 1337K rwdata, 4040K rodata, 1492K init, 1296K bss, 51020K reserved, 0K cma-reserved)
[    0.000000] SLUB: HWalign=64, Order=0-3, MinObjects=0, CPUs=2, Nodes=1
[    0.000000] Hierarchical RCU implementation.
[    0.000000] 	Build-time adjustment of leaf fanout to 64.
[    0.000000] 	RCU restricting CPUs from NR_CPUS=512 to nr_cpu_ids=2.
[    0.000000] RCU: Adjusting geometry for rcu_fanout_leaf=64, nr_cpu_ids=2
[    0.000000] NR_IRQS:33024 nr_irqs:440 16
[    0.000000] Console: colour VGA+ 80x25
[    0.000000] console [tty1] enabled
[    0.000000] console [ttyS0] enabled
[    0.000000] tsc: Detected 2096.050 MHz processor
[    0.499936] Calibrating delay loop (skipped) preset value.. 4192.10 BogoMIPS (lpj=8384200)
[    0.503677] pid_max: default: 32768 minimum: 301
[    0.505657] ACPI: Core revision 20150930
[    0.509867] ACPI: 2 ACPI AML tables successfully acquired and loaded
[    0.512948] Security Framework initialized
[    0.514788] Yama: becoming mindful.
[    0.516507] AppArmor: AppArmor initialized
[    0.518437] Dentry cache hash table entries: 131072 (order: 8, 1048576 bytes)
[    0.521592] Inode-cache hash table entries: 65536 (order: 7, 524288 bytes)
[    0.541635] Mount-cache hash table entries: 2048 (order: 2, 16384 bytes)
[    0.544844] Mountpoint-cache hash table entries: 2048 (order: 2, 16384 bytes)
[    0.547782] Initializing cgroup subsys io
[    0.550442] Initializing cgroup subsys memory
[    0.552702] Initializing cgroup subsys devices
[    0.554630] Initializing cgroup subsys freezer
[    0.556595] Initializing cgroup subsys net_cls
[    0.558574] Initializing cgroup subsys perf_event
[    0.560590] Initializing cgroup subsys net_prio
[    0.562619] Initializing cgroup subsys hugetlb
[    0.564846] Initializing cgroup subsys pids
[    0.676619] mce: CPU supports 0 MCE banks
[    0.678537] Last level iTLB entries: 4KB 1024, 2MB 1024, 4MB 512
[    0.680886] Last level dTLB entries: 4KB 1536, 2MB 1536, 4MB 768, 1GB 0
[    0.683490] Spectre V1 : Mitigation: usercopy/swapgs barriers and __user pointer sanitization
[    0.687060] Spectre V2 : Spectre mitigation: LFENCE not serializing, switching to generic retpoline
[    0.690927] Spectre V2 : Mitigation: Full generic retpoline
[    0.693214] Spectre V2 : Spectre v2 / SpectreRSB mitigation: Filling RSB on context switch
[    0.696739] Speculative Store Bypass: Mitigation: Speculative Store Bypass disabled via prctl and seccomp
[    0.706584] Freeing SMP alternatives memory: 36K
[    0.723143] ftrace: allocating 32336 entries in 127 pages
[    0.878613] smpboot: APIC(0) Converting physical 0 to logical package 0
[    0.880774] smpboot: Max logical packages: 1
[    0.882861] x2apic enabled
[    0.884437] Switched APIC routing to physical x2apic.
[    0.888837] ..TIMER: vector=0x30 apic1=0 pin1=2 apic2=-1 pin2=-1
[    1.000077] smpboot: CPU0: AMD Ryzen 5 3550H with Radeon Vega Mobile Gfx (family: 0x17, model: 0x18, stepping: 0x1)
[    1.004130] Performance Events: Broken PMU hardware detected, using software events only.
[    1.007129] Failed to access perfctr msr (MSR c0010007 is 0)
[    1.022439] KVM setup paravirtual spinlock
[    1.027209] x86: Booting SMP configuration:
[    1.028897] .... node  #0, CPUs:      #1
[    1.031137] kvm-clock: cpu 1, msr 0:3ffe3041, secondary cpu clock
[    1.144035] mce: CPU supports 0 MCE banks
[    1.147746] x86: Booted up 1 node, 2 CPUs
[    1.150798] smpboot: Total of 2 processors activated (8384.20 BogoMIPS)
[    1.155281] devtmpfs: initialized
[    1.162656] evm: security.selinux
[    1.164911] evm: security.SMACK64
[    1.167432] evm: security.SMACK64EXEC
[    1.170130] evm: security.SMACK64TRANSMUTE
[    1.173519] evm: security.SMACK64MMAP
[    1.174885] evm: security.ima
[    1.176024] evm: security.capability
[    1.177818] clocksource: jiffies: mask: 0xffffffff max_cycles: 0xffffffff, max_idle_ns: 7645041785100000 ns
[    1.181099] futex hash table entries: 512 (order: 3, 32768 bytes)
[    1.183996] pinctrl core: initialized pinctrl subsystem
[    1.186458] RTC time:  2:36:13, date: 09/25/20
[    1.204847] NET: Registered protocol family 16
[    1.216450] cpuidle: using governor ladder
[    1.228037] cpuidle: using governor menu
[    1.230366] PCCT header not found.
[    1.233910] ACPI: bus type PCI registered
[    1.236135] acpiphp: ACPI Hot Plug PCI Controller Driver version: 0.5
[    1.239558] PCI: Using configuration type 1 for base access
[    1.242360] PCI: Using configuration type 1 for extended access
[    1.257775] ACPI: Added _OSI(Module Device)
[    1.260236] ACPI: Added _OSI(Processor Device)
[    1.262769] ACPI: Added _OSI(3.0 _SCP Extensions)
[    1.265577] ACPI: Added _OSI(Processor Aggregator Device)
[    1.269841] ACPI: Executed 1 blocks of module-level executable AML code
[    1.291668] ACPI: Interpreter enabled
[    1.293566] ACPI: (supports S0 S5)
[    1.295266] ACPI: Using IOAPIC for interrupt routing
[    1.297804] PCI: Using host bridge windows from ACPI; if necessary, use "pci=nocrs" and report a bug
[    1.309849] ACPI: PCI Root Bridge [PCI0] (domain 0000 [bus 00-ff])
[    1.312460] acpi PNP0A03:00: _OSC: OS supports [ExtendedConfig ASPM ClockPM Segments MSI]
[    1.317744] acpi PNP0A03:00: _OSC: platform does not support [PCIeCapability]
[    1.321476] acpi PNP0A03:00: _OSC: not requesting control; platform does not support [PCIeCapability]
[    1.325695] acpi PNP0A03:00: _OSC: OS requested [PCIeHotplug PME AER PCIeCapability]
[    1.329226] acpi PNP0A03:00: _OSC: platform willing to grant [PCIeHotplug PME AER]
[    1.332773] acpi PNP0A03:00: _OSC failed (AE_SUPPORT); disabling ASPM
[    1.336057] PCI host bridge to bus 0000:00
[    1.337930] pci_bus 0000:00: root bus resource [io  0x0000-0x0cf7 window]
[    1.361348] pci_bus 0000:00: root bus resource [io  0x0d00-0xffff window]
[    1.364122] pci_bus 0000:00: root bus resource [mem 0x000a0000-0x000bffff window]
[    1.367496] pci_bus 0000:00: root bus resource [mem 0x40000000-0xfdffffff window]
[    1.370931] pci_bus 0000:00: root bus resource [bus 00-ff]
[    1.377755] pci 0000:00:01.1: legacy IDE quirk: reg 0x10: [io  0x01f0-0x01f7]
[    1.380710] pci 0000:00:01.1: legacy IDE quirk: reg 0x14: [io  0x03f6]
[    1.383471] pci 0000:00:01.1: legacy IDE quirk: reg 0x18: [io  0x0170-0x0177]
[    1.386262] pci 0000:00:01.1: legacy IDE quirk: reg 0x1c: [io  0x0376]
[    1.429944] pci 0000:00:07.0: quirk: [io  0x4000-0x403f] claimed by PIIX4 ACPI
[    1.434702] pci 0000:00:07.0: quirk: [io  0x4100-0x410f] claimed by PIIX4 SMB
[    1.469773] ACPI: PCI Interrupt Link [LNKA] (IRQs 5 9 10 *11)
[    1.473971] ACPI: PCI Interrupt Link [LNKB] (IRQs 5 9 *10 11)
[    1.477419] ACPI: PCI Interrupt Link [LNKC] (IRQs 5 *9 10 11)
[    1.481155] ACPI: PCI Interrupt Link [LNKD] (IRQs 5 9 10 *11)
[    1.485160] ACPI: Enabled 2 GPEs in block 00 to 07
[    1.488041] vgaarb: setting as boot device: PCI:0000:00:02.0
[    1.490510] vgaarb: device added: PCI:0000:00:02.0,decodes=io+mem,owns=io+mem,locks=none
[    1.493969] vgaarb: loaded
[    1.495346] vgaarb: bridge control possible 0000:00:02.0
[    1.498086] SCSI subsystem initialized
[    1.500090] ACPI: bus type USB registered
[    1.501939] usbcore: registered new interface driver usbfs
[    1.504240] usbcore: registered new interface driver hub
[    1.506538] usbcore: registered new device driver usb
[    1.509180] PCI: Using ACPI for IRQ routing
[    1.511929] NetLabel: Initializing
[    1.513679] NetLabel:  domain hash size = 128
[    1.515828] NetLabel:  protocols = UNLABELED CIPSOv4
[    1.518554] NetLabel:  unlabeled traffic allowed by default
[    1.522298] amd_nb: Cannot enumerate AMD northbridges
[    1.525348] clocksource: Switched to clocksource kvm-clock
[    1.574500] AppArmor: AppArmor Filesystem Enabled
[    1.576920] pnp: PnP ACPI init
[    1.580972] pnp: PnP ACPI: found 3 devices
[    1.616754] clocksource: acpi_pm: mask: 0xffffff max_cycles: 0xffffff, max_idle_ns: 2085701024 ns
[    1.623277] NET: Registered protocol family 2
[    1.627122] TCP established hash table entries: 8192 (order: 4, 65536 bytes)
[    1.634080] TCP bind hash table entries: 8192 (order: 5, 131072 bytes)
[    1.637965] TCP: Hash tables configured (established 8192 bind 8192)
[    1.662111] UDP hash table entries: 512 (order: 2, 16384 bytes)
[    1.667443] UDP-Lite hash table entries: 512 (order: 2, 16384 bytes)
[    1.672506] NET: Registered protocol family 1
[    1.675690] pci 0000:00:00.0: Limiting direct PCI/PCI transfers
[    1.678985] pci 0000:00:01.0: Activating ISA DMA hang workarounds
[    1.681912] Unpacking initramfs...
[    2.668673] Freeing initrd memory: 15444K
[    2.672083] clocksource: tsc: mask: 0xffffffffffffffff max_cycles: 0x1e369d297b6, max_idle_ns: 440795275709 ns
[    2.678851] platform rtc_cmos: registered platform RTC device (no PNP device found)
[    2.683766] Scanning for low memory corruption every 60 seconds
[    2.688040] audit: initializing netlink subsys (disabled)
[    2.691261] audit: type=2000 audit(1601001381.435:1): initialized
[    2.694666] Initialise system trusted keyring
[    2.697046] HugeTLB registered 2 MB page size, pre-allocated 0 pages
[    2.702012] zbud: loaded
[    2.704676] VFS: Disk quotas dquot_6.6.0
[    2.707176] VFS: Dquot-cache hash table entries: 512 (order 0, 4096 bytes)
[    2.711310] squashfs: version 4.0 (2009/01/31) Phillip Lougher
[    2.715156] fuse init (API version 7.23)
[    2.718822] Key type big_key registered
[    2.720833] Allocating IMA MOK and blacklist keyrings.
[    2.726469] Key type asymmetric registered
[    2.728765] Asymmetric key parser 'x509' registered
[    2.731126] Block layer SCSI generic (bsg) driver version 0.4 loaded (major 249)
[    2.734931] io scheduler noop registered
[    2.737221] io scheduler deadline registered (default)
[    2.739940] io scheduler cfq registered
[    2.741977] pci_hotplug: PCI Hot Plug PCI Core version: 0.5
[    2.744516] pciehp: PCI Express Hot Plug Controller Driver version: 0.4
[    2.747618] ACPI: AC Adapter [AC] (off-line)
[    2.750528] input: Power Button as /devices/LNXSYSTM:00/LNXPWRBN:00/input/input0
[    2.754799] ACPI: Power Button [PWRF]
[    2.757134] input: Sleep Button as /devices/LNXSYSTM:00/LNXSLPBN:00/input/input1
[    2.761055] ACPI: Sleep Button [SLPF]
[    2.763512] GHES: HEST is not enabled!
[    2.765292] ACPI: Battery Slot [BAT0] (battery present)
[    2.768972] Serial: 8250/16550 driver, 32 ports, IRQ sharing enabled
[    2.794664] 00:02: ttyS0 at I/O 0x3f8 (irq = 4, base_baud = 115200) is a 16550A
[    2.807437] Linux agpgart interface v0.103
[    2.818788] loop: module loaded
[    2.824113] scsi host0: ata_piix
[    2.826657] scsi host1: ata_piix
[    2.829333] ata1: PATA max UDMA/33 cmd 0x1f0 ctl 0x3f6 bmdma 0xd000 irq 14
[    2.833309] ata2: PATA max UDMA/33 cmd 0x170 ctl 0x376 bmdma 0xd008 irq 15
[    2.837181] libphy: Fixed MDIO Bus: probed
[    2.839727] tun: Universal TUN/TAP device driver, 1.6
[    2.842776] tun: (C) 1999-2004 Max Krasnyansky <maxk@qualcomm.com>
[    2.846654] PPP generic driver version 2.4.2
[    2.852347] ehci_hcd: USB 2.0 'Enhanced' Host Controller (EHCI) Driver
[    2.856381] ehci-pci: EHCI PCI platform driver
[    2.859178] ehci-platform: EHCI generic platform driver
[    2.862387] ohci_hcd: USB 1.1 'Open' Host Controller (OHCI) Driver
[    2.866001] ohci-pci: OHCI PCI platform driver
[    2.869244] ohci-platform: OHCI generic platform driver
[    2.872193] uhci_hcd: USB Universal Host Controller Interface driver
[    2.875386] i8042: PNP: PS/2 Controller [PNP0303:PS2K,PNP0f03:PS2M] at 0x60,0x64 irq 1,12
[    2.881675] serio: i8042 KBD port at 0x60,0x64 irq 1
[    2.884632] serio: i8042 AUX port at 0x60,0x64 irq 12
[    2.888121] mousedev: PS/2 mouse device common for all mice
[    2.892718] input: AT Translated Set 2 keyboard as /devices/platform/i8042/serio0/input/input2
[    2.898042] rtc_cmos rtc_cmos: rtc core: registered rtc_cmos as rtc0
[    2.901871] rtc_cmos rtc_cmos: alarms up to one day, 114 bytes nvram
[    2.905185] i2c /dev entries driver
[    2.907572] device-mapper: uevent: version 1.0.3
[    2.910962] device-mapper: ioctl: 4.34.0-ioctl (2015-10-28) initialised: dm-devel@redhat.com
[    2.915790] ledtrig-cpu: registered to indicate activity on CPUs
[    2.920406] NET: Registered protocol family 10
[    2.923697] NET: Registered protocol family 17
[    2.926084] Key type dns_resolver registered
[    2.930818] registered taskstats version 1
[    2.933741] Loading compiled-in X.509 certificates
[    2.937861] Loaded X.509 cert 'Build time autogenerated kernel key: 06f0812676e66a24038557b34a5a5205bffb6390'
[    2.946873] zswap: loaded using pool lzo/zbud
[    2.957231] Key type trusted registered
[    2.969570] Key type encrypted registered
[    2.971657] AppArmor: AppArmor sha1 policy hashing enabled
[    2.974490] ima: No TPM chip found, activating TPM-bypass!
[    2.977150] ima: Allocated hash algorithm: sha1
[    2.979664] evm: HMAC attrs: 0x1
[    2.982815]   Magic number: 4:687:612
[    2.984859] tty tty: hash matches
[    2.986833] rtc_cmos rtc_cmos: setting system clock to 2020-09-25 02:36:15 UTC (1601001375)
[    3.002265] BIOS EDD facility v0.16 2004-Jun-25, 0 devices found
[    3.004946] EDD information not available.
[    3.024763] Freeing unused kernel memory: 1492K
[    3.037653] Write protecting the kernel read-only data: 14336k
[    3.041421] Freeing unused kernel memory: 1592K
[    3.043932] Freeing unused kernel memory: 56K
Loading, please wait...
starting version 229
[    3.079186] random: systemd-udevd: uninitialized urandom read (16 bytes read, 5 bits of entropy available)
[    3.080269] random: udevadm: uninitialized urandom read (16 bytes read, 5 bits of entropy available)
[    3.080378] random: udevadm: uninitialized urandom read (16 bytes read, 5 bits of entropy available)
[    3.093971] random: systemd-udevd: uninitialized urandom read (16 bytes read, 5 bits of entropy available)
[    3.099473] random: systemd-udevd: uninitialized urandom read (16 bytes read, 5 bits of entropy available)
[    3.105024] random: systemd-udevd: uninitialized urandom read (16 bytes read, 5 bits of entropy available)
[    3.108900] random: udevadm: uninitialized urandom read (16 bytes read, 5 bits of entropy available)
[    3.109154] random: udevadm: uninitialized urandom read (16 bytes read, 5 bits of entropy available)
[    3.109613] random: udevadm: uninitialized urandom read (16 bytes read, 5 bits of entropy available)
[    3.109841] random: udevadm: uninitialized urandom read (16 bytes read, 5 bits of entropy available)
[    3.297279] Fusion MPT base driver 3.04.20
[    3.299347] Copyright (c) 1999-2008 LSI Corporation
[    3.303109] e1000: Intel(R) PRO/1000 Network Driver - version 7.3.21-k8-NAPI
[    3.306067] e1000: Copyright (c) 1999-2006 Intel Corporation.
[    3.354992] Fusion MPT SPI Host driver 3.04.20
[    3.406402] AVX2 version of gcm_enc/dec engaged.
[    3.408527] AES CTR mode by8 optimization enabled
[    3.549701] input: ImExPS/2 Generic Explorer Mouse as /devices/platform/i8042/serio1/input/input4
[    4.679369] e1000 0000:00:03.0 eth0: (PCI:33MHz:32-bit) 02:38:f8:91:fa:5a
[    4.682021] e1000 0000:00:03.0 eth0: Intel(R) PRO/1000 Network Connection
[    5.139756] e1000 0000:00:08.0 eth1: (PCI:33MHz:32-bit) 08:00:27:82:55:18
[    5.142538] e1000 0000:00:08.0 eth1: Intel(R) PRO/1000 Network Connection
[    5.149225] e1000 0000:00:03.0 enp0s3: renamed from eth0
[    5.152157] mptbase: ioc0: Initiating bringup
[    5.162831] e1000 0000:00:08.0 enp0s8: renamed from eth1
[    6.272113] ioc0: LSI53C1030 A0: Capabilities={Initiator}
[    7.214743] scsi host2: ioc0: LSI53C1030 A0, FwRev=00000000h, Ports=1, MaxQ=256, IRQ=20
[    7.330724] scsi 2:0:0:0: Direct-Access     VBOX     HARDDISK         1.0  PQ: 0 ANSI: 5
[    7.335373] scsi target2:0:0: Beginning Domain Validation
[    7.342203] scsi target2:0:0: Domain Validation skipping write tests
[    7.345683] scsi target2:0:0: Ending Domain Validation
[    7.349489] scsi target2:0:0: asynchronous
[    7.353935] scsi 2:0:1:0: Direct-Access     VBOX     HARDDISK         1.0  PQ: 0 ANSI: 5
[    7.357718] scsi target2:0:1: Beginning Domain Validation
[    7.363631] scsi target2:0:1: Domain Validation skipping write tests
[    7.366504] scsi target2:0:1: Ending Domain Validation
[    7.368996] scsi target2:0:1: asynchronous
[    7.382706] sd 2:0:0:0: Attached scsi generic sg0 type 0
[    7.384888] sd 2:0:0:0: [sda] 20971520 512-byte logical blocks: (10.7 GB/10.0 GiB)
[    7.385284] sd 2:0:0:0: [sda] Write Protect is off
[    7.385646] sd 2:0:0:0: [sda] Incomplete mode parameter data
[    7.385651] sd 2:0:0:0: [sda] Assuming drive cache: write through
[    7.393773]  sda: sda1
[    7.396542] sd 2:0:0:0: [sda] Attached SCSI disk
[    7.401839] sd 2:0:1:0: Attached scsi generic sg1 type 0
[    7.402312] sd 2:0:1:0: [sdb] 20480 512-byte logical blocks: (10.5 MB/10.0 MiB)
[    7.403638] sd 2:0:1:0: [sdb] Write Protect is off
[    7.404071] sd 2:0:1:0: [sdb] Incomplete mode parameter data
[    7.404075] sd 2:0:1:0: [sdb] Assuming drive cache: write through
[    7.410503] sd 2:0:1:0: [sdb] Attached SCSI disk
Begin: Loading essential drivers ... [    9.392998] md: linear personality registered for level -1
[    9.403957] md: multipath personality registered for level -4
[    9.415290] md: raid0 personality registered for level 0
[    9.430311] md: raid1 personality registered for level 1
[    9.509484] raid6: sse2x1   gen()  2531 MB/s
[    9.577969] raid6: sse2x1   xor()  2539 MB/s
[    9.645465] raid6: sse2x2   gen()  5599 MB/s
[    9.713888] raid6: sse2x2   xor()  2795 MB/s
[    9.785824] raid6: sse2x4   gen()  5198 MB/s
[    9.853934] raid6: sse2x4   xor()  2105 MB/s
[    9.925006] raid6: avx2x1   gen()  4426 MB/s
[    9.994450] raid6: avx2x2   gen()  6417 MB/s
[   10.061418] raid6: avx2x4   gen()  7369 MB/s
[   10.063635] raid6: using algorithm avx2x4 gen() 7369 MB/s
[   10.066262] raid6: using avx2x2 recovery algorithm
[   10.071035] xor: automatically using best checksumming function:
[   10.113656]    avx       :  4135.000 MB/sec
[   10.119288] async_tx: api initialized (async)
[   10.149723] md: raid6 personality registered for level 6
[   10.154663] md: raid5 personality registered for level 5
[   10.158295] md: raid4 personality registered for level 4
[   10.176948] md: raid10 personality registered for level 10
done.
Begin: Running /scripts/init-premount ... done.
Begin: Mounting root file system ... Begin: Running /scripts/local-top ... done.
Begin: Running /scripts/local-premount ... [   10.260417] Btrfs loaded
Scanning for Btrfs filesystems
done.
Warning: fsck not present, so skipping root file system
[   10.352174] EXT4-fs (sda1): mounted filesystem with ordered data mode. Opts: (null)
done.
Begin: Running /scripts/local-bottom ... done.
Begin: Running /scripts/init-bottom ... done.
[   10.706999] systemd[1]: systemd 229 running in system mode. (+PAM +AUDIT +SELINUX +IMA +APPARMOR +SMACK +SYSVINIT +UTMP +LIBCRYPTSETUP +GCRYPT +GNUTLS +ACL +XZ -LZ4 +SECCOMP +BLKID +ELFUTILS +KMOD -IDN)
[   10.716734] systemd[1]: Detected virtualization oracle.
[   10.720155] systemd[1]: Detected architecture x86-64.

Welcome to [1mUbuntu 16.04.6 LTS[0m!

[   10.729914] systemd[1]: Set hostname to <ubuntu-xenial>.
[   11.071674] systemd[1]: [/etc/systemd/system/snap-heroku-3987.mount:10] Unknown lvalue 'LazyUnmount' in section 'Mount'
[   11.082110] systemd[1]: [/etc/systemd/system/snap-core-9993.mount:10] Unknown lvalue 'LazyUnmount' in section 'Mount'
[   11.130229] systemd[1]: Set up automount Arbitrary Executable File Formats File System Automount Point.
[[0;32m  OK  [0m] Set up automount Arbitrary Executab...ats File System Automount Point.
[   11.136498] systemd[1]: Reached target Swap.
[[0;32m  OK  [0m] Reached target Swap.
[   11.140040] systemd[1]: Listening on Journal Socket.
[[0;32m  OK  [0m] Listening on Journal Socket.
[   11.144764] systemd[1]: Created slice User and Session Slice.
[[0;32m  OK  [0m] Created slice User and Session Slice.
[   11.154457] systemd[1]: Started Trigger resolvconf update for networkd DNS.
[[0;32m  OK  [0m] Started Trigger resolvconf update for networkd DNS.
[   11.159366] systemd[1]: Reached target System Time Synchronized.
[[0;32m  OK  [0m] Reached target System Time Synchronized.
[   11.163914] systemd[1]: Listening on LVM2 metadata daemon socket.
[[0;32m  OK  [0m] Listening on LVM2 metadata daemon socket.
[   11.168629] systemd[1]: Started Forward Password Requests to Wall Directory Watch.
[[0;32m  OK  [0m] Started Forward Password Requests to Wall Directory Watch.
[   11.175611] systemd[1]: Listening on LVM2 poll daemon socket.
[[0;32m  OK  [0m] Listening on LVM2 poll daemon socket.
[   11.179840] systemd[1]: Listening on Device-mapper event daemon FIFOs.
[[0;32m  OK  [0m] Listening on Device-mapper event daemon FIFOs.
[   11.185153] systemd[1]: Listening on Journal Socket (/dev/log).
[[0;32m  OK  [0m] Listening on Journal Socket (/dev/log).
[   11.189036] systemd[1]: Reached target User and Group Name Lookups.
[[0;32m  OK  [0m] Reached target User and Group Name Lookups.
[   11.198590] systemd[1]: Listening on /dev/initctl Compatibility Named Pipe.
[[0;32m  OK  [0m] Listening on /dev/initctl Compatibility Named Pipe.
[   11.203853] systemd[1]: Listening on Syslog Socket.
[[0;32m  OK  [0m] Listening on Syslog Socket.
[   11.208030] systemd[1]: Listening on udev Control Socket.
[[0;32m  OK  [0m] Listening on udev Control Socket.
[   11.218184] systemd[1]: Listening on udev Kernel Socket.
[[0;32m  OK  [0m] Listening on udev Kernel Socket.
[   11.239706] systemd[1]: Reached target Encrypted Volumes.
[[0;32m  OK  [0m] Reached target Encrypted Volumes.
[   11.244452] systemd[1]: Created slice System Slice.
[[0;32m  OK  [0m] Created slice System Slice.
[   11.250142] systemd[1]: Created slice system-postgresql.slice.
[[0;32m  OK  [0m] Created slice system-postgresql.slice.
[   11.281787] systemd[1]: Mounting Debug File System...
         Mounting Debug File System...
[   11.309860] systemd[1]: Mounting Huge Pages File System...
         Mounting Huge Pa[   11.313599] random: nonblocking pool is initialized
ges File System...
[   11.318958] systemd[1]: Starting Monitoring of LVM2 mirrors, snapshots etc. using dmeventd or progress polling...
         Starting Monitoring of LVM2 mirrors... dmeventd or progress polling...
[   11.329169] systemd[1]: Starting Set console keymap...
         Starting Set console keymap...
[   11.337702] systemd[1]: Starting Nameserver information manager...
         Starting Nameserver information manager...
[   11.366983] systemd[1]: Reached target Slices.
[[0;32m  OK  [0m] Reached target Slices.
[   11.379749] systemd[1]: Starting Load Kernel Modules...
         Starting Load Kernel Modules...
[   11.386557] systemd[1]: Starting Uncomplicated firewall...
         Starting Uncomplicated firewall...
[   11.421479] systemd[1]: Starting Remount Root and Kernel File Systems...
         Starting Remount Root and Kernel File Systems...
[   11.430944] systemd[1]: Starting Create list of required static device nodes for the current kernel...
         Starting Create list of required st... nodes for the current kernel...
[   11.443496] systemd[1]: Mounting POSIX Message Queue File System...
         Mounting POSIX Message Queue File System...
[   11.449732] EXT4-fs (sda1): re-mounted. Opts: (null)
[   11.454043] systemd[1]: Created slice system-serial\x2dgetty.slice.
[[0;32m  OK  [0m] Created slice system-serial\x2dgetty.slice.
[   11.458839] Loading iSCSI transport class v2.0-870.
[   11.461304] systemd[1]: Listening on Journal Audit Socket.
[[0;32m  OK  [0m] Listening on Journal Audit Socket.
[   11.478602] systemd[1]: Starting Journal Service...
         Starting Journal Service...
[   11.484813] iscsi: registered transport (tcp)
[   11.493413] systemd[1]: Mounted Debug File System.
[[0;32m  OK  [0m] Mounted Debug File System.
[   11.498028] systemd[1]: Mounted Huge Pages File System.
[[0;32m  OK  [0m] Mounted Huge Pages File System.
[   11.504160] systemd[1]: Mounted POSIX Message Queue File System.
[[0;32m  OK  [0m] Mounted POSIX Message Queue File System.
[   11.516866] systemd[1]: Started Uncomplicated firewall.
[[0;32m  OK  [0m] Started Uncomplicated firewall.
[   11.532221] systemd[1]: Started Remount Root and Kernel File Systems.
[[0;32m  OK  [0m] Started Remount Root and Kernel File Systems.
[   11.539669] systemd[1]: Started Create list of required static device nodes for the current kernel.
[[0;32m  OK  [0m] Started Create list of required sta...ce nodes for the current kernel.
[   11.549832] systemd[1]: Started Set console keymap.
[[0;32m  OK  [0m] Started Set console keymap.
[   11.574585] systemd[1]: Started Nameserver information manager.
[[0;32m  OK  [0m] Started Nameserver information manager.
[   11.620104] systemd[1]: Started LVM2 metadata daemon.
[[0;32m  OK  [0m] Started LVM2 metadata daemon.
[   11.634746] systemd[1]: Starting Create Static Device Nodes in /dev...
         Starting Create Static Device Nodes in /dev...
[   11.666336] systemd[1]: Starting udev Coldplug all Devices...
         Starting udev Coldplug all Devices...
[   11.677830] systemd[1]: Starting Load/Save Random Seed...
         Starting Load/Save Random Seed...
[   11.738591] systemd[1]: Started Journal Service.
[[0;32m  OK  [0m] Started Journal Service.
[   11.761491] iscsi: registered transport (iser)
         Starting Flush Journal to Persistent Storage...
[[0;32m  OK  [0m] Started Load Kernel Modules.
[[0;32m  OK  [0m] Started Create Static Device Nodes in /dev.
[[0;32m  OK  [0m] Started Load/Save Random Seed.
         Starting udev Kernel Device Manager...
         Mounting FUSE Control File System...
         Starting Apply Kernel Variables...
[[0;32m  OK  [0m] Mounted FUSE Control File System.
[   11.814215] systemd-journald[409]: Received request to flush runtime journal from PID 1
[[0;32m  OK  [0m] Started Apply Kernel Variables.
[[0;32m  OK  [0m] Started Flush Journal to Persistent Storage.
[[0;32m  OK  [0m] Started udev Coldplug all Devices.
[[0;32m  OK  [0m] Started udev Kernel Device Manager.
[[0;32m  OK  [0m] Started Dispatch Password Requests to Console Directory Watch.
[[0;32m  OK  [0m] Started Monitoring of LVM2 mirrors,...ng dmeventd or progress polling.
[[0;32m  OK  [0m] Reached target Local File Systems (Pre).
         Mounting Mount unit for core, revision 9993...
[[0;32m  OK  [0m] Reached target Local File Systems.
         Starting Initial cloud-init job (pre-networking)...
         Starting Create Volatile Files and Directories...
         Starting Set console font and keymap...
         Starting LSB: AppArmor initialization...
         Starting Tell Plymouth To Write Out Runtime Data...
         Mounting Mount unit for heroku, revision 3987...
[[0;32m  OK  [0m] Mounted Mount unit for core, revision 9993.
[[0;32m  OK  [0m] Mounted Mount unit for heroku, revision 3987.
[[0;32m  OK  [0m] Started Create Volatile Files and Directories.
[[0;32m  OK  [0m] Started Tell Plymouth To Write Out Runtime Data.
         Starting Update UTMP about System Boot/Shutdown...
[[0;32m  OK  [0m] Started Update UTMP about System Boot/Shutdown.
[[0;32m  OK  [0m] Started LSB: AppArmor initialization.
         Starting Load AppArmor profiles managed internally by snapd...
[[0;32m  OK  [0m] Started Load AppArmor profiles managed internally by snapd.
[[0;32m  OK  [0m] Found device /dev/ttyS0.
[[0;32m  OK  [0m] Started Set console font and keymap.
[[0;32m  OK  [0m] Created slice system-getty.slice.
[[0;32m  OK  [0m] Listening on Load/Save RF Kill Switch Status /dev/rfkill Watch.
[[0;32m  OK  [0m] Found device 82540EM Gigabit Ethern...r (PRO/1000 MT Desktop Adapter).
[[0;32m  OK  [0m] Found device 82540EM Gigabit Ethern...r (PRO/1000 MT Desktop Adapter).
[   15.877315] cloud-init[501]: Cloud-init v. 19.4-33-gbb4131a2-0ubuntu1~16.04.1 running 'init-local' at Fri, 25 Sep 2020 02:36:28 +0000. Up 15.02 seconds.
[[0;32m  OK  [0m] Started Initial cloud-init job (pre-networking).
[[0;32m  OK  [0m] Reached target Network (Pre).
         Starting Raise network interfaces...
[[0;32m  OK  [0m] Started ifup for enp0s8.
[[0;32m  OK  [0m] Started ifup for enp0s3.
[[0;32m  OK  [0m] Started Raise network interfaces.
[[0;32m  OK  [0m] Reached target Network.
         Starting Initial cloud-init job (metadata service crawler)...
[   18.380313] cloud-init[1144]: Cloud-init v. 19.4-33-gbb4131a2-0ubuntu1~16.04.1 running 'init' at Fri, 25 Sep 2020 02:36:30 +0000. Up 17.84 seconds.
[   18.384581] cloud-init[1144]: ci-info: ++++++++++++++++++++++++++++++++++++++Net device info+++++++++++++++++++++++++++++++++++++++
[   18.387272] cloud-init[1144]: ci-info: +--------+------+-----------------------------+---------------+--------+-------------------+
[   18.389241] cloud-init[1144]: ci-info: | Device |  Up  |           Address           |      Mask     | Scope  |     Hw-Address    |
[   18.392975] cloud-init[1144]: ci-info: +--------+------+-----------------------------+---------------+--------+-------------------+
[   18.395352] cloud-init[1144]: ci-info: | enp0s3 | True |          10.0.2.15          | 255.255.255.0 | global | 02:38:f8:91:fa:5a |
[   18.397390] cloud-init[1144]: ci-info: | enp0s3 | True |  fe80::38:f8ff:fe91:fa5a/64 |       .       |  link  | 02:38:f8:91:fa:5a |
[   18.399381] cloud-init[1144]: ci-info: | enp0s8 | True |        192.168.33.10        | 255.255.255.0 | global | 08:00:27:82:55:18 |
[   18.401764] cloud-init[1144]: ci-info: | enp0s8 | True | fe80::a00:27ff:fe82:5518/64 |       .       |  link  | 08:00:27:82:55:18 |
[   18.404051] cloud-init[1144]: ci-info: |   lo   | True |          127.0.0.1          |   255.0.0.0   |  host  |         .         |
[   18.406040] cloud-init[1144]: ci-info: |   lo   | True |           ::1/128           |       .       |  host  |         .         |
[   18.407858] cloud-init[1144]: ci-info: +--------+------+-----------------------------+---------------+--------+-------------------+
[   18.410597] cloud-init[1144]: ci-info: ++++++++++++++++++++++++++++Route IPv4 info++++++++++++++++++++++++++++
[   18.412869] cloud-init[1144]: ci-info: +-------+--------------+----------+---------------+-----------+-------+
[   18.414455] cloud-init[1144]: ci-info: | Route | Destination  | Gateway  |    Genmask    | Interface | Flags |
[   18.416414] cloud-init[1144]: ci-info: +-------+--------------+----------+---------------+-----------+-------+
[   18.418481] cloud-init[1144]: ci-info: |   0   |   0.0.0.0    | 10.0.2.2 |    0.0.0.0    |   enp0s3  |   UG  |
[   18.420503] cloud-init[1144]: ci-info: |   1   |   10.0.2.0   | 0.0.0.0  | 255.255.255.0 |   enp0s3  |   U   |
[   18.422402] cloud-init[1144]: ci-info: |   2   | 192.168.33.0 | 0.0.0.0  | 255.255.255.0 |   enp0s8  |   U   |
[   18.423958] cloud-init[1144]: ci-info: +-------+--------------+----------+---------------+-----------+-------+
[   18.426253] cloud-init[1144]: ci-info: +++++++++++++++++++Route IPv6 info+++++++++++++++++++
[   18.428026] cloud-init[1144]: ci-info: +-------+-------------+---------+-----------+-------+
[   18.429645] cloud-init[1144]: ci-info: | Route | Destination | Gateway | Interface | Flags |
[   18.431572] cloud-init[1144]: ci-info: +-------+-------------+---------+-----------+-------+
[   18.436290] cloud-init[1144]: ci-info: |   0   |  fe80::/64  |    ::   |   enp0s8  |   U   |
[   18.437904] cloud-init[1144]: ci-info: |   1   |  fe80::/64  |    ::   |   enp0s3  |   U   |
[   18.439235] cloud-init[1144]: ci-info: |   5   |   ff00::/8  |    ::   |   enp0s8  |   U   |
[   18.445360] cloud-init[1144]: ci-info: |   6   |   ff00::/8  |    ::   |   enp0s3  |   U   |
[   18.452797] cloud-init[1144]: ci-info: +-------+-------------+---------+-----------+-------+
[[0;32m  OK  [0m] Started Initial cloud-init job (metadata service crawler).
[[0;32m  OK  [0m] Reached target System Initialization.
[[0;32m  OK  [0m] Listening on ACPID Listen Socket.
[[0;32m  OK  [0m] Started Message of the Day.
[[0;32m  OK  [0m] Listening on D-Bus System Message Bus Socket.
[[0;32m  OK  [0m] Started ACPI Events Check.
[[0;32m  OK  [0m] Reached target Paths.
         Starting Socket activation for snappy daemon.
[[0;32m  OK  [0m] Listening on UUID daemon activation socket.
[[0;32m  OK  [0m] Started Daily Cleanup of Temporary Directories.
         Starting LXD - unix socket.
[[0;32m  OK  [0m] Started Daily apt download activities.
[[0;32m  OK  [0m] Started Daily apt upgrade and clean activities.
[[0;32m  OK  [0m] Reached target Timers.
[[0;32m  OK  [0m] Reached target Cloud-config availability.
[[0;32m  OK  [0m] Reached target Network is Online.
         Starting iSCSI initiator daemon (iscsid)...
[[0;32m  OK  [0m] Listening on Socket activation for snappy daemon.
[[0;32m  OK  [0m] Listening on LXD - unix socket.
[[0;32m  OK  [0m] Reached target Sockets.
[[0;32m  OK  [0m] Reached target Basic System.
         Starting LSB: Record successful boot for GRUB...
[[0;32m  OK  [0m] Started FUSE filesystem for LXC.
         Starting LXD - container startup/shutdown...
         Starting PostgreSQL Cluster 9.5-main...
[[0;32m  OK  [0m] Started D-Bus System Message Bus.
         Starting System Logging Service...
         Starting Message of the Day...
         Starting LSB: MD monitoring daemon...
         Starting vboxadd.service...
[[0;32m  OK  [0m] Started Deferred execution scheduler.
         Starting Login Service...
         Starting Accounts Service...
         Starting /etc/rc.local Compatibility...
         Starting OpenBSD Secure Shell server...
[[0;32m  OK  [0m] Started Regular background program processing daemon.
[[0;32m  OK  [0m] Started ACPI event daemon.
         Starting Snap Daemon...
[[0;32m  OK  [0m] Started iSCSI initiator daemon (iscsid).
[[0;32m  OK  [0m] Started /etc/rc.local Compatibility.
         Starting Login to default iSCSI targets...
[[0;32m  OK  [0m] Started Login Service.
[[0;32m  OK  [0m] Started System Logging Service.
[[0;32m  OK  [0m] Started Unattended Upgrades Shutdown.
[[0;32m  OK  [0m] Started LSB: MD monitoring daemon.
[[0;32m  OK  [0m] Started Login to default iSCSI targets.
[[0;32m  OK  [0m] Reached target Remote File Systems (Pre).
[[0;32m  OK  [0m] Reached target Remote File Systems.
         Starting LSB: automatic crash report generation...
         Starting LSB: Start/stop sysstat's sadc...
         Starting LSB: daemon to balance interrupts for SMP systems...
         Starting LSB: Set the CPU Frequency Scaling governor to "ondemand"...
         Starting Permit User Sessions...
[[0;32m  OK  [0m] Started LSB: Record successful boot for GRUB.
[[0;32m  OK  [0m] Started LXD - container startup/shutdown.
[[0;32m  OK  [0m] Started Permit User Sessions.
[[0;32m  OK  [0m] Started OpenBSD Secure Shell server.
         Starting Authenticate and Authorize Users to Run Privileged Tasks...
         Starting Hold until boot process finishes up...
         Starting Terminate Plymouth Boot Screen...
[[0;32m  OK  [0m] Started LSB: Start/stop sysstat's sadc.
[[0;32m  OK  [0m] Started LSB: Set the CPU Frequency Scaling governor to "ondemand".
[[0;32m  OK  [0m] Started Hold until boot process finishes up.
[[0;32m  OK  [0m] Started Terminate Plymouth Boot Screen.
         Starting Set console scheme...
[[0;32m  OK  [0m] Started Getty on tty1.
[[0;32m  OK  [0m] Started Serial Getty on ttyS0.
[[0;32m  OK  [0m] Reached target Login Prompts.
[[0;32m  OK  [0m] Started LSB: automatic crash report generation.
[[0;32m  OK  [0m] Started LSB: daemon to balance interrupts for SMP systems.
[[0;32m  OK  [0m] Started Set console scheme.
[[0;32m  OK  [0m] Started Authenticate and Authorize Users to Run Privileged Tasks.
[[0;32m  OK  [0m] Started Accounts Service.
[[0;32m  OK  [0m] Created slice User Slice of vagrant.
         Starting User Manager for UID 1000...
[[0;32m  OK  [0m] Started Session 1 of user vagrant.
[[0;32m  OK  [0m] Started User Manager for UID 1000.
[[0;32m  OK  [0m] Started PostgreSQL Cluster 9.5-main.
         Starting PostgreSQL RDBMS...
[[0;32m  OK  [0m] Started PostgreSQL RDBMS.
[[0;32m  OK  [0m] Started Snap Daemon.
         Starting Wait until snapd is fully seeded...
[[0;32m  OK  [0m] Started Wait until snapd is fully seeded.
         Starting Apply the settings specified in cloud-config...
[[0;32m  OK  [0m] Started vboxadd.service.
         Starting vboxadd-service.service...
[[0;32m  OK  [0m] Started vboxadd-service.service.
[[0;32m  OK  [0m] Reached target Multi-User System.
[[0;32m  OK  [0m] Reached target Graphical Interface.
         Starting Update UTMP about System Runlevel Changes...
[[0;32m  OK  [0m] Started Update UTMP about System Runlevel Changes.
[   25.074150] cloud-init[1601]: Cloud-init v. 19.4-33-gbb4131a2-0ubuntu1~16.04.1 running 'modules:config' at Fri, 25 Sep 2020 02:36:37 +0000. Up 24.86 seconds.

Ubuntu 16.04.6 LTS ubuntu-xenial ttyS0

ubuntu-xenial login: [   26.359775] cloud-init[1742]: Cloud-init v. 19.4-33-gbb4131a2-0ubuntu1~16.04.1 running 'modules:final' at Fri, 25 Sep 2020 02:36:39 +0000. Up 26.10 seconds.
[   26.362931] cloud-init[1742]: Cloud-init v. 19.4-33-gbb4131a2-0ubuntu1~16.04.1 finished at Fri, 25 Sep 2020 02:36:39 +0000. Datasource DataSourceNoCloud [seed=/dev/sdb][dsmode=net].  Up 26.34 seconds
